[0.072s] Invoking command in '/home/isc/tk2_ws/build/tf2_transforms': CMAKE_PREFIX_PATH=${CMAKE_PREFIX_PATH}:/opt/ros/jazzy /usr/bin/cmake /home/isc/tk2_ws/src/tf2_transforms -DCMAKE_INSTALL_PREFIX=/home/isc/tk2_ws/install/tf2_transforms
[1.470s] -- The C compiler identification is GNU 13.3.0
[2.341s] -- The CXX compiler identification is GNU 13.3.0
[2.430s] -- Detecting C compiler ABI info
[2.924s] -- Detecting C compiler ABI info - done
[2.959s] -- Check for working C compiler: /usr/bin/cc - skipped
[2.964s] -- Detecting C compile features
[2.966s] -- Detecting C compile features - done
[3.017s] -- Detecting CXX compiler ABI info
[3.529s] -- Detecting CXX compiler ABI info - done
[3.564s] -- Check for working CXX compiler: /usr/bin/c++ - skipped
[3.565s] -- Detecting CXX compile features
[3.567s] -- Detecting CXX compile features - done
[3.607s] -- Found ament_cmake: 2.5.6 (/opt/ros/jazzy/share/ament_cmake/cmake)
[4.358s] -- Found Python3: /usr/bin/python3 (found version "3.12.3") found components: Interpreter 
[5.083s] -- Found geometry_msgs: 5.3.8 (/opt/ros/jazzy/share/geometry_msgs/cmake)
[5.480s] -- Found rosidl_generator_c: 4.6.9 (/opt/ros/jazzy/share/rosidl_generator_c/cmake)
[5.594s] -- Found rosidl_generator_cpp: 4.6.9 (/opt/ros/jazzy/share/rosidl_generator_cpp/cmake)
[5.725s] -- Using all available rosidl_typesupport_c: rosidl_typesupport_fastrtps_c;rosidl_typesupport_introspection_c
[5.863s] -- Using all available rosidl_typesupport_cpp: rosidl_typesupport_fastrtps_cpp;rosidl_typesupport_introspection_cpp
[6.151s] -- Found rclcpp: 28.1.21 (/opt/ros/jazzy/share/rclcpp/cmake)
[6.572s] -- Found rmw_implementation_cmake: 7.3.3 (/opt/ros/jazzy/share/rmw_implementation_cmake/cmake)
[6.604s] -- Found rmw_fastrtps_cpp: 8.4.4 (/opt/ros/jazzy/share/rmw_fastrtps_cpp/cmake)
[7.149s] -- Found OpenSSL: /usr/lib/aarch64-linux-gnu/libcrypto.so (found version "3.0.13")  
[7.245s] -- Found FastRTPS: /opt/ros/jazzy/include (Required is at least version "2.13") 
[7.338s] -- Using RMW implementation 'rmw_fastrtps_cpp' as default
[7.772s] -- Found tf2: 0.36.21 (/opt/ros/jazzy/share/tf2/cmake)
[7.814s] -- Found tf2_ros: 0.36.21 (/opt/ros/jazzy/share/tf2_ros/cmake)
[8.592s] -- Found ament_lint_auto: 0.17.5 (/opt/ros/jazzy/share/ament_lint_auto/cmake)
[9.205s] -- Added test 'cppcheck' to perform static code analysis on C / C++ code
[9.206s] -- Configured cppcheck include dirs: 
[9.206s] -- Configured cppcheck exclude dirs and/or files: 
[9.211s] -- Added test 'lint_cmake' to check CMake code style
[9.220s] -- Added test 'uncrustify' to check C / C++ code style
[9.220s] -- Configured uncrustify additional arguments: 
[9.224s] -- Added test 'xmllint' to check XML markup files
[9.233s] -- Configuring done (8.9s)
[9.276s] -- Generating done (0.0s)
[9.287s] -- Build files have been written to: /home/isc/tk2_ws/build/tf2_transforms
[9.328s] Invoked command in '/home/isc/tk2_ws/build/tf2_transforms' returned '0': CMAKE_PREFIX_PATH=${CMAKE_PREFIX_PATH}:/opt/ros/jazzy /usr/bin/cmake /home/isc/tk2_ws/src/tf2_transforms -DCMAKE_INSTALL_PREFIX=/home/isc/tk2_ws/install/tf2_transforms
[9.333s] Invoking command in '/home/isc/tk2_ws/build/tf2_transforms': CMAKE_PREFIX_PATH=${CMAKE_PREFIX_PATH}:/opt/ros/jazzy /usr/bin/cmake --build /home/isc/tk2_ws/build/tf2_transforms -- -j4 -l4
[9.546s] Invoked command in '/home/isc/tk2_ws/build/tf2_transforms' returned '0': CMAKE_PREFIX_PATH=${CMAKE_PREFIX_PATH}:/opt/ros/jazzy /usr/bin/cmake --build /home/isc/tk2_ws/build/tf2_transforms -- -j4 -l4
[9.552s] Invoking command in '/home/isc/tk2_ws/build/tf2_transforms': CMAKE_PREFIX_PATH=${CMAKE_PREFIX_PATH}:/opt/ros/jazzy /usr/bin/cmake --install /home/isc/tk2_ws/build/tf2_transforms
[9.593s] -- Install configuration: ""
[9.594s] -- Installing: /home/isc/tk2_ws/install/tf2_transforms/share/ament_index/resource_index/package_run_dependencies/tf2_transforms
[9.596s] -- Installing: /home/isc/tk2_ws/install/tf2_transforms/share/ament_index/resource_index/parent_prefix_path/tf2_transforms
[9.597s] -- Installing: /home/isc/tk2_ws/install/tf2_transforms/share/tf2_transforms/environment/ament_prefix_path.sh
[9.598s] -- Installing: /home/isc/tk2_ws/install/tf2_transforms/share/tf2_transforms/environment/ament_prefix_path.dsv
[9.599s] -- Installing: /home/isc/tk2_ws/install/tf2_transforms/share/tf2_transforms/environment/path.sh
[9.600s] -- Installing: /home/isc/tk2_ws/install/tf2_transforms/share/tf2_transforms/environment/path.dsv
[9.601s] -- Installing: /home/isc/tk2_ws/install/tf2_transforms/share/tf2_transforms/local_setup.bash
[9.602s] -- Installing: /home/isc/tk2_ws/install/tf2_transforms/share/tf2_transforms/local_setup.sh
[9.604s] -- Installing: /home/isc/tk2_ws/install/tf2_transforms/share/tf2_transforms/local_setup.zsh
[9.605s] -- Installing: /home/isc/tk2_ws/install/tf2_transforms/share/tf2_transforms/local_setup.dsv
[9.606s] -- Installing: /home/isc/tk2_ws/install/tf2_transforms/share/tf2_transforms/package.dsv
[9.607s] -- Installing: /home/isc/tk2_ws/install/tf2_transforms/share/ament_index/resource_index/packages/tf2_transforms
[9.608s] -- Installing: /home/isc/tk2_ws/install/tf2_transforms/share/tf2_transforms/cmake/tf2_transformsConfig.cmake
[9.609s] -- Installing: /home/isc/tk2_ws/install/tf2_transforms/share/tf2_transforms/cmake/tf2_transformsConfig-version.cmake
[9.610s] -- Installing: /home/isc/tk2_ws/install/tf2_transforms/share/tf2_transforms/package.xml
[9.619s] Invoked command in '/home/isc/tk2_ws/build/tf2_transforms' returned '0': CMAKE_PREFIX_PATH=${CMAKE_PREFIX_PATH}:/opt/ros/jazzy /usr/bin/cmake --install /home/isc/tk2_ws/build/tf2_transforms
