[0.068s] Invoking command in '/home/isc/tk2_ws/build/v4l2_camera': CMAKE_PREFIX_PATH=${CMAKE_PREFIX_PATH}:/opt/ros/jazzy /usr/bin/cmake --build /home/isc/tk2_ws/build/v4l2_camera -- -j4 -l4
[0.509s] [ 50%] Built target v4l2_camera
[0.679s] [ 75%] Built target v4l2_camera_node
[0.680s] [100%] Built target v4l2_camera_compose_test
[0.740s] Invoked command in '/home/isc/tk2_ws/build/v4l2_camera' returned '0': CMAKE_PREFIX_PATH=${CMAKE_PREFIX_PATH}:/opt/ros/jazzy /usr/bin/cmake --build /home/isc/tk2_ws/build/v4l2_camera -- -j4 -l4
[0.747s] Invoking command in '/home/isc/tk2_ws/build/v4l2_camera': CMAKE_PREFIX_PATH=${CMAKE_PREFIX_PATH}:/opt/ros/jazzy /usr/bin/cmake --install /home/isc/tk2_ws/build/v4l2_camera
[0.803s] -- Install configuration: ""
[0.804s] -- Up-to-date: /home/isc/tk2_ws/install/v4l2_camera/include
[0.804s] -- Up-to-date: /home/isc/tk2_ws/install/v4l2_camera/include/v4l2_camera
[0.809s] -- Up-to-date: /home/isc/tk2_ws/install/v4l2_camera/include/v4l2_camera/v4l2_camera_device.hpp
[0.810s] -- Up-to-date: /home/isc/tk2_ws/install/v4l2_camera/include/v4l2_camera/fourcc.hpp
[0.810s] -- Up-to-date: /home/isc/tk2_ws/install/v4l2_camera/include/v4l2_camera/pixel_format.hpp
[0.811s] -- Up-to-date: /home/isc/tk2_ws/install/v4l2_camera/include/v4l2_camera/image_format.hpp
[0.811s] -- Up-to-date: /home/isc/tk2_ws/install/v4l2_camera/include/v4l2_camera/v4l2_camera.hpp
[0.812s] -- Up-to-date: /home/isc/tk2_ws/install/v4l2_camera/include/v4l2_camera/parameters.hpp
[0.812s] -- Up-to-date: /home/isc/tk2_ws/install/v4l2_camera/include/v4l2_camera/control.hpp
[0.813s] -- Up-to-date: /home/isc/tk2_ws/install/v4l2_camera/include/v4l2_camera/visibility_control.h
[0.814s] -- Up-to-date: /home/isc/tk2_ws/install/v4l2_camera/lib/libv4l2_camera.so
[0.815s] -- Up-to-date: /home/isc/tk2_ws/install/v4l2_camera/lib/v4l2_camera/v4l2_camera_node
[0.815s] -- Up-to-date: /home/isc/tk2_ws/install/v4l2_camera/lib/v4l2_camera/v4l2_camera_compose_test
[0.817s] -- Up-to-date: /home/isc/tk2_ws/install/v4l2_camera/share/v4l2_camera/environment/library_path.sh
[0.817s] -- Up-to-date: /home/isc/tk2_ws/install/v4l2_camera/share/v4l2_camera/environment/library_path.dsv
[0.818s] -- Up-to-date: /home/isc/tk2_ws/install/v4l2_camera/share/ament_index/resource_index/package_run_dependencies/v4l2_camera
[0.818s] -- Up-to-date: /home/isc/tk2_ws/install/v4l2_camera/share/ament_index/resource_index/parent_prefix_path/v4l2_camera
[0.819s] -- Up-to-date: /home/isc/tk2_ws/install/v4l2_camera/share/v4l2_camera/environment/ament_prefix_path.sh
[0.820s] -- Up-to-date: /home/isc/tk2_ws/install/v4l2_camera/share/v4l2_camera/environment/ament_prefix_path.dsv
[0.821s] -- Up-to-date: /home/isc/tk2_ws/install/v4l2_camera/share/v4l2_camera/environment/path.sh
[0.822s] -- Up-to-date: /home/isc/tk2_ws/install/v4l2_camera/share/v4l2_camera/environment/path.dsv
[0.822s] -- Up-to-date: /home/isc/tk2_ws/install/v4l2_camera/share/v4l2_camera/local_setup.bash
[0.823s] -- Up-to-date: /home/isc/tk2_ws/install/v4l2_camera/share/v4l2_camera/local_setup.sh
[0.823s] -- Up-to-date: /home/isc/tk2_ws/install/v4l2_camera/share/v4l2_camera/local_setup.zsh
[0.824s] -- Up-to-date: /home/isc/tk2_ws/install/v4l2_camera/share/v4l2_camera/local_setup.dsv
[0.824s] -- Installing: /home/isc/tk2_ws/install/v4l2_camera/share/v4l2_camera/package.dsv
[0.825s] -- Up-to-date: /home/isc/tk2_ws/install/v4l2_camera/share/ament_index/resource_index/packages/v4l2_camera
[0.826s] -- Up-to-date: /home/isc/tk2_ws/install/v4l2_camera/share/ament_index/resource_index/rclcpp_components/v4l2_camera
[0.827s] -- Up-to-date: /home/isc/tk2_ws/install/v4l2_camera/share/v4l2_camera/cmake/export_v4l2_cameraExport.cmake
[0.828s] -- Up-to-date: /home/isc/tk2_ws/install/v4l2_camera/share/v4l2_camera/cmake/export_v4l2_cameraExport-noconfig.cmake
[0.828s] -- Up-to-date: /home/isc/tk2_ws/install/v4l2_camera/share/v4l2_camera/cmake/ament_cmake_export_include_directories-extras.cmake
[0.830s] -- Up-to-date: /home/isc/tk2_ws/install/v4l2_camera/share/v4l2_camera/cmake/ament_cmake_export_targets-extras.cmake
[0.830s] -- Up-to-date: /home/isc/tk2_ws/install/v4l2_camera/share/v4l2_camera/cmake/ament_cmake_export_libraries-extras.cmake
[0.831s] -- Up-to-date: /home/isc/tk2_ws/install/v4l2_camera/share/v4l2_camera/cmake/ament_cmake_export_dependencies-extras.cmake
[0.831s] -- Up-to-date: /home/isc/tk2_ws/install/v4l2_camera/share/v4l2_camera/cmake/v4l2_cameraConfig.cmake
[0.831s] -- Up-to-date: /home/isc/tk2_ws/install/v4l2_camera/share/v4l2_camera/cmake/v4l2_cameraConfig-version.cmake
[0.832s] -- Up-to-date: /home/isc/tk2_ws/install/v4l2_camera/share/v4l2_camera/package.xml
[0.912s] Invoked command in '/home/isc/tk2_ws/build/v4l2_camera' returned '0': CMAKE_PREFIX_PATH=${CMAKE_PREFIX_PATH}:/opt/ros/jazzy /usr/bin/cmake --install /home/isc/tk2_ws/build/v4l2_camera
