[1mThe Meson build system[0m
Version: 1.3.2
Source dir: [1m/home/isc/tk2_ws/src/libcamera[0m
Build dir: [1m/home/isc/tk2_ws/build/libcamera[0m
Build type: [1mnative build[0m
Project name: [1mlibcamera[0m
Project version: [1m0.7.2[0m
C compiler for the host machine: [1mcc[0m (gcc 13.3.0 "cc (Ubuntu 13.3.0-6ubuntu2~24.04.1) 13.3.0")
C linker for the host machine: [1mcc[0m ld.bfd 2.42
C++ compiler for the host machine: [1mc++[0m (gcc 13.3.0 "c++ (Ubuntu 13.3.0-6ubuntu2~24.04.1) 13.3.0")
C++ linker for the host machine: [1mc++[0m ld.bfd 2.42
Host machine cpu family: [1maarch64[0m
Host machine cpu: [1maarch64[0m
Header "[1munistd.h[0m" has symbol "[1mclose_range[0m" : [1;32mYES[0m 
Header "[1mfcntl.h[0m" has symbol "[1mF_ADD_SEALS[0m" : [1;32mYES[0m 
Header "[1munistd.h[0m" has symbol "[1missetugid[0m" : [1;31mNO[0m 
Header "[1mlocale.h[0m" has symbol "[1mlocale_t[0m" : [1;32mYES[0m 
Header "[1msys/mman.h[0m" has symbol "[1mmemfd_create[0m" : [1;32mYES[0m 
Header "[1mstdlib.h[0m" has symbol "[1msecure_getenv[0m" : [1;32mYES[0m 
Header "[1mversion[0m" has symbol "[1m_LIBCPP_VERSION[0m" : [1;31mNO[0m 
Header "[1mversion[0m" has symbol "[1m__GLIBCXX__[0m" : [1;32mYES[0m 
[1mMessage:[0m Detected C++ standard library: libstdc++
Compiler for C supports arguments -Wno-c99-designator: [1;31mNO[0m 
Found pkg-config: [1;32mYES[0m [1m(/usr/bin/pkg-config)[0m [1;34m1.8.1[0m
Run-time dependency [1mlttng-ust[0m found: [1;32mYES[0m [36m2.13.7[0m
Program [1m./parser.py[0m found: [1;32mYES[0m (/home/isc/tk2_ws/src/libcamera/utils/codegen/ipc/./parser.py)
Program [1m./generate.py[0m found: [1;32mYES[0m (/home/isc/tk2_ws/src/libcamera/utils/codegen/ipc/./generate.py)
Program [1m./extract-docs.py[0m found: [1;32mYES[0m (/home/isc/tk2_ws/src/libcamera/utils/codegen/ipc/./extract-docs.py)
Configuring [1mversion.h[0m using configuration
Program [1mopenssl[0m found: [1;32mYES[0m (/usr/bin/openssl)
Found CMake: [1m/usr/bin/cmake[0m (3.28.3)
Run-time dependency [1mlibyuv[0m found: [1;31mNO[0m (tried pkgconfig and cmake)
Has header "[1mlibyuv.h[0m" : [1;31mNO[0m 
Run-time dependency [1mlibjpeg[0m found: [1;32mYES[0m [36m2.1.5[0m

Executing subproject [1mlibyuv[0m method [1mcmake[0m 

libyuv| Found CMake: [1m/usr/bin/cmake[0m (3.28.3)

| Configuring the build directory with [1mCMake[0m version [1;36m3.28.3[0m
| [1mRunning CMake with:[0m -G Ninja -DCMAKE_INSTALL_PREFIX=/home/isc/tk2_ws/install/libcamera -DCMAKE_POSITION_INDEPENDENT_CODE=ON
| [1m  - build directory:         [0m /home/isc/tk2_ws/build/libcamera/subprojects/libyuv/__CMake_build
| [1m  - source directory:        [0m /home/isc/tk2_ws/src/libcamera/subprojects/libyuv
| [1m  - toolchain file:          [0m /home/isc/tk2_ws/build/libcamera/subprojects/libyuv/__CMake_build/CMakeMesonToolchainFile.cmake
| [1m  - preload file:            [0m /usr/lib/python3/dist-packages/mesonbuild/cmake/data/preload.cmake
| [1m  - trace args:              [0m --trace-expand --trace-format=json-v1 --no-warn-unused-cli --trace-redirect=cmake_trace.txt
| [1m  - disabled policy warnings:[0m [CMP0025, CMP0047, CMP0056, CMP0060, CMP0065, CMP0066, CMP0067, CMP0082, CMP0089, CMP0102]

| Put cmake in trace mode, but with variables expanded.
| Put cmake in trace mode and sets the trace output format.
| Not searching for unused variables given on the command line.
| Put cmake in trace mode and redirect trace output to a file instead of stderr.
| Trace will be written to cmake_trace.txt
| -- The C compiler identification is GNU 13.3.0
| -- The CXX compiler identification is GNU 13.3.0
| CMake Warning (dev) at /usr/share/cmake-3.28/Modules/CMakeFindBinUtils.cmake:224 (find_program):
| Policy CMP0126 is not set: set(CACHE) does not remove a normal variable of
| the same name.  Run "cmake --help-policy CMP0126" for policy details.  Use
| the cmake_policy command to set the policy and suppress this warning.

| For compatibility with older versions of CMake, normal variable
| "CMAKE_TAPI" will be removed from the current scope.
| Call Stack (most recent call first):
| /usr/share/cmake-3.28/Modules/CMakeDetermineCXXCompiler.cmake:202 (include)
| CMakeLists.txt:6 (project)
| This warning is for project developers.  Use -Wno-dev to suppress it.

| -- Detecting C compiler ABI info
| -- Detecting C compiler ABI info - done
| -- Check for working C compiler: /usr/bin/cc - skipped
| -- Detecting C compile features
| -- Detecting C compile features - done
| -- Detecting CXX compiler ABI info
| -- Detecting CXX compiler ABI info - done
| -- Check for working CXX compiler: /usr/bin/c++ - skipped
| -- Detecting CXX compile features
| -- Detecting CXX compile features - done
| -- Performing Test CAN_COMPILE_SME
| -- Performing Test CAN_COMPILE_SME - Failed
| -- Found JPEG: /usr/lib/aarch64-linux-gnu/libjpeg.so (found version "80")
| -- Configuring done (2.4s)
| -- Generating done (0.0s)
| -- Build files have been written to: /home/isc/tk2_ws/build/libcamera/subprojects/libyuv/__CMake_build

libyuv| CMake configuration: [1;32mSUCCEEDED[0m
libyuv| CMake project [1mYUV[0m has [1m8[0m build targets.
libyuv| Generated Meson AST: /home/isc/tk2_ws/build/libcamera/subprojects/libyuv/meson.build
libyuv| Project name: [1mYUV[0m
libyuv| Project version: [1mundefined[0m
libyuv| C compiler for the host machine: [1mcc[0m (gcc 13.3.0 "cc (Ubuntu 13.3.0-6ubuntu2~24.04.1) 13.3.0")
libyuv| C linker for the host machine: [1mcc[0m ld.bfd 2.42
libyuv| C++ compiler for the host machine: [1mc++[0m (gcc 13.3.0 "c++ (Ubuntu 13.3.0-6ubuntu2~24.04.1) 13.3.0")
libyuv| C++ linker for the host machine: [1mc++[0m ld.bfd 2.42
libyuv| [1;33mWARNING:[0m extract_all_objects called without setting recursive
libyuv| keyword argument. Meson currently defaults to
libyuv| non-recursive to maintain backward compatibility but
libyuv| the default will be changed in the future.

libyuv| [1;33mWARNING:[0m extract_all_objects called without setting recursive
libyuv| keyword argument. Meson currently defaults to
libyuv| non-recursive to maintain backward compatibility but
libyuv| the default will be changed in the future.

libyuv| [1;33mWARNING:[0m extract_all_objects called without setting recursive
libyuv| keyword argument. Meson currently defaults to
libyuv| non-recursive to maintain backward compatibility but
libyuv| the default will be changed in the future.

libyuv| [1;33mWARNING:[0m extract_all_objects called without setting recursive
libyuv| keyword argument. Meson currently defaults to
libyuv| non-recursive to maintain backward compatibility but
libyuv| the default will be changed in the future.

libyuv| [1;33mWARNING:[0m extract_all_objects called without setting recursive
libyuv| keyword argument. Meson currently defaults to
libyuv| non-recursive to maintain backward compatibility but
libyuv| the default will be changed in the future.

libyuv| [1;33mWARNING:[0m extract_all_objects called without setting recursive
libyuv| keyword argument. Meson currently defaults to
libyuv| non-recursive to maintain backward compatibility but
libyuv| the default will be changed in the future.

libyuv| Build targets in project: [1m36[0m
libyuv| Subproject [1mlibyuv[0m finished.

[1;33mWARNING:[0m Build target libyuv-static has no sources. This was never supposed to be allowed but did because of a bug, support will be removed in a future release of Meson
Library [1matomic[0m found: [1;32mYES[0m
Run-time dependency [1mthreads[0m found: [1;32mYES[0m
Run-time dependency [1mlibdw[0m found: [1;31mNO[0m (tried pkgconfig and cmake)
Run-time dependency [1mlibunwind[0m found: [1;31mNO[0m (tried pkgconfig and cmake)
Header "[1mexecinfo.h[0m" has symbol "[1mbacktrace[0m" : [1;32mYES[0m 
Library [1mrt[0m found: [1;32mYES[0m
Run-time dependency [1mlibpisp[0m found: [1;31mNO[0m (tried pkgconfig and cmake)
Looking for a fallback subproject for the dependency [1mlibpisp[0m

Executing subproject [1mlibpisp[0m 

libpisp| Project name: [1mlibpisp[0m
libpisp| Project version: [1m1.5.0[0m
libpisp| C compiler for the host machine: [1mcc[0m (gcc 13.3.0 "cc (Ubuntu 13.3.0-6ubuntu2~24.04.1) 13.3.0")
libpisp| C linker for the host machine: [1mcc[0m ld.bfd 2.42
libpisp| C++ compiler for the host machine: [1mc++[0m (gcc 13.3.0 "c++ (Ubuntu 13.3.0-6ubuntu2~24.04.1) 13.3.0")
libpisp| C++ linker for the host machine: [1mc++[0m ld.bfd 2.42
libpisp| Configuring [1mpisp_build_config.h[0m using configuration
libpisp| Run-time dependency [1mnlohmann_json[0m found: [1;31mNO[0m (tried pkgconfig and cmake)
libpisp| Looking for a fallback subproject for the dependency [1mnlohmann_json[0m
libpisp| Using [1msubprojects/libpisp/subprojects/nlohmann_json.wrap[0m
libpisp| [1;33mWARNING:[0m Subproject nlohmann_json's revision may be out of date; its wrap file has changed since it was first configured

Executing subproject [1mlibpisp:nlohmann_json[0m

nlohmann_json| Project name: [1mnlohmann_json[0m
nlohmann_json| Project version: [1m3.12.0[0m
nlohmann_json| C++ compiler for the host machine: [1mc++[0m (gcc 13.3.0 "c++ (Ubuntu 13.3.0-6ubuntu2~24.04.1) 13.3.0")
nlohmann_json| C++ linker for the host machine: [1mc++[0m ld.bfd 2.42
nlohmann_json| Build targets in project: [1m46[0m
nlohmann_json| Subproject [1mnlohmann_json[0m finished.

libpisp| Dependency [1mnlohmann_json[0m from subproject [1msubprojects/nlohmann_json-3.12.0[0m found: [1;32mYES[0m [36m3.12.0[0m
libpisp| Dependency [1mthreads[0m found: [1;32mYES[0m [36munknown[0m [1;34m(cached)[0m
libpisp| Library [1mdl[0m found: [1;32mYES[0m
libpisp| Run-time dependency [1mBoost[0m (found: log, log_setup, system, thread) found: [1;32mYES[0m [36m1.83.0[0m (/usr)
libpisp| Dependency [1mgstreamer-1.0[0m skipped: feature [1mgstreamer[0m disabled
libpisp| Dependency [1mgstreamer-base-1.0[0m skipped: feature [1mgstreamer[0m disabled
libpisp| Dependency [1mgstreamer-video-1.0[0m skipped: feature [1mgstreamer[0m disabled
libpisp| Dependency [1mgstreamer-allocators-1.0[0m skipped: feature [1mgstreamer[0m disabled
libpisp| Build targets in project: [1m48[0m
libpisp| Subproject [1mlibpisp[0m finished.

Dependency [1mlibpisp[0m from subproject [1msubprojects/libpisp[0m found: [1;32mYES[0m [36m1.5.0[0m
Run-time dependency [1megl[0m found: [1;32mYES[0m [36m1.5[0m
Run-time dependency [1mglesv2[0m found: [1;32mYES[0m [36m3.2[0m
Check usable header "[1mEGL/egl.h[0m" with dependency egl: [1;32mYES[0m 
Run-time dependency [1mdl[0m found: [1;32mYES[0m
Run-time dependency [1mlibudev[0m found: [1;32mYES[0m [36m255[0m
Run-time dependency [1myaml-0.1[0m found: [1;32mYES[0m [36m0.2.5[0m
Run-time dependency [1mgnutls[0m found: [1;31mNO[0m (tried pkgconfig and cmake)
Run-time dependency [1mlibcrypto[0m found: [1;32mYES[0m [36m3.0.13[0m
Header "[1muchar.h[0m" has symbol "[1mmbrtoc16[0m" skipped: feature [1mandroid[0m disabled
Run-time dependency [1mtensorflow-lite[0m found: [1;31mNO[0m (tried pkgconfig and cmake)
Run-time dependency [1mlibevent_pthreads[0m found: [1;32mYES[0m [36m2.1.12-stable[0m
Run-time dependency [1mlibtiff-4[0m found: [1;32mYES[0m [36m4.5.1[0m
Run-time dependency [1mGTest[0m found: [1;32mYES[0m [36m1.14.0[0m
Run-time dependency [1mlibdrm[0m found: [1;32mYES[0m [36m2.4.125[0m
Run-time dependency [1msdl2[0m found: [1;32mYES[0m [36m2.30.0[0m
Dependency [1mlibjpeg[0m found: [1;32mYES[0m [36m2.1.5[0m [1;34m(cached)[0m
Run-time dependency [1mqt6[0m (modules: Core, Gui, OpenGL, OpenGLWidgets, Widgets) found: [1;31mNO[0m (tried pkgconfig)
Run-time dependency [1mglib-2.0[0m found: [1;32mYES[0m [36m2.80.0[0m
Run-time dependency [1mgstreamer-video-1.0[0m found: [1;31mNO[0m (tried pkgconfig and cmake)
Run-time dependency [1mgstreamer-allocators-1.0[0m found: [1;31mNO[0m (tried pkgconfig and cmake)
Program python3 found: [1;32mYES[0m (/usr/bin/python3)
Run-time dependency [1mpybind11[0m found: [1;32mYES[0m [36m2.11.1[0m
Run-time dependency [1mpython[0m found: [1;32mYES[0m [36m3.12[0m
Configuring [1mlibcamerify[0m using configuration
Program [1mdoxygen[0m found: [1;31mNO[0m
Program [1mdot[0m found: [1;32mYES[0m (/usr/bin/dot)
Program [1msphinx-build-3 sphinx-build[0m found: [1;31mNO[0m
Configuring [1mconfig.h[0m using configuration

../../src/libcamera/meson.build:291:8: [1;31mERROR:[0m Problem encountered: Python module 'ply' not found

A full log can be found at [1m/home/isc/tk2_ws/build/libcamera/meson-logs/meson-log.txt[0m
