[0.060s] Invoking command in '/home/isc/tk2_ws/build/libcamera': /usr/bin/meson setup --libdir=lib --prefix=/home/isc/tk2_ws/install/libcamera --buildtype=release /home/isc/tk2_ws/build/libcamera /home/isc/tk2_ws/src/libcamera
[1.018s] [1mThe Meson build system[0m
[1.018s] Version: 1.3.2
[1.019s] Source dir: [1m/home/isc/tk2_ws/src/libcamera[0m
[1.019s] Build dir: [1m/home/isc/tk2_ws/build/libcamera[0m
[1.019s] Build type: [1mnative build[0m
[1.100s] Project name: [1mlibcamera[0m
[1.100s] Project version: [1m0.7.2[0m
[1.396s] C compiler for the host machine: [1mcc[0m (gcc 13.3.0 "cc (Ubuntu 13.3.0-6ubuntu2~24.04.1) 13.3.0")
[1.397s] C linker for the host machine: [1mcc[0m ld.bfd 2.42
[1.737s] C++ compiler for the host machine: [1mc++[0m (gcc 13.3.0 "c++ (Ubuntu 13.3.0-6ubuntu2~24.04.1) 13.3.0")
[1.737s] C++ linker for the host machine: [1mc++[0m ld.bfd 2.42
[2.346s] Host machine cpu family: [1maarch64[0m
[2.347s] Host machine cpu: [1maarch64[0m
[2.749s] Header "[1munistd.h[0m" has symbol "[1mclose_range[0m" : [1;32mYES[0m 
[2.836s] Header "[1mfcntl.h[0m" has symbol "[1mF_ADD_SEALS[0m" : [1;32mYES[0m 
[2.904s] Header "[1munistd.h[0m" has symbol "[1missetugid[0m" : [1;31mNO[0m 
[2.989s] Header "[1mlocale.h[0m" has symbol "[1mlocale_t[0m" : [1;32mYES[0m 
[3.075s] Header "[1msys/mman.h[0m" has symbol "[1mmemfd_create[0m" : [1;32mYES[0m 
[3.232s] Header "[1mstdlib.h[0m" has symbol "[1msecure_getenv[0m" : [1;32mYES[0m 
[3.481s] Header "[1mversion[0m" has symbol "[1m_LIBCPP_VERSION[0m" : [1;31mNO[0m 
[3.568s] Header "[1mversion[0m" has symbol "[1m__GLIBCXX__[0m" : [1;32mYES[0m 
[3.569s] [1mMessage:[0m Detected C++ standard library: libstdc++
[3.609s] Compiler for C supports arguments -Wno-c99-designator: [1;31mNO[0m 
[3.649s] Found pkg-config: [1;32mYES[0m [1m(/usr/bin/pkg-config)[0m [1;34m1.8.1[0m
[4.287s] Run-time dependency [1mlttng-ust[0m found: [1;32mYES[0m [36m2.13.7[0m
[4.327s] Program [1m./parser.py[0m found: [1;32mYES[0m (/home/isc/tk2_ws/src/libcamera/utils/codegen/ipc/./parser.py)
[4.328s] Program [1m./generate.py[0m found: [1;32mYES[0m (/home/isc/tk2_ws/src/libcamera/utils/codegen/ipc/./generate.py)
[4.328s] Program [1m./extract-docs.py[0m found: [1;32mYES[0m (/home/isc/tk2_ws/src/libcamera/utils/codegen/ipc/./extract-docs.py)
[4.596s] Configuring [1mversion.h[0m using configuration
[4.621s] Program [1mopenssl[0m found: [1;32mYES[0m (/usr/bin/openssl)
[4.702s] Found CMake: [1m/usr/bin/cmake[0m (3.28.3)
[5.254s] Run-time dependency [1mlibyuv[0m found: [1;31mNO[0m (tried pkgconfig and cmake)
[5.303s] Has header "[1mlibyuv.h[0m" : [1;31mNO[0m 
[5.340s] Run-time dependency [1mlibjpeg[0m found: [1;32mYES[0m [36m2.1.5[0m
[5.344s] 
[5.345s] Executing subproject [1mlibyuv[0m method [1mcmake[0m 
[5.345s] 
[5.387s] libyuv| Found CMake: [1m/usr/bin/cmake[0m (3.28.3)
[5.392s] 
[5.393s] | Configuring the build directory with [1mCMake[0m version [1;36m3.28.3[0m
[5.394s] | [1mRunning CMake with:[0m -G Ninja -DCMAKE_INSTALL_PREFIX=/home/isc/tk2_ws/install/libcamera -DCMAKE_POSITION_INDEPENDENT_CODE=ON
[5.394s] | [1m  - build directory:         [0m /home/isc/tk2_ws/build/libcamera/subprojects/libyuv/__CMake_build
[5.395s] | [1m  - source directory:        [0m /home/isc/tk2_ws/src/libcamera/subprojects/libyuv
[5.395s] | [1m  - toolchain file:          [0m /home/isc/tk2_ws/build/libcamera/subprojects/libyuv/__CMake_build/CMakeMesonToolchainFile.cmake
[5.396s] | [1m  - preload file:            [0m /usr/lib/python3/dist-packages/mesonbuild/cmake/data/preload.cmake
[5.396s] | [1m  - trace args:              [0m --trace-expand --trace-format=json-v1 --no-warn-unused-cli --trace-redirect=cmake_trace.txt
[5.396s] | [1m  - disabled policy warnings:[0m [CMP0025, CMP0047, CMP0056, CMP0060, CMP0065, CMP0066, CMP0067, CMP0082, CMP0089, CMP0102]
[5.397s] 
[5.769s] | Put cmake in trace mode, but with variables expanded.
[5.769s] | Put cmake in trace mode and sets the trace output format.
[5.770s] | Not searching for unused variables given on the command line.
[5.770s] | Put cmake in trace mode and redirect trace output to a file instead of stderr.
[5.770s] | Trace will be written to cmake_trace.txt
[5.771s] | -- The C compiler identification is GNU 13.3.0
[6.112s] | -- The CXX compiler identification is GNU 13.3.0
[6.134s] | CMake Warning (dev) at /usr/share/cmake-3.28/Modules/CMakeFindBinUtils.cmake:224 (find_program):
[6.135s] | Policy CMP0126 is not set: set(CACHE) does not remove a normal variable of
[6.135s] | the same name.  Run "cmake --help-policy CMP0126" for policy details.  Use
[6.135s] | the cmake_policy command to set the policy and suppress this warning.
[6.136s] 
[6.136s] | For compatibility with older versions of CMake, normal variable
[6.137s] | "CMAKE_TAPI" will be removed from the current scope.
[6.137s] | Call Stack (most recent call first):
[6.137s] | /usr/share/cmake-3.28/Modules/CMakeDetermineCXXCompiler.cmake:202 (include)
[6.138s] | CMakeLists.txt:6 (project)
[6.138s] | This warning is for project developers.  Use -Wno-dev to suppress it.
[6.139s] 
[6.246s] | -- Detecting C compiler ABI info
[6.605s] | -- Detecting C compiler ABI info - done
[6.724s] | -- Check for working C compiler: /usr/bin/cc - skipped
[6.725s] | -- Detecting C compile features
[6.730s] | -- Detecting C compile features - done
[6.808s] | -- Detecting CXX compiler ABI info
[7.210s] | -- Detecting CXX compiler ABI info - done
[7.333s] | -- Check for working CXX compiler: /usr/bin/c++ - skipped
[7.334s] | -- Detecting CXX compile features
[7.339s] | -- Detecting CXX compile features - done
[7.352s] | -- Performing Test CAN_COMPILE_SME
[7.509s] | -- Performing Test CAN_COMPILE_SME - Failed
[7.728s] | -- Found JPEG: /usr/lib/aarch64-linux-gnu/libjpeg.so (found version "80")
[7.855s] | -- Configuring done (2.4s)
[7.915s] | -- Generating done (0.0s)
[7.967s] | -- Build files have been written to: /home/isc/tk2_ws/build/libcamera/subprojects/libyuv/__CMake_build
[8.084s] 
[8.085s] libyuv| CMake configuration: [1;32mSUCCEEDED[0m
[8.776s] libyuv| CMake project [1mYUV[0m has [1m8[0m build targets.
[8.796s] libyuv| Generated Meson AST: /home/isc/tk2_ws/build/libcamera/subprojects/libyuv/meson.build
[8.798s] libyuv| Project name: [1mYUV[0m
[8.799s] libyuv| Project version: [1mundefined[0m
[8.799s] libyuv| C compiler for the host machine: [1mcc[0m (gcc 13.3.0 "cc (Ubuntu 13.3.0-6ubuntu2~24.04.1) 13.3.0")
[8.800s] libyuv| C linker for the host machine: [1mcc[0m ld.bfd 2.42
[8.801s] libyuv| C++ compiler for the host machine: [1mc++[0m (gcc 13.3.0 "c++ (Ubuntu 13.3.0-6ubuntu2~24.04.1) 13.3.0")
[8.801s] libyuv| C++ linker for the host machine: [1mc++[0m ld.bfd 2.42
[8.863s] libyuv| [1;33mWARNING:[0m extract_all_objects called without setting recursive
[8.863s] libyuv| keyword argument. Meson currently defaults to
[8.863s] libyuv| non-recursive to maintain backward compatibility but
[8.864s] libyuv| the default will be changed in the future.
[8.864s] 
[8.864s] libyuv| [1;33mWARNING:[0m extract_all_objects called without setting recursive
[8.865s] libyuv| keyword argument. Meson currently defaults to
[8.865s] libyuv| non-recursive to maintain backward compatibility but
[8.865s] libyuv| the default will be changed in the future.
[8.866s] 
[8.866s] libyuv| [1;33mWARNING:[0m extract_all_objects called without setting recursive
[8.866s] libyuv| keyword argument. Meson currently defaults to
[8.867s] libyuv| non-recursive to maintain backward compatibility but
[8.867s] libyuv| the default will be changed in the future.
[8.867s] 
[8.878s] libyuv| [1;33mWARNING:[0m extract_all_objects called without setting recursive
[8.878s] libyuv| keyword argument. Meson currently defaults to
[8.879s] libyuv| non-recursive to maintain backward compatibility but
[8.879s] libyuv| the default will be changed in the future.
[8.879s] 
[8.880s] libyuv| [1;33mWARNING:[0m extract_all_objects called without setting recursive
[8.880s] libyuv| keyword argument. Meson currently defaults to
[8.880s] libyuv| non-recursive to maintain backward compatibility but
[8.881s] libyuv| the default will be changed in the future.
[8.881s] 
[8.882s] libyuv| [1;33mWARNING:[0m extract_all_objects called without setting recursive
[8.882s] libyuv| keyword argument. Meson currently defaults to
[8.882s] libyuv| non-recursive to maintain backward compatibility but
[8.883s] libyuv| the default will be changed in the future.
[8.883s] 
[8.896s] libyuv| Build targets in project: [1m36[0m
[8.897s] libyuv| Subproject [1mlibyuv[0m finished.
[8.897s] 
[8.903s] [1;33mWARNING:[0m Build target libyuv-static has no sources. This was never supposed to be allowed but did because of a bug, support will be removed in a future release of Meson
[9.130s] Library [1matomic[0m found: [1;32mYES[0m
[9.137s] Run-time dependency [1mthreads[0m found: [1;32mYES[0m
[9.205s] Run-time dependency [1mlibdw[0m found: [1;31mNO[0m (tried pkgconfig and cmake)
[9.254s] Run-time dependency [1mlibunwind[0m found: [1;31mNO[0m (tried pkgconfig and cmake)
[9.337s] Header "[1mexecinfo.h[0m" has symbol "[1mbacktrace[0m" : [1;32mYES[0m 
[9.566s] Library [1mrt[0m found: [1;32mYES[0m
[9.613s] Run-time dependency [1mlibpisp[0m found: [1;31mNO[0m (tried pkgconfig and cmake)
[9.614s] Looking for a fallback subproject for the dependency [1mlibpisp[0m
[9.614s] 
[9.615s] Executing subproject [1mlibpisp[0m 
[9.615s] 
[9.628s] libpisp| Project name: [1mlibpisp[0m
[9.628s] libpisp| Project version: [1m1.5.0[0m
[9.629s] libpisp| C compiler for the host machine: [1mcc[0m (gcc 13.3.0 "cc (Ubuntu 13.3.0-6ubuntu2~24.04.1) 13.3.0")
[9.629s] libpisp| C linker for the host machine: [1mcc[0m ld.bfd 2.42
[9.630s] libpisp| C++ compiler for the host machine: [1mc++[0m (gcc 13.3.0 "c++ (Ubuntu 13.3.0-6ubuntu2~24.04.1) 13.3.0")
[9.630s] libpisp| C++ linker for the host machine: [1mc++[0m ld.bfd 2.42
[9.679s] libpisp| Configuring [1mpisp_build_config.h[0m using configuration
[9.748s] libpisp| Run-time dependency [1mnlohmann_json[0m found: [1;31mNO[0m (tried pkgconfig and cmake)
[9.749s] libpisp| Looking for a fallback subproject for the dependency [1mnlohmann_json[0m
[9.749s] libpisp| Using [1msubprojects/libpisp/subprojects/nlohmann_json.wrap[0m
[9.750s] libpisp| [1;33mWARNING:[0m Subproject nlohmann_json's revision may be out of date; its wrap file has changed since it was first configured
[9.751s] 
[9.751s] Executing subproject [1mlibpisp:nlohmann_json[0m
[9.751s] 
[9.758s] nlohmann_json| Project name: [1mnlohmann_json[0m
[9.758s] nlohmann_json| Project version: [1m3.12.0[0m
[9.759s] nlohmann_json| C++ compiler for the host machine: [1mc++[0m (gcc 13.3.0 "c++ (Ubuntu 13.3.0-6ubuntu2~24.04.1) 13.3.0")
[9.759s] nlohmann_json| C++ linker for the host machine: [1mc++[0m ld.bfd 2.42
[9.764s] nlohmann_json| Build targets in project: [1m46[0m
[9.764s] nlohmann_json| Subproject [1mnlohmann_json[0m finished.
[9.764s] 
[9.766s] libpisp| Dependency [1mnlohmann_json[0m from subproject [1msubprojects/nlohmann_json-3.12.0[0m found: [1;32mYES[0m [36m3.12.0[0m
[9.766s] libpisp| Dependency [1mthreads[0m found: [1;32mYES[0m [36munknown[0m [1;34m(cached)[0m
[11.149s] libpisp| Library [1mdl[0m found: [1;32mYES[0m
[11.421s] libpisp| Run-time dependency [1mBoost[0m (found: log, log_setup, system, thread) found: [1;32mYES[0m [36m1.83.0[0m (/usr)
[11.457s] libpisp| Dependency [1mgstreamer-1.0[0m skipped: feature [1mgstreamer[0m disabled
[11.458s] libpisp| Dependency [1mgstreamer-base-1.0[0m skipped: feature [1mgstreamer[0m disabled
[11.459s] libpisp| Dependency [1mgstreamer-video-1.0[0m skipped: feature [1mgstreamer[0m disabled
[11.460s] libpisp| Dependency [1mgstreamer-allocators-1.0[0m skipped: feature [1mgstreamer[0m disabled
[11.461s] libpisp| Build targets in project: [1m48[0m
[11.462s] libpisp| Subproject [1mlibpisp[0m finished.
[11.462s] 
[11.462s] Dependency [1mlibpisp[0m from subproject [1msubprojects/libpisp[0m found: [1;32mYES[0m [36m1.5.0[0m
[11.554s] Run-time dependency [1megl[0m found: [1;32mYES[0m [36m1.5[0m
[11.587s] Run-time dependency [1mglesv2[0m found: [1;32mYES[0m [36m3.2[0m
[11.663s] Check usable header "[1mEGL/egl.h[0m" with dependency egl: [1;32mYES[0m 
[11.891s] Run-time dependency [1mdl[0m found: [1;32mYES[0m
[11.922s] Run-time dependency [1mlibudev[0m found: [1;32mYES[0m [36m255[0m
[11.955s] Run-time dependency [1myaml-0.1[0m found: [1;32mYES[0m [36m0.2.5[0m
[12.549s] Run-time dependency [1mgnutls[0m found: [1;31mNO[0m (tried pkgconfig and cmake)
[12.579s] Run-time dependency [1mlibcrypto[0m found: [1;32mYES[0m [36m3.0.13[0m
[12.655s] Header "[1muchar.h[0m" has symbol "[1mmbrtoc16[0m" skipped: feature [1mandroid[0m disabled
[12.866s] Run-time dependency [1mtensorflow-lite[0m found: [1;31mNO[0m (tried pkgconfig and cmake)
[13.094s] Run-time dependency [1mlibevent_pthreads[0m found: [1;32mYES[0m [36m2.1.12-stable[0m
[13.128s] Run-time dependency [1mlibtiff-4[0m found: [1;32mYES[0m [36m4.5.1[0m
[13.189s] Run-time dependency [1mGTest[0m found: [1;32mYES[0m [36m1.14.0[0m
[13.248s] Run-time dependency [1mlibdrm[0m found: [1;32mYES[0m [36m2.4.125[0m
[13.283s] Run-time dependency [1msdl2[0m found: [1;32mYES[0m [36m2.30.0[0m
[13.285s] Dependency [1mlibjpeg[0m found: [1;32mYES[0m [36m2.1.5[0m [1;34m(cached)[0m
[13.355s] Run-time dependency [1mqt6[0m (modules: Core, Gui, OpenGL, OpenGLWidgets, Widgets) found: [1;31mNO[0m (tried pkgconfig)
[13.408s] Run-time dependency [1mglib-2.0[0m found: [1;32mYES[0m [36m2.80.0[0m
[13.457s] Run-time dependency [1mgstreamer-video-1.0[0m found: [1;31mNO[0m (tried pkgconfig and cmake)
[13.501s] Run-time dependency [1mgstreamer-allocators-1.0[0m found: [1;31mNO[0m (tried pkgconfig and cmake)
[13.636s] Program python3 found: [1;32mYES[0m (/usr/bin/python3)
[13.667s] Run-time dependency [1mpybind11[0m found: [1;32mYES[0m [36m2.11.1[0m
[13.733s] Run-time dependency [1mpython[0m found: [1;32mYES[0m [36m3.12[0m
[13.784s] Configuring [1mlibcamerify[0m using configuration
[13.817s] Program [1mdoxygen[0m found: [1;31mNO[0m
[13.818s] Program [1mdot[0m found: [1;32mYES[0m (/usr/bin/dot)
[13.820s] Program [1msphinx-build-3 sphinx-build[0m found: [1;31mNO[0m
[13.869s] Configuring [1mconfig.h[0m using configuration
[15.130s] 
[15.131s] ../../src/libcamera/meson.build:291:8: [1;31mERROR:[0m Problem encountered: Python module 'ply' not found
[15.133s] 
[15.134s] A full log can be found at [1m/home/isc/tk2_ws/build/libcamera/meson-logs/meson-log.txt[0m
[15.453s] Invoked command in '/home/isc/tk2_ws/build/libcamera' returned '1': /usr/bin/meson setup --libdir=lib --prefix=/home/isc/tk2_ws/install/libcamera --buildtype=release /home/isc/tk2_ws/build/libcamera /home/isc/tk2_ws/src/libcamera
