[1.293s] DEBUG:colcon:Command line arguments: ['/usr/bin/colcon', 'build']
[1.293s] DEBUG:colcon:Parsed command line arguments: Namespace(log_base=None, log_level=None, verb_name='build', build_base='build', install_base='install', merge_install=False, symlink_install=False, test_result_base=None, continue_on_error=False, executor='parallel', parallel_workers=4, event_handlers=None, ignore_user_meta=False, metas=['./colcon.meta'], base_paths=['.'], packages_ignore=None, packages_ignore_regex=None, paths=None, packages_up_to=None, packages_up_to_regex=None, packages_above=None, packages_above_and_dependencies=None, packages_above_depth=None, packages_select_by_dep=None, packages_skip_by_dep=None, packages_skip_up_to=None, packages_select_build_failed=False, packages_skip_build_finished=False, packages_select_test_failures=False, packages_skip_test_passed=False, packages_select=None, packages_skip=None, packages_select_regex=None, packages_skip_regex=None, packages_start=None, packages_end=None, allow_overriding=[], cmake_args=None, cmake_target=None, cmake_target_skip_unavailable=False, cmake_clean_cache=False, cmake_clean_first=False, cmake_force_configure=False, meson_args=[], ament_cmake_args=None, catkin_cmake_args=None, catkin_skip_building_tests=False, mixin_files=None, mixin=None, verb_parser=<colcon_mixin.mixin.mixin_argument.MixinArgumentDecorator object at 0xffffbd89e900>, verb_extension=<colcon_core.verb.build.BuildVerb object at 0xffffbda4ed20>, main=<bound method BuildVerb.main of <colcon_core.verb.build.BuildVerb object at 0xffffbda4ed20>>, mixin_verb=('build',))
[1.482s] Level 1:colcon.colcon_core.package_discovery:discover_packages(colcon_meta) check parameters
[1.482s] Level 1:colcon.colcon_core.package_discovery:discover_packages(recursive) check parameters
[1.483s] Level 1:colcon.colcon_core.package_discovery:discover_packages(ignore) check parameters
[1.483s] Level 1:colcon.colcon_core.package_discovery:discover_packages(path) check parameters
[1.483s] Level 1:colcon.colcon_core.package_discovery:discover_packages(colcon_meta) discover
[1.483s] Level 1:colcon.colcon_core.package_discovery:discover_packages(recursive) discover
[1.483s] INFO:colcon.colcon_core.package_discovery:Crawling recursively for packages in '/home/isc/tk2_ws'
[1.484s] Level 1:colcon.colcon_core.package_identification:_identify(.) by extensions ['ignore', 'ignore_ament_install']
[1.484s] Level 1:colcon.colcon_core.package_identification:_identify(.) by extension 'ignore'
[1.485s] Level 1:colcon.colcon_core.package_identification:_identify(.) by extension 'ignore_ament_install'
[1.485s] Level 1:colcon.colcon_core.package_identification:_identify(.) by extensions ['colcon_pkg']
[1.485s] Level 1:colcon.colcon_core.package_identification:_identify(.) by extension 'colcon_pkg'
[1.485s] Level 1:colcon.colcon_core.package_identification:_identify(.) by extensions ['colcon_meta']
[1.485s] Level 1:colcon.colcon_core.package_identification:_identify(.) by extension 'colcon_meta'
[1.485s] Level 1:colcon.colcon_core.package_identification:_identify(.) by extensions ['ros']
[1.485s] Level 1:colcon.colcon_core.package_identification:_identify(.) by extension 'ros'
[1.629s] Level 1:colcon.colcon_core.package_identification:_identify(.) by extensions ['cmake', 'meson', 'python']
[1.630s] Level 1:colcon.colcon_core.package_identification:_identify(.) by extension 'cmake'
[1.630s] Level 1:colcon.colcon_core.package_identification:_identify(.) by extension 'meson'
[1.635s] Level 1:colcon.colcon_core.package_identification:_identify(.) by extension 'python'
[1.635s] Level 1:colcon.colcon_core.package_identification:_identify(.) by extensions ['python_setup_py']
[1.636s] Level 1:colcon.colcon_core.package_identification:_identify(.) by extension 'python_setup_py'
[1.636s] Level 1:colcon.colcon_core.package_identification:_identify(build) by extensions ['ignore', 'ignore_ament_install']
[1.637s] Level 1:colcon.colcon_core.package_identification:_identify(build) by extension 'ignore'
[1.637s] Level 1:colcon.colcon_core.package_identification:_identify(build) ignored
[1.638s] Level 1:colcon.colcon_core.package_identification:_identify(install) by extensions ['ignore', 'ignore_ament_install']
[1.638s] Level 1:colcon.colcon_core.package_identification:_identify(install) by extension 'ignore'
[1.638s] Level 1:colcon.colcon_core.package_identification:_identify(install) ignored
[1.639s] Level 1:colcon.colcon_core.package_identification:_identify(log) by extensions ['ignore', 'ignore_ament_install']
[1.639s] Level 1:colcon.colcon_core.package_identification:_identify(log) by extension 'ignore'
[1.639s] Level 1:colcon.colcon_core.package_identification:_identify(log) ignored
[1.640s] Level 1:colcon.colcon_core.package_identification:_identify(src) by extensions ['ignore', 'ignore_ament_install']
[1.640s] Level 1:colcon.colcon_core.package_identification:_identify(src) by extension 'ignore'
[1.640s] Level 1:colcon.colcon_core.package_identification:_identify(src) by extension 'ignore_ament_install'
[1.640s] Level 1:colcon.colcon_core.package_identification:_identify(src) by extensions ['colcon_pkg']
[1.640s] Level 1:colcon.colcon_core.package_identification:_identify(src) by extension 'colcon_pkg'
[1.641s] Level 1:colcon.colcon_core.package_identification:_identify(src) by extensions ['colcon_meta']
[1.641s] Level 1:colcon.colcon_core.package_identification:_identify(src) by extension 'colcon_meta'
[1.641s] Level 1:colcon.colcon_core.package_identification:_identify(src) by extensions ['ros']
[1.641s] Level 1:colcon.colcon_core.package_identification:_identify(src) by extension 'ros'
[1.641s] Level 1:colcon.colcon_core.package_identification:_identify(src) by extensions ['cmake', 'meson', 'python']
[1.642s] Level 1:colcon.colcon_core.package_identification:_identify(src) by extension 'cmake'
[1.642s] Level 1:colcon.colcon_core.package_identification:_identify(src) by extension 'meson'
[1.646s] Level 1:colcon.colcon_core.package_identification:_identify(src) by extension 'python'
[1.646s] Level 1:colcon.colcon_core.package_identification:_identify(src) by extensions ['python_setup_py']
[1.646s] Level 1:colcon.colcon_core.package_identification:_identify(src) by extension 'python_setup_py'
[1.647s] Level 1:colcon.colcon_core.package_identification:_identify(src/rplidar_ros) by extensions ['ignore', 'ignore_ament_install']
[1.647s] Level 1:colcon.colcon_core.package_identification:_identify(src/rplidar_ros) by extension 'ignore'
[1.647s] Level 1:colcon.colcon_core.package_identification:_identify(src/rplidar_ros) by extension 'ignore_ament_install'
[1.647s] Level 1:colcon.colcon_core.package_identification:_identify(src/rplidar_ros) by extensions ['colcon_pkg']
[1.648s] Level 1:colcon.colcon_core.package_identification:_identify(src/rplidar_ros) by extension 'colcon_pkg'
[1.648s] Level 1:colcon.colcon_core.package_identification:_identify(src/rplidar_ros) by extensions ['colcon_meta']
[1.648s] Level 1:colcon.colcon_core.package_identification:_identify(src/rplidar_ros) by extension 'colcon_meta'
[1.648s] Level 1:colcon.colcon_core.package_identification:_identify(src/rplidar_ros) by extensions ['ros']
[1.648s] Level 1:colcon.colcon_core.package_identification:_identify(src/rplidar_ros) by extension 'ros'
[1.664s] DEBUG:colcon.colcon_core.package_identification:Package 'src/rplidar_ros' with type 'ros.ament_cmake' and name 'rplidar_ros'
[1.665s] Level 1:colcon.colcon_core.package_identification:_identify(src/tf2_transforms) by extensions ['ignore', 'ignore_ament_install']
[1.665s] Level 1:colcon.colcon_core.package_identification:_identify(src/tf2_transforms) by extension 'ignore'
[1.666s] Level 1:colcon.colcon_core.package_identification:_identify(src/tf2_transforms) by extension 'ignore_ament_install'
[1.666s] Level 1:colcon.colcon_core.package_identification:_identify(src/tf2_transforms) by extensions ['colcon_pkg']
[1.666s] Level 1:colcon.colcon_core.package_identification:_identify(src/tf2_transforms) by extension 'colcon_pkg'
[1.666s] Level 1:colcon.colcon_core.package_identification:_identify(src/tf2_transforms) by extensions ['colcon_meta']
[1.666s] Level 1:colcon.colcon_core.package_identification:_identify(src/tf2_transforms) by extension 'colcon_meta'
[1.667s] Level 1:colcon.colcon_core.package_identification:_identify(src/tf2_transforms) by extensions ['ros']
[1.667s] Level 1:colcon.colcon_core.package_identification:_identify(src/tf2_transforms) by extension 'ros'
[1.670s] DEBUG:colcon.colcon_core.package_identification:Package 'src/tf2_transforms' with type 'ros.ament_cmake' and name 'tf2_transforms'
[1.671s] Level 1:colcon.colcon_core.package_identification:_identify(src/v4l2_camera) by extensions ['ignore', 'ignore_ament_install']
[1.671s] Level 1:colcon.colcon_core.package_identification:_identify(src/v4l2_camera) by extension 'ignore'
[1.671s] Level 1:colcon.colcon_core.package_identification:_identify(src/v4l2_camera) by extension 'ignore_ament_install'
[1.672s] Level 1:colcon.colcon_core.package_identification:_identify(src/v4l2_camera) by extensions ['colcon_pkg']
[1.672s] Level 1:colcon.colcon_core.package_identification:_identify(src/v4l2_camera) by extension 'colcon_pkg'
[1.672s] Level 1:colcon.colcon_core.package_identification:_identify(src/v4l2_camera) by extensions ['colcon_meta']
[1.672s] Level 1:colcon.colcon_core.package_identification:_identify(src/v4l2_camera) by extension 'colcon_meta'
[1.672s] Level 1:colcon.colcon_core.package_identification:_identify(src/v4l2_camera) by extensions ['ros']
[1.673s] Level 1:colcon.colcon_core.package_identification:_identify(src/v4l2_camera) by extension 'ros'
[1.676s] DEBUG:colcon.colcon_core.package_identification:Package 'src/v4l2_camera' with type 'ros.ament_cmake' and name 'v4l2_camera'
[1.676s] Level 1:colcon.colcon_core.package_discovery:discover_packages(recursive) using defaults
[1.676s] Level 1:colcon.colcon_core.package_discovery:discover_packages(ignore) discover
[1.677s] Level 1:colcon.colcon_core.package_discovery:discover_packages(ignore) using defaults
[1.677s] Level 1:colcon.colcon_core.package_discovery:discover_packages(path) discover
[1.677s] Level 1:colcon.colcon_core.package_discovery:discover_packages(path) using defaults
[1.758s] Level 1:colcon.colcon_core.package_discovery:discover_packages(prefix_path) check parameters
[1.758s] Level 1:colcon.colcon_core.package_discovery:discover_packages(prefix_path) discover
[1.771s] DEBUG:colcon.colcon_installed_package_information.package_discovery:Found 3 installed packages in /home/isc/tk2_ws/install
[1.783s] DEBUG:colcon.colcon_installed_package_information.package_discovery:Found 298 installed packages in /opt/ros/jazzy
[1.787s] Level 1:colcon.colcon_core.package_discovery:discover_packages(prefix_path) using defaults
[2.047s] Level 5:colcon.colcon_core.verb:set package 'rplidar_ros' build argument 'cmake_args' from command line to 'None'
[2.047s] Level 5:colcon.colcon_core.verb:set package 'rplidar_ros' build argument 'cmake_target' from command line to 'None'
[2.047s] Level 5:colcon.colcon_core.verb:set package 'rplidar_ros' build argument 'cmake_target_skip_unavailable' from command line to 'False'
[2.047s] Level 5:colcon.colcon_core.verb:set package 'rplidar_ros' build argument 'cmake_clean_cache' from command line to 'False'
[2.048s] Level 5:colcon.colcon_core.verb:set package 'rplidar_ros' build argument 'cmake_clean_first' from command line to 'False'
[2.048s] Level 5:colcon.colcon_core.verb:set package 'rplidar_ros' build argument 'cmake_force_configure' from command line to 'False'
[2.048s] Level 5:colcon.colcon_core.verb:set package 'rplidar_ros' build argument 'meson_args' from command line to '[]'
[2.048s] Level 5:colcon.colcon_core.verb:set package 'rplidar_ros' build argument 'ament_cmake_args' from command line to 'None'
[2.048s] Level 5:colcon.colcon_core.verb:set package 'rplidar_ros' build argument 'catkin_cmake_args' from command line to 'None'
[2.048s] Level 5:colcon.colcon_core.verb:set package 'rplidar_ros' build argument 'catkin_skip_building_tests' from command line to 'False'
[2.048s] DEBUG:colcon.colcon_core.verb:Building package 'rplidar_ros' with the following arguments: {'ament_cmake_args': None, 'build_base': '/home/isc/tk2_ws/build/rplidar_ros', 'catkin_cmake_args': None, 'catkin_skip_building_tests': False, 'cmake_args': None, 'cmake_clean_cache': False, 'cmake_clean_first': False, 'cmake_force_configure': False, 'cmake_target': None, 'cmake_target_skip_unavailable': False, 'install_base': '/home/isc/tk2_ws/install/rplidar_ros', 'merge_install': False, 'meson_args': [], 'path': '/home/isc/tk2_ws/src/rplidar_ros', 'symlink_install': False, 'test_result_base': None}
[2.100s] Level 5:colcon.colcon_core.verb:set package 'tf2_transforms' build argument 'cmake_args' from command line to 'None'
[2.101s] Level 5:colcon.colcon_core.verb:set package 'tf2_transforms' build argument 'cmake_target' from command line to 'None'
[2.101s] Level 5:colcon.colcon_core.verb:set package 'tf2_transforms' build argument 'cmake_target_skip_unavailable' from command line to 'False'
[2.101s] Level 5:colcon.colcon_core.verb:set package 'tf2_transforms' build argument 'cmake_clean_cache' from command line to 'False'
[2.101s] Level 5:colcon.colcon_core.verb:set package 'tf2_transforms' build argument 'cmake_clean_first' from command line to 'False'
[2.101s] Level 5:colcon.colcon_core.verb:set package 'tf2_transforms' build argument 'cmake_force_configure' from command line to 'False'
[2.101s] Level 5:colcon.colcon_core.verb:set package 'tf2_transforms' build argument 'meson_args' from command line to '[]'
[2.101s] Level 5:colcon.colcon_core.verb:set package 'tf2_transforms' build argument 'ament_cmake_args' from command line to 'None'
[2.101s] Level 5:colcon.colcon_core.verb:set package 'tf2_transforms' build argument 'catkin_cmake_args' from command line to 'None'
[2.101s] Level 5:colcon.colcon_core.verb:set package 'tf2_transforms' build argument 'catkin_skip_building_tests' from command line to 'False'
[2.102s] DEBUG:colcon.colcon_core.verb:Building package 'tf2_transforms' with the following arguments: {'ament_cmake_args': None, 'build_base': '/home/isc/tk2_ws/build/tf2_transforms', 'catkin_cmake_args': None, 'catkin_skip_building_tests': False, 'cmake_args': None, 'cmake_clean_cache': False, 'cmake_clean_first': False, 'cmake_force_configure': False, 'cmake_target': None, 'cmake_target_skip_unavailable': False, 'install_base': '/home/isc/tk2_ws/install/tf2_transforms', 'merge_install': False, 'meson_args': [], 'path': '/home/isc/tk2_ws/src/tf2_transforms', 'symlink_install': False, 'test_result_base': None}
[2.154s] Level 5:colcon.colcon_core.verb:set package 'v4l2_camera' build argument 'cmake_args' from command line to 'None'
[2.154s] Level 5:colcon.colcon_core.verb:set package 'v4l2_camera' build argument 'cmake_target' from command line to 'None'
[2.154s] Level 5:colcon.colcon_core.verb:set package 'v4l2_camera' build argument 'cmake_target_skip_unavailable' from command line to 'False'
[2.154s] Level 5:colcon.colcon_core.verb:set package 'v4l2_camera' build argument 'cmake_clean_cache' from command line to 'False'
[2.154s] Level 5:colcon.colcon_core.verb:set package 'v4l2_camera' build argument 'cmake_clean_first' from command line to 'False'
[2.154s] Level 5:colcon.colcon_core.verb:set package 'v4l2_camera' build argument 'cmake_force_configure' from command line to 'False'
[2.154s] Level 5:colcon.colcon_core.verb:set package 'v4l2_camera' build argument 'meson_args' from command line to '[]'
[2.154s] Level 5:colcon.colcon_core.verb:set package 'v4l2_camera' build argument 'ament_cmake_args' from command line to 'None'
[2.155s] Level 5:colcon.colcon_core.verb:set package 'v4l2_camera' build argument 'catkin_cmake_args' from command line to 'None'
[2.155s] Level 5:colcon.colcon_core.verb:set package 'v4l2_camera' build argument 'catkin_skip_building_tests' from command line to 'False'
[2.155s] DEBUG:colcon.colcon_core.verb:Building package 'v4l2_camera' with the following arguments: {'ament_cmake_args': None, 'build_base': '/home/isc/tk2_ws/build/v4l2_camera', 'catkin_cmake_args': None, 'catkin_skip_building_tests': False, 'cmake_args': None, 'cmake_clean_cache': False, 'cmake_clean_first': False, 'cmake_force_configure': False, 'cmake_target': None, 'cmake_target_skip_unavailable': False, 'install_base': '/home/isc/tk2_ws/install/v4l2_camera', 'merge_install': False, 'meson_args': [], 'path': '/home/isc/tk2_ws/src/v4l2_camera', 'symlink_install': False, 'test_result_base': None}
[2.155s] INFO:colcon.colcon_core.executor:Executing jobs using 'parallel' executor
[2.158s] DEBUG:colcon.colcon_parallel_executor.executor.parallel:run_until_complete
[2.160s] INFO:colcon.colcon_ros.task.ament_cmake.build:Building ROS package in '/home/isc/tk2_ws/src/rplidar_ros' with build type 'ament_cmake'
[2.160s] INFO:colcon.colcon_cmake.task.cmake.build:Building CMake package in '/home/isc/tk2_ws/src/rplidar_ros'
[2.179s] INFO:colcon.colcon_core.plugin_system:Skipping extension 'colcon_core.shell.bat': Not used on non-Windows systems
[2.181s] INFO:colcon.colcon_core.shell:Skip shell extension 'powershell' for command environment: Not usable outside of PowerShell
[2.181s] DEBUG:colcon.colcon_core.shell:Skip shell extension 'dsv' for command environment
[2.203s] INFO:colcon.colcon_ros.task.ament_cmake.build:Building ROS package in '/home/isc/tk2_ws/src/tf2_transforms' with build type 'ament_cmake'
[2.203s] INFO:colcon.colcon_cmake.task.cmake.build:Building CMake package in '/home/isc/tk2_ws/src/tf2_transforms'
[2.204s] INFO:colcon.colcon_core.shell:Skip shell extension 'powershell' for command environment: Not usable outside of PowerShell
[2.204s] DEBUG:colcon.colcon_core.shell:Skip shell extension 'dsv' for command environment
[2.224s] INFO:colcon.colcon_ros.task.ament_cmake.build:Building ROS package in '/home/isc/tk2_ws/src/v4l2_camera' with build type 'ament_cmake'
[2.225s] INFO:colcon.colcon_cmake.task.cmake.build:Building CMake package in '/home/isc/tk2_ws/src/v4l2_camera'
[2.226s] INFO:colcon.colcon_core.shell:Skip shell extension 'powershell' for command environment: Not usable outside of PowerShell
[2.226s] DEBUG:colcon.colcon_core.shell:Skip shell extension 'dsv' for command environment
[2.265s] DEBUG:colcon.colcon_core.event_handler.log_command:Invoking command in '/home/isc/tk2_ws/build/rplidar_ros': CMAKE_PREFIX_PATH=${CMAKE_PREFIX_PATH}:/opt/ros/jazzy /usr/bin/cmake --build /home/isc/tk2_ws/build/rplidar_ros -- -j4 -l4
[2.276s] DEBUG:colcon.colcon_core.event_handler.log_command:Invoking command in '/home/isc/tk2_ws/build/tf2_transforms': CMAKE_PREFIX_PATH=${CMAKE_PREFIX_PATH}:/opt/ros/jazzy /usr/bin/cmake /home/isc/tk2_ws/src/tf2_transforms -DCMAKE_INSTALL_PREFIX=/home/isc/tk2_ws/install/tf2_transforms
[2.302s] DEBUG:colcon.colcon_core.event_handler.log_command:Invoking command in '/home/isc/tk2_ws/build/v4l2_camera': CMAKE_PREFIX_PATH=${CMAKE_PREFIX_PATH}:/opt/ros/jazzy /usr/bin/cmake --build /home/isc/tk2_ws/build/v4l2_camera -- -j4 -l4
[3.388s] DEBUG:colcon.colcon_core.event_handler.log_command:Invoked command in '/home/isc/tk2_ws/build/rplidar_ros' returned '0': CMAKE_PREFIX_PATH=${CMAKE_PREFIX_PATH}:/opt/ros/jazzy /usr/bin/cmake --build /home/isc/tk2_ws/build/rplidar_ros -- -j4 -l4
[3.477s] DEBUG:colcon.colcon_core.event_handler.log_command:Invoking command in '/home/isc/tk2_ws/build/rplidar_ros': CMAKE_PREFIX_PATH=${CMAKE_PREFIX_PATH}:/opt/ros/jazzy /usr/bin/cmake --install /home/isc/tk2_ws/build/rplidar_ros
[3.647s] Level 1:colcon.colcon_core.environment:create_environment_scripts_only(rplidar_ros)
[3.650s] DEBUG:colcon.colcon_core.event_handler.log_command:Invoked command in '/home/isc/tk2_ws/build/rplidar_ros' returned '0': CMAKE_PREFIX_PATH=${CMAKE_PREFIX_PATH}:/opt/ros/jazzy /usr/bin/cmake --install /home/isc/tk2_ws/build/rplidar_ros
[3.676s] Level 1:colcon.colcon_core.environment:checking '/home/isc/tk2_ws/install/rplidar_ros' for CMake module files
[3.681s] Level 1:colcon.colcon_core.environment:checking '/home/isc/tk2_ws/install/rplidar_ros' for CMake config files
[3.685s] Level 1:colcon.colcon_core.shell:create_environment_hook('rplidar_ros', 'cmake_prefix_path')
[3.686s] INFO:colcon.colcon_core.shell:Creating environment hook '/home/isc/tk2_ws/install/rplidar_ros/share/rplidar_ros/hook/cmake_prefix_path.ps1'
[3.690s] INFO:colcon.colcon_core.shell:Creating environment descriptor '/home/isc/tk2_ws/install/rplidar_ros/share/rplidar_ros/hook/cmake_prefix_path.dsv'
[3.693s] INFO:colcon.colcon_core.shell:Creating environment hook '/home/isc/tk2_ws/install/rplidar_ros/share/rplidar_ros/hook/cmake_prefix_path.sh'
[3.697s] Level 1:colcon.colcon_core.environment:checking '/home/isc/tk2_ws/install/rplidar_ros/lib'
[3.698s] Level 1:colcon.colcon_core.environment:checking '/home/isc/tk2_ws/install/rplidar_ros/bin'
[3.698s] Level 1:colcon.colcon_core.environment:checking '/home/isc/tk2_ws/install/rplidar_ros/lib/pkgconfig/rplidar_ros.pc'
[3.699s] Level 1:colcon.colcon_core.environment:checking '/home/isc/tk2_ws/install/rplidar_ros/lib/python3.12/site-packages'
[3.701s] Level 1:colcon.colcon_core.environment:checking '/home/isc/tk2_ws/install/rplidar_ros/bin'
[3.702s] INFO:colcon.colcon_core.shell:Creating package script '/home/isc/tk2_ws/install/rplidar_ros/share/rplidar_ros/package.ps1'
[3.707s] INFO:colcon.colcon_core.shell:Creating package descriptor '/home/isc/tk2_ws/install/rplidar_ros/share/rplidar_ros/package.dsv'
[3.710s] INFO:colcon.colcon_core.shell:Creating package script '/home/isc/tk2_ws/install/rplidar_ros/share/rplidar_ros/package.sh'
[3.713s] INFO:colcon.colcon_core.shell:Creating package script '/home/isc/tk2_ws/install/rplidar_ros/share/rplidar_ros/package.bash'
[3.717s] INFO:colcon.colcon_core.shell:Creating package script '/home/isc/tk2_ws/install/rplidar_ros/share/rplidar_ros/package.zsh'
[3.721s] Level 1:colcon.colcon_core.environment:create_file_with_runtime_dependencies(/home/isc/tk2_ws/install/rplidar_ros/share/colcon-core/packages/rplidar_ros)
[3.724s] Level 1:colcon.colcon_core.environment:create_environment_scripts_only(rplidar_ros)
[3.725s] Level 1:colcon.colcon_core.environment:checking '/home/isc/tk2_ws/install/rplidar_ros' for CMake module files
[3.729s] Level 1:colcon.colcon_core.environment:checking '/home/isc/tk2_ws/install/rplidar_ros' for CMake config files
[3.733s] Level 1:colcon.colcon_core.shell:create_environment_hook('rplidar_ros', 'cmake_prefix_path')
[3.734s] INFO:colcon.colcon_core.shell:Creating environment hook '/home/isc/tk2_ws/install/rplidar_ros/share/rplidar_ros/hook/cmake_prefix_path.ps1'
[3.736s] INFO:colcon.colcon_core.shell:Creating environment descriptor '/home/isc/tk2_ws/install/rplidar_ros/share/rplidar_ros/hook/cmake_prefix_path.dsv'
[3.738s] INFO:colcon.colcon_core.shell:Creating environment hook '/home/isc/tk2_ws/install/rplidar_ros/share/rplidar_ros/hook/cmake_prefix_path.sh'
[3.741s] Level 1:colcon.colcon_core.environment:checking '/home/isc/tk2_ws/install/rplidar_ros/lib'
[3.741s] Level 1:colcon.colcon_core.environment:checking '/home/isc/tk2_ws/install/rplidar_ros/bin'
[3.742s] Level 1:colcon.colcon_core.environment:checking '/home/isc/tk2_ws/install/rplidar_ros/lib/pkgconfig/rplidar_ros.pc'
[3.743s] Level 1:colcon.colcon_core.environment:checking '/home/isc/tk2_ws/install/rplidar_ros/lib/python3.12/site-packages'
[3.744s] Level 1:colcon.colcon_core.environment:checking '/home/isc/tk2_ws/install/rplidar_ros/bin'
[3.745s] INFO:colcon.colcon_core.shell:Creating package script '/home/isc/tk2_ws/install/rplidar_ros/share/rplidar_ros/package.ps1'
[3.748s] INFO:colcon.colcon_core.shell:Creating package descriptor '/home/isc/tk2_ws/install/rplidar_ros/share/rplidar_ros/package.dsv'
[3.753s] INFO:colcon.colcon_core.shell:Creating package script '/home/isc/tk2_ws/install/rplidar_ros/share/rplidar_ros/package.sh'
[3.758s] INFO:colcon.colcon_core.shell:Creating package script '/home/isc/tk2_ws/install/rplidar_ros/share/rplidar_ros/package.bash'
[3.761s] INFO:colcon.colcon_core.shell:Creating package script '/home/isc/tk2_ws/install/rplidar_ros/share/rplidar_ros/package.zsh'
[3.763s] Level 1:colcon.colcon_core.environment:create_file_with_runtime_dependencies(/home/isc/tk2_ws/install/rplidar_ros/share/colcon-core/packages/rplidar_ros)
[3.772s] DEBUG:colcon.colcon_core.event_handler.log_command:Invoked command in '/home/isc/tk2_ws/build/v4l2_camera' returned '0': CMAKE_PREFIX_PATH=${CMAKE_PREFIX_PATH}:/opt/ros/jazzy /usr/bin/cmake --build /home/isc/tk2_ws/build/v4l2_camera -- -j4 -l4
[3.789s] DEBUG:colcon.colcon_core.event_handler.log_command:Invoking command in '/home/isc/tk2_ws/build/v4l2_camera': CMAKE_PREFIX_PATH=${CMAKE_PREFIX_PATH}:/opt/ros/jazzy /usr/bin/cmake --install /home/isc/tk2_ws/build/v4l2_camera
[3.889s] Level 1:colcon.colcon_core.environment:create_environment_scripts_only(v4l2_camera)
[3.890s] Level 1:colcon.colcon_core.environment:checking '/home/isc/tk2_ws/install/v4l2_camera' for CMake module files
[3.891s] DEBUG:colcon.colcon_core.event_handler.log_command:Invoked command in '/home/isc/tk2_ws/build/v4l2_camera' returned '0': CMAKE_PREFIX_PATH=${CMAKE_PREFIX_PATH}:/opt/ros/jazzy /usr/bin/cmake --install /home/isc/tk2_ws/build/v4l2_camera
[3.895s] Level 1:colcon.colcon_core.environment:checking '/home/isc/tk2_ws/install/v4l2_camera' for CMake config files
[3.897s] Level 1:colcon.colcon_core.shell:create_environment_hook('v4l2_camera', 'cmake_prefix_path')
[3.898s] INFO:colcon.colcon_core.shell:Creating environment hook '/home/isc/tk2_ws/install/v4l2_camera/share/v4l2_camera/hook/cmake_prefix_path.ps1'
[3.900s] INFO:colcon.colcon_core.shell:Creating environment descriptor '/home/isc/tk2_ws/install/v4l2_camera/share/v4l2_camera/hook/cmake_prefix_path.dsv'
[3.904s] INFO:colcon.colcon_core.shell:Creating environment hook '/home/isc/tk2_ws/install/v4l2_camera/share/v4l2_camera/hook/cmake_prefix_path.sh'
[3.909s] Level 1:colcon.colcon_core.environment:checking '/home/isc/tk2_ws/install/v4l2_camera/lib'
[3.910s] Level 1:colcon.colcon_core.shell:create_environment_hook('v4l2_camera', 'ld_library_path_lib')
[3.911s] INFO:colcon.colcon_core.shell:Creating environment hook '/home/isc/tk2_ws/install/v4l2_camera/share/v4l2_camera/hook/ld_library_path_lib.ps1'
[3.916s] INFO:colcon.colcon_core.shell:Creating environment descriptor '/home/isc/tk2_ws/install/v4l2_camera/share/v4l2_camera/hook/ld_library_path_lib.dsv'
[3.918s] INFO:colcon.colcon_core.shell:Creating environment hook '/home/isc/tk2_ws/install/v4l2_camera/share/v4l2_camera/hook/ld_library_path_lib.sh'
[3.921s] Level 1:colcon.colcon_core.environment:checking '/home/isc/tk2_ws/install/v4l2_camera/bin'
[3.922s] Level 1:colcon.colcon_core.environment:checking '/home/isc/tk2_ws/install/v4l2_camera/lib/pkgconfig/v4l2_camera.pc'
[3.923s] Level 1:colcon.colcon_core.environment:checking '/home/isc/tk2_ws/install/v4l2_camera/lib/python3.12/site-packages'
[3.925s] Level 1:colcon.colcon_core.environment:checking '/home/isc/tk2_ws/install/v4l2_camera/bin'
[3.926s] INFO:colcon.colcon_core.shell:Creating package script '/home/isc/tk2_ws/install/v4l2_camera/share/v4l2_camera/package.ps1'
[3.930s] INFO:colcon.colcon_core.shell:Creating package descriptor '/home/isc/tk2_ws/install/v4l2_camera/share/v4l2_camera/package.dsv'
[3.932s] INFO:colcon.colcon_core.shell:Creating package script '/home/isc/tk2_ws/install/v4l2_camera/share/v4l2_camera/package.sh'
[3.934s] INFO:colcon.colcon_core.shell:Creating package script '/home/isc/tk2_ws/install/v4l2_camera/share/v4l2_camera/package.bash'
[3.938s] INFO:colcon.colcon_core.shell:Creating package script '/home/isc/tk2_ws/install/v4l2_camera/share/v4l2_camera/package.zsh'
[3.941s] Level 1:colcon.colcon_core.environment:create_file_with_runtime_dependencies(/home/isc/tk2_ws/install/v4l2_camera/share/colcon-core/packages/v4l2_camera)
[3.947s] Level 1:colcon.colcon_core.environment:create_environment_scripts_only(v4l2_camera)
[3.948s] Level 1:colcon.colcon_core.environment:checking '/home/isc/tk2_ws/install/v4l2_camera' for CMake module files
[3.952s] Level 1:colcon.colcon_core.environment:checking '/home/isc/tk2_ws/install/v4l2_camera' for CMake config files
[3.954s] Level 1:colcon.colcon_core.shell:create_environment_hook('v4l2_camera', 'cmake_prefix_path')
[3.955s] INFO:colcon.colcon_core.shell:Creating environment hook '/home/isc/tk2_ws/install/v4l2_camera/share/v4l2_camera/hook/cmake_prefix_path.ps1'
[3.960s] INFO:colcon.colcon_core.shell:Creating environment descriptor '/home/isc/tk2_ws/install/v4l2_camera/share/v4l2_camera/hook/cmake_prefix_path.dsv'
[3.963s] INFO:colcon.colcon_core.shell:Creating environment hook '/home/isc/tk2_ws/install/v4l2_camera/share/v4l2_camera/hook/cmake_prefix_path.sh'
[3.968s] Level 1:colcon.colcon_core.environment:checking '/home/isc/tk2_ws/install/v4l2_camera/lib'
[3.969s] Level 1:colcon.colcon_core.shell:create_environment_hook('v4l2_camera', 'ld_library_path_lib')
[3.970s] INFO:colcon.colcon_core.shell:Creating environment hook '/home/isc/tk2_ws/install/v4l2_camera/share/v4l2_camera/hook/ld_library_path_lib.ps1'
[3.973s] INFO:colcon.colcon_core.shell:Creating environment descriptor '/home/isc/tk2_ws/install/v4l2_camera/share/v4l2_camera/hook/ld_library_path_lib.dsv'
[3.976s] INFO:colcon.colcon_core.shell:Creating environment hook '/home/isc/tk2_ws/install/v4l2_camera/share/v4l2_camera/hook/ld_library_path_lib.sh'
[3.981s] Level 1:colcon.colcon_core.environment:checking '/home/isc/tk2_ws/install/v4l2_camera/bin'
[3.981s] Level 1:colcon.colcon_core.environment:checking '/home/isc/tk2_ws/install/v4l2_camera/lib/pkgconfig/v4l2_camera.pc'
[3.982s] Level 1:colcon.colcon_core.environment:checking '/home/isc/tk2_ws/install/v4l2_camera/lib/python3.12/site-packages'
[3.984s] Level 1:colcon.colcon_core.environment:checking '/home/isc/tk2_ws/install/v4l2_camera/bin'
[3.986s] INFO:colcon.colcon_core.shell:Creating package script '/home/isc/tk2_ws/install/v4l2_camera/share/v4l2_camera/package.ps1'
[3.990s] INFO:colcon.colcon_core.shell:Creating package descriptor '/home/isc/tk2_ws/install/v4l2_camera/share/v4l2_camera/package.dsv'
[3.996s] INFO:colcon.colcon_core.shell:Creating package script '/home/isc/tk2_ws/install/v4l2_camera/share/v4l2_camera/package.sh'
[4.001s] INFO:colcon.colcon_core.shell:Creating package script '/home/isc/tk2_ws/install/v4l2_camera/share/v4l2_camera/package.bash'
[4.004s] INFO:colcon.colcon_core.shell:Creating package script '/home/isc/tk2_ws/install/v4l2_camera/share/v4l2_camera/package.zsh'
[4.008s] Level 1:colcon.colcon_core.environment:create_file_with_runtime_dependencies(/home/isc/tk2_ws/install/v4l2_camera/share/colcon-core/packages/v4l2_camera)
[11.531s] DEBUG:colcon.colcon_core.event_handler.log_command:Invoked command in '/home/isc/tk2_ws/build/tf2_transforms' returned '0': CMAKE_PREFIX_PATH=${CMAKE_PREFIX_PATH}:/opt/ros/jazzy /usr/bin/cmake /home/isc/tk2_ws/src/tf2_transforms -DCMAKE_INSTALL_PREFIX=/home/isc/tk2_ws/install/tf2_transforms
[11.536s] DEBUG:colcon.colcon_core.event_handler.log_command:Invoking command in '/home/isc/tk2_ws/build/tf2_transforms': CMAKE_PREFIX_PATH=${CMAKE_PREFIX_PATH}:/opt/ros/jazzy /usr/bin/cmake --build /home/isc/tk2_ws/build/tf2_transforms -- -j4 -l4
[11.749s] DEBUG:colcon.colcon_core.event_handler.log_command:Invoked command in '/home/isc/tk2_ws/build/tf2_transforms' returned '0': CMAKE_PREFIX_PATH=${CMAKE_PREFIX_PATH}:/opt/ros/jazzy /usr/bin/cmake --build /home/isc/tk2_ws/build/tf2_transforms -- -j4 -l4
[11.755s] DEBUG:colcon.colcon_core.event_handler.log_command:Invoking command in '/home/isc/tk2_ws/build/tf2_transforms': CMAKE_PREFIX_PATH=${CMAKE_PREFIX_PATH}:/opt/ros/jazzy /usr/bin/cmake --install /home/isc/tk2_ws/build/tf2_transforms
[11.819s] Level 1:colcon.colcon_core.environment:create_environment_scripts_only(tf2_transforms)
[11.820s] Level 1:colcon.colcon_core.environment:checking '/home/isc/tk2_ws/install/tf2_transforms' for CMake module files
[11.822s] DEBUG:colcon.colcon_core.event_handler.log_command:Invoked command in '/home/isc/tk2_ws/build/tf2_transforms' returned '0': CMAKE_PREFIX_PATH=${CMAKE_PREFIX_PATH}:/opt/ros/jazzy /usr/bin/cmake --install /home/isc/tk2_ws/build/tf2_transforms
[11.824s] Level 1:colcon.colcon_core.environment:checking '/home/isc/tk2_ws/install/tf2_transforms' for CMake config files
[11.826s] Level 1:colcon.colcon_core.shell:create_environment_hook('tf2_transforms', 'cmake_prefix_path')
[11.826s] INFO:colcon.colcon_core.shell:Creating environment hook '/home/isc/tk2_ws/install/tf2_transforms/share/tf2_transforms/hook/cmake_prefix_path.ps1'
[11.828s] INFO:colcon.colcon_core.shell:Creating environment descriptor '/home/isc/tk2_ws/install/tf2_transforms/share/tf2_transforms/hook/cmake_prefix_path.dsv'
[11.830s] INFO:colcon.colcon_core.shell:Creating environment hook '/home/isc/tk2_ws/install/tf2_transforms/share/tf2_transforms/hook/cmake_prefix_path.sh'
[11.832s] Level 1:colcon.colcon_core.environment:checking '/home/isc/tk2_ws/install/tf2_transforms/bin'
[11.832s] Level 1:colcon.colcon_core.environment:checking '/home/isc/tk2_ws/install/tf2_transforms/lib/pkgconfig/tf2_transforms.pc'
[11.833s] Level 1:colcon.colcon_core.environment:checking '/home/isc/tk2_ws/install/tf2_transforms/lib/python3.12/site-packages'
[11.835s] Level 1:colcon.colcon_core.environment:checking '/home/isc/tk2_ws/install/tf2_transforms/bin'
[11.836s] INFO:colcon.colcon_core.shell:Creating package script '/home/isc/tk2_ws/install/tf2_transforms/share/tf2_transforms/package.ps1'
[11.838s] INFO:colcon.colcon_core.shell:Creating package descriptor '/home/isc/tk2_ws/install/tf2_transforms/share/tf2_transforms/package.dsv'
[11.840s] INFO:colcon.colcon_core.shell:Creating package script '/home/isc/tk2_ws/install/tf2_transforms/share/tf2_transforms/package.sh'
[11.841s] INFO:colcon.colcon_core.shell:Creating package script '/home/isc/tk2_ws/install/tf2_transforms/share/tf2_transforms/package.bash'
[11.843s] INFO:colcon.colcon_core.shell:Creating package script '/home/isc/tk2_ws/install/tf2_transforms/share/tf2_transforms/package.zsh'
[11.844s] Level 1:colcon.colcon_core.environment:create_file_with_runtime_dependencies(/home/isc/tk2_ws/install/tf2_transforms/share/colcon-core/packages/tf2_transforms)
[11.846s] Level 1:colcon.colcon_core.environment:create_environment_scripts_only(tf2_transforms)
[11.847s] Level 1:colcon.colcon_core.environment:checking '/home/isc/tk2_ws/install/tf2_transforms' for CMake module files
[11.850s] Level 1:colcon.colcon_core.environment:checking '/home/isc/tk2_ws/install/tf2_transforms' for CMake config files
[11.851s] Level 1:colcon.colcon_core.shell:create_environment_hook('tf2_transforms', 'cmake_prefix_path')
[11.852s] INFO:colcon.colcon_core.shell:Creating environment hook '/home/isc/tk2_ws/install/tf2_transforms/share/tf2_transforms/hook/cmake_prefix_path.ps1'
[11.854s] INFO:colcon.colcon_core.shell:Creating environment descriptor '/home/isc/tk2_ws/install/tf2_transforms/share/tf2_transforms/hook/cmake_prefix_path.dsv'
[11.855s] INFO:colcon.colcon_core.shell:Creating environment hook '/home/isc/tk2_ws/install/tf2_transforms/share/tf2_transforms/hook/cmake_prefix_path.sh'
[11.858s] Level 1:colcon.colcon_core.environment:checking '/home/isc/tk2_ws/install/tf2_transforms/bin'
[11.858s] Level 1:colcon.colcon_core.environment:checking '/home/isc/tk2_ws/install/tf2_transforms/lib/pkgconfig/tf2_transforms.pc'
[11.859s] Level 1:colcon.colcon_core.environment:checking '/home/isc/tk2_ws/install/tf2_transforms/lib/python3.12/site-packages'
[11.860s] Level 1:colcon.colcon_core.environment:checking '/home/isc/tk2_ws/install/tf2_transforms/bin'
[11.861s] INFO:colcon.colcon_core.shell:Creating package script '/home/isc/tk2_ws/install/tf2_transforms/share/tf2_transforms/package.ps1'
[11.864s] INFO:colcon.colcon_core.shell:Creating package descriptor '/home/isc/tk2_ws/install/tf2_transforms/share/tf2_transforms/package.dsv'
[11.866s] INFO:colcon.colcon_core.shell:Creating package script '/home/isc/tk2_ws/install/tf2_transforms/share/tf2_transforms/package.sh'
[11.868s] INFO:colcon.colcon_core.shell:Creating package script '/home/isc/tk2_ws/install/tf2_transforms/share/tf2_transforms/package.bash'
[11.870s] INFO:colcon.colcon_core.shell:Creating package script '/home/isc/tk2_ws/install/tf2_transforms/share/tf2_transforms/package.zsh'
[11.871s] Level 1:colcon.colcon_core.environment:create_file_with_runtime_dependencies(/home/isc/tk2_ws/install/tf2_transforms/share/colcon-core/packages/tf2_transforms)
[11.873s] DEBUG:colcon.colcon_parallel_executor.executor.parallel:closing loop
[11.874s] DEBUG:colcon.colcon_parallel_executor.executor.parallel:loop closed
[11.875s] DEBUG:colcon.colcon_parallel_executor.executor.parallel:run_until_complete finished with '0'
[11.875s] DEBUG:colcon.colcon_core.event_reactor:joining thread
[11.877s] DEBUG:colcon.colcon_core.event_reactor:joined thread
[11.878s] INFO:colcon.colcon_core.shell:Creating prefix script '/home/isc/tk2_ws/install/local_setup.ps1'
[11.881s] INFO:colcon.colcon_core.shell:Creating prefix util module '/home/isc/tk2_ws/install/_local_setup_util_ps1.py'
[11.887s] INFO:colcon.colcon_core.shell:Creating prefix chain script '/home/isc/tk2_ws/install/setup.ps1'
[11.892s] INFO:colcon.colcon_core.shell:Creating prefix script '/home/isc/tk2_ws/install/local_setup.sh'
[11.895s] INFO:colcon.colcon_core.shell:Creating prefix util module '/home/isc/tk2_ws/install/_local_setup_util_sh.py'
[11.898s] INFO:colcon.colcon_core.shell:Creating prefix chain script '/home/isc/tk2_ws/install/setup.sh'
[11.902s] INFO:colcon.colcon_core.shell:Creating prefix script '/home/isc/tk2_ws/install/local_setup.bash'
[11.905s] INFO:colcon.colcon_core.shell:Creating prefix chain script '/home/isc/tk2_ws/install/setup.bash'
[11.910s] INFO:colcon.colcon_core.shell:Creating prefix script '/home/isc/tk2_ws/install/local_setup.zsh'
[11.912s] INFO:colcon.colcon_core.shell:Creating prefix chain script '/home/isc/tk2_ws/install/setup.zsh'
