[0.939s] DEBUG:colcon:Command line arguments: ['/usr/bin/colcon', 'build']
[0.940s] DEBUG:colcon:Parsed command line arguments: Namespace(log_base=None, log_level=None, verb_name='build', build_base='build', install_base='install', merge_install=False, symlink_install=False, test_result_base=None, continue_on_error=False, executor='parallel', parallel_workers=4, event_handlers=None, ignore_user_meta=False, metas=['./colcon.meta'], base_paths=['.'], packages_ignore=None, packages_ignore_regex=None, paths=None, packages_up_to=None, packages_up_to_regex=None, packages_above=None, packages_above_and_dependencies=None, packages_above_depth=None, packages_select_by_dep=None, packages_skip_by_dep=None, packages_skip_up_to=None, packages_select_build_failed=False, packages_skip_build_finished=False, packages_select_test_failures=False, packages_skip_test_passed=False, packages_select=None, packages_skip=None, packages_select_regex=None, packages_skip_regex=None, packages_start=None, packages_end=None, allow_overriding=[], cmake_args=None, cmake_target=None, cmake_target_skip_unavailable=False, cmake_clean_cache=False, cmake_clean_first=False, cmake_force_configure=False, meson_args=[], ament_cmake_args=None, catkin_cmake_args=None, catkin_skip_building_tests=False, mixin_files=None, mixin=None, verb_parser=<colcon_mixin.mixin.mixin_argument.MixinArgumentDecorator object at 0xffffb61b6960>, verb_extension=<colcon_core.verb.build.BuildVerb object at 0xffffb6367410>, main=<bound method BuildVerb.main of <colcon_core.verb.build.BuildVerb object at 0xffffb6367410>>, mixin_verb=('build',))
[1.113s] Level 1:colcon.colcon_core.package_discovery:discover_packages(colcon_meta) check parameters
[1.114s] Level 1:colcon.colcon_core.package_discovery:discover_packages(recursive) check parameters
[1.114s] Level 1:colcon.colcon_core.package_discovery:discover_packages(ignore) check parameters
[1.114s] Level 1:colcon.colcon_core.package_discovery:discover_packages(path) check parameters
[1.114s] Level 1:colcon.colcon_core.package_discovery:discover_packages(colcon_meta) discover
[1.114s] Level 1:colcon.colcon_core.package_discovery:discover_packages(recursive) discover
[1.114s] INFO:colcon.colcon_core.package_discovery:Crawling recursively for packages in '/home/isc/tk2_ws'
[1.115s] Level 1:colcon.colcon_core.package_identification:_identify(.) by extensions ['ignore', 'ignore_ament_install']
[1.115s] Level 1:colcon.colcon_core.package_identification:_identify(.) by extension 'ignore'
[1.115s] Level 1:colcon.colcon_core.package_identification:_identify(.) by extension 'ignore_ament_install'
[1.115s] Level 1:colcon.colcon_core.package_identification:_identify(.) by extensions ['colcon_pkg']
[1.116s] Level 1:colcon.colcon_core.package_identification:_identify(.) by extension 'colcon_pkg'
[1.116s] Level 1:colcon.colcon_core.package_identification:_identify(.) by extensions ['colcon_meta']
[1.116s] Level 1:colcon.colcon_core.package_identification:_identify(.) by extension 'colcon_meta'
[1.116s] Level 1:colcon.colcon_core.package_identification:_identify(.) by extensions ['ros']
[1.116s] Level 1:colcon.colcon_core.package_identification:_identify(.) by extension 'ros'
[1.260s] Level 1:colcon.colcon_core.package_identification:_identify(.) by extensions ['cmake', 'meson', 'python']
[1.260s] Level 1:colcon.colcon_core.package_identification:_identify(.) by extension 'cmake'
[1.260s] Level 1:colcon.colcon_core.package_identification:_identify(.) by extension 'meson'
[1.265s] Level 1:colcon.colcon_core.package_identification:_identify(.) by extension 'python'
[1.266s] Level 1:colcon.colcon_core.package_identification:_identify(.) by extensions ['python_setup_py']
[1.266s] Level 1:colcon.colcon_core.package_identification:_identify(.) by extension 'python_setup_py'
[1.266s] Level 1:colcon.colcon_core.package_identification:_identify(build) by extensions ['ignore', 'ignore_ament_install']
[1.267s] Level 1:colcon.colcon_core.package_identification:_identify(build) by extension 'ignore'
[1.267s] Level 1:colcon.colcon_core.package_identification:_identify(build) ignored
[1.268s] Level 1:colcon.colcon_core.package_identification:_identify(install) by extensions ['ignore', 'ignore_ament_install']
[1.269s] Level 1:colcon.colcon_core.package_identification:_identify(install) by extension 'ignore'
[1.269s] Level 1:colcon.colcon_core.package_identification:_identify(install) ignored
[1.269s] Level 1:colcon.colcon_core.package_identification:_identify(log) by extensions ['ignore', 'ignore_ament_install']
[1.269s] Level 1:colcon.colcon_core.package_identification:_identify(log) by extension 'ignore'
[1.270s] Level 1:colcon.colcon_core.package_identification:_identify(log) ignored
[1.270s] Level 1:colcon.colcon_core.package_identification:_identify(src) by extensions ['ignore', 'ignore_ament_install']
[1.270s] Level 1:colcon.colcon_core.package_identification:_identify(src) by extension 'ignore'
[1.270s] Level 1:colcon.colcon_core.package_identification:_identify(src) by extension 'ignore_ament_install'
[1.271s] Level 1:colcon.colcon_core.package_identification:_identify(src) by extensions ['colcon_pkg']
[1.271s] Level 1:colcon.colcon_core.package_identification:_identify(src) by extension 'colcon_pkg'
[1.271s] Level 1:colcon.colcon_core.package_identification:_identify(src) by extensions ['colcon_meta']
[1.271s] Level 1:colcon.colcon_core.package_identification:_identify(src) by extension 'colcon_meta'
[1.271s] Level 1:colcon.colcon_core.package_identification:_identify(src) by extensions ['ros']
[1.271s] Level 1:colcon.colcon_core.package_identification:_identify(src) by extension 'ros'
[1.272s] Level 1:colcon.colcon_core.package_identification:_identify(src) by extensions ['cmake', 'meson', 'python']
[1.272s] Level 1:colcon.colcon_core.package_identification:_identify(src) by extension 'cmake'
[1.272s] Level 1:colcon.colcon_core.package_identification:_identify(src) by extension 'meson'
[1.276s] Level 1:colcon.colcon_core.package_identification:_identify(src) by extension 'python'
[1.276s] Level 1:colcon.colcon_core.package_identification:_identify(src) by extensions ['python_setup_py']
[1.276s] Level 1:colcon.colcon_core.package_identification:_identify(src) by extension 'python_setup_py'
[1.277s] Level 1:colcon.colcon_core.package_identification:_identify(src/libcamera) by extensions ['ignore', 'ignore_ament_install']
[1.277s] Level 1:colcon.colcon_core.package_identification:_identify(src/libcamera) by extension 'ignore'
[1.277s] Level 1:colcon.colcon_core.package_identification:_identify(src/libcamera) by extension 'ignore_ament_install'
[1.278s] Level 1:colcon.colcon_core.package_identification:_identify(src/libcamera) by extensions ['colcon_pkg']
[1.278s] Level 1:colcon.colcon_core.package_identification:_identify(src/libcamera) by extension 'colcon_pkg'
[1.278s] Level 1:colcon.colcon_core.package_identification:_identify(src/libcamera) by extensions ['colcon_meta']
[1.278s] Level 1:colcon.colcon_core.package_identification:_identify(src/libcamera) by extension 'colcon_meta'
[1.278s] Level 1:colcon.colcon_core.package_identification:_identify(src/libcamera) by extensions ['ros']
[1.278s] Level 1:colcon.colcon_core.package_identification:_identify(src/libcamera) by extension 'ros'
[1.279s] Level 1:colcon.colcon_core.package_identification:_identify(src/libcamera) by extensions ['cmake', 'meson', 'python']
[1.279s] Level 1:colcon.colcon_core.package_identification:_identify(src/libcamera) by extension 'cmake'
[1.279s] Level 1:colcon.colcon_core.package_identification:_identify(src/libcamera) by extension 'meson'
[1.954s] INFO:colcon.colcon_meson.identification:'libcamera' dependencies: {'libunwind', 'yaml-0.1', 'qt6', 'libcros_camera', 'glib-2.0', 'egl', 'dl', 'libudev', 'lttng-ust', 'glesv2', 'libdw', 'threads', 'libtiff-4', 'libevent_pthreads', 'gstreamer-app-1.0', 'gstreamer-video-1.0', 'libjpeg', 'gnutls', 'libdrm', 'gtest', 'SDL2', 'libexif', 'gstreamer-1.0', 'gstreamer-allocators-1.0', 'pybind11'}
[1.955s] Level 1:colcon.colcon_core.package_identification:_identify(src/libcamera) by extension 'python'
[1.955s] DEBUG:colcon.colcon_core.package_identification:Package 'src/libcamera' with type 'meson' and name 'libcamera'
[1.956s] Level 1:colcon.colcon_core.package_identification:_identify(src/rplidar_ros) by extensions ['ignore', 'ignore_ament_install']
[1.956s] Level 1:colcon.colcon_core.package_identification:_identify(src/rplidar_ros) by extension 'ignore'
[1.956s] Level 1:colcon.colcon_core.package_identification:_identify(src/rplidar_ros) by extension 'ignore_ament_install'
[1.956s] Level 1:colcon.colcon_core.package_identification:_identify(src/rplidar_ros) by extensions ['colcon_pkg']
[1.956s] Level 1:colcon.colcon_core.package_identification:_identify(src/rplidar_ros) by extension 'colcon_pkg'
[1.957s] Level 1:colcon.colcon_core.package_identification:_identify(src/rplidar_ros) by extensions ['colcon_meta']
[1.957s] Level 1:colcon.colcon_core.package_identification:_identify(src/rplidar_ros) by extension 'colcon_meta'
[1.957s] Level 1:colcon.colcon_core.package_identification:_identify(src/rplidar_ros) by extensions ['ros']
[1.957s] Level 1:colcon.colcon_core.package_identification:_identify(src/rplidar_ros) by extension 'ros'
[1.965s] DEBUG:colcon.colcon_core.package_identification:Package 'src/rplidar_ros' with type 'ros.ament_cmake' and name 'rplidar_ros'
[1.966s] Level 1:colcon.colcon_core.package_discovery:discover_packages(recursive) using defaults
[1.966s] Level 1:colcon.colcon_core.package_discovery:discover_packages(ignore) discover
[1.966s] Level 1:colcon.colcon_core.package_discovery:discover_packages(ignore) using defaults
[1.966s] Level 1:colcon.colcon_core.package_discovery:discover_packages(path) discover
[1.966s] Level 1:colcon.colcon_core.package_discovery:discover_packages(path) using defaults
[2.023s] Level 1:colcon.colcon_core.package_discovery:discover_packages(prefix_path) check parameters
[2.024s] Level 1:colcon.colcon_core.package_discovery:discover_packages(prefix_path) discover
[2.032s] DEBUG:colcon.colcon_installed_package_information.package_discovery:Found 1 installed packages in /home/isc/tk2_ws/install
[2.042s] DEBUG:colcon.colcon_installed_package_information.package_discovery:Found 289 installed packages in /opt/ros/jazzy
[2.045s] Level 1:colcon.colcon_core.package_discovery:discover_packages(prefix_path) using defaults
[2.293s] Level 5:colcon.colcon_core.verb:set package 'libcamera' build argument 'cmake_args' from command line to 'None'
[2.293s] Level 5:colcon.colcon_core.verb:set package 'libcamera' build argument 'cmake_target' from command line to 'None'
[2.293s] Level 5:colcon.colcon_core.verb:set package 'libcamera' build argument 'cmake_target_skip_unavailable' from command line to 'False'
[2.293s] Level 5:colcon.colcon_core.verb:set package 'libcamera' build argument 'cmake_clean_cache' from command line to 'False'
[2.293s] Level 5:colcon.colcon_core.verb:set package 'libcamera' build argument 'cmake_clean_first' from command line to 'False'
[2.293s] Level 5:colcon.colcon_core.verb:set package 'libcamera' build argument 'cmake_force_configure' from command line to 'False'
[2.293s] Level 5:colcon.colcon_core.verb:set package 'libcamera' build argument 'meson_args' from command line to '[]'
[2.293s] Level 5:colcon.colcon_core.verb:set package 'libcamera' build argument 'ament_cmake_args' from command line to 'None'
[2.294s] Level 5:colcon.colcon_core.verb:set package 'libcamera' build argument 'catkin_cmake_args' from command line to 'None'
[2.294s] Level 5:colcon.colcon_core.verb:set package 'libcamera' build argument 'catkin_skip_building_tests' from command line to 'False'
[2.294s] DEBUG:colcon.colcon_core.verb:Building package 'libcamera' with the following arguments: {'ament_cmake_args': None, 'build_base': '/home/isc/tk2_ws/build/libcamera', 'catkin_cmake_args': None, 'catkin_skip_building_tests': False, 'cmake_args': None, 'cmake_clean_cache': False, 'cmake_clean_first': False, 'cmake_force_configure': False, 'cmake_target': None, 'cmake_target_skip_unavailable': False, 'install_base': '/home/isc/tk2_ws/install/libcamera', 'merge_install': False, 'meson_args': [], 'path': '/home/isc/tk2_ws/src/libcamera', 'symlink_install': False, 'test_result_base': None}
[2.348s] Level 5:colcon.colcon_core.verb:set package 'rplidar_ros' build argument 'cmake_args' from command line to 'None'
[2.348s] Level 5:colcon.colcon_core.verb:set package 'rplidar_ros' build argument 'cmake_target' from command line to 'None'
[2.348s] Level 5:colcon.colcon_core.verb:set package 'rplidar_ros' build argument 'cmake_target_skip_unavailable' from command line to 'False'
[2.348s] Level 5:colcon.colcon_core.verb:set package 'rplidar_ros' build argument 'cmake_clean_cache' from command line to 'False'
[2.348s] Level 5:colcon.colcon_core.verb:set package 'rplidar_ros' build argument 'cmake_clean_first' from command line to 'False'
[2.348s] Level 5:colcon.colcon_core.verb:set package 'rplidar_ros' build argument 'cmake_force_configure' from command line to 'False'
[2.348s] Level 5:colcon.colcon_core.verb:set package 'rplidar_ros' build argument 'meson_args' from command line to '[]'
[2.348s] Level 5:colcon.colcon_core.verb:set package 'rplidar_ros' build argument 'ament_cmake_args' from command line to 'None'
[2.348s] Level 5:colcon.colcon_core.verb:set package 'rplidar_ros' build argument 'catkin_cmake_args' from command line to 'None'
[2.348s] Level 5:colcon.colcon_core.verb:set package 'rplidar_ros' build argument 'catkin_skip_building_tests' from command line to 'False'
[2.349s] DEBUG:colcon.colcon_core.verb:Building package 'rplidar_ros' with the following arguments: {'ament_cmake_args': None, 'build_base': '/home/isc/tk2_ws/build/rplidar_ros', 'catkin_cmake_args': None, 'catkin_skip_building_tests': False, 'cmake_args': None, 'cmake_clean_cache': False, 'cmake_clean_first': False, 'cmake_force_configure': False, 'cmake_target': None, 'cmake_target_skip_unavailable': False, 'install_base': '/home/isc/tk2_ws/install/rplidar_ros', 'merge_install': False, 'meson_args': [], 'path': '/home/isc/tk2_ws/src/rplidar_ros', 'symlink_install': False, 'test_result_base': None}
[2.349s] INFO:colcon.colcon_core.executor:Executing jobs using 'parallel' executor
[2.352s] DEBUG:colcon.colcon_parallel_executor.executor.parallel:run_until_complete
[2.361s] INFO:colcon.colcon_core.plugin_system:Skipping extension 'colcon_core.shell.bat': Not used on non-Windows systems
[2.363s] INFO:colcon.colcon_core.shell:Skip shell extension 'powershell' for command environment: Not usable outside of PowerShell
[2.363s] DEBUG:colcon.colcon_core.shell:Skip shell extension 'dsv' for command environment
[2.383s] INFO:colcon.colcon_ros.task.ament_cmake.build:Building ROS package in '/home/isc/tk2_ws/src/rplidar_ros' with build type 'ament_cmake'
[2.383s] INFO:colcon.colcon_cmake.task.cmake.build:Building CMake package in '/home/isc/tk2_ws/src/rplidar_ros'
[2.384s] INFO:colcon.colcon_core.shell:Skip shell extension 'powershell' for command environment: Not usable outside of PowerShell
[2.384s] DEBUG:colcon.colcon_core.shell:Skip shell extension 'dsv' for command environment
[2.417s] DEBUG:colcon.colcon_core.event_handler.log_command:Invoking command in '/home/isc/tk2_ws/build/libcamera': /usr/bin/meson setup --libdir=lib --prefix=/home/isc/tk2_ws/install/libcamera --buildtype=release /home/isc/tk2_ws/build/libcamera /home/isc/tk2_ws/src/libcamera
[2.436s] DEBUG:colcon.colcon_core.event_handler.log_command:Invoking command in '/home/isc/tk2_ws/build/rplidar_ros': CMAKE_PREFIX_PATH=${CMAKE_PREFIX_PATH}:/opt/ros/jazzy /usr/bin/cmake --build /home/isc/tk2_ws/build/rplidar_ros -- -j4 -l4
[2.847s] DEBUG:colcon.colcon_core.event_handler.log_command:Invoked command in '/home/isc/tk2_ws/build/rplidar_ros' returned '0': CMAKE_PREFIX_PATH=${CMAKE_PREFIX_PATH}:/opt/ros/jazzy /usr/bin/cmake --build /home/isc/tk2_ws/build/rplidar_ros -- -j4 -l4
[2.898s] DEBUG:colcon.colcon_core.event_handler.log_command:Invoking command in '/home/isc/tk2_ws/build/rplidar_ros': CMAKE_PREFIX_PATH=${CMAKE_PREFIX_PATH}:/opt/ros/jazzy /usr/bin/cmake --install /home/isc/tk2_ws/build/rplidar_ros
[3.040s] Level 1:colcon.colcon_core.environment:create_environment_scripts_only(rplidar_ros)
[3.042s] DEBUG:colcon.colcon_core.event_handler.log_command:Invoked command in '/home/isc/tk2_ws/build/rplidar_ros' returned '0': CMAKE_PREFIX_PATH=${CMAKE_PREFIX_PATH}:/opt/ros/jazzy /usr/bin/cmake --install /home/isc/tk2_ws/build/rplidar_ros
[3.052s] Level 1:colcon.colcon_core.environment:checking '/home/isc/tk2_ws/install/rplidar_ros' for CMake module files
[3.056s] Level 1:colcon.colcon_core.environment:checking '/home/isc/tk2_ws/install/rplidar_ros' for CMake config files
[3.061s] Level 1:colcon.colcon_core.shell:create_environment_hook('rplidar_ros', 'cmake_prefix_path')
[3.062s] INFO:colcon.colcon_core.shell:Creating environment hook '/home/isc/tk2_ws/install/rplidar_ros/share/rplidar_ros/hook/cmake_prefix_path.ps1'
[3.064s] INFO:colcon.colcon_core.shell:Creating environment descriptor '/home/isc/tk2_ws/install/rplidar_ros/share/rplidar_ros/hook/cmake_prefix_path.dsv'
[3.067s] INFO:colcon.colcon_core.shell:Creating environment hook '/home/isc/tk2_ws/install/rplidar_ros/share/rplidar_ros/hook/cmake_prefix_path.sh'
[3.071s] Level 1:colcon.colcon_core.environment:checking '/home/isc/tk2_ws/install/rplidar_ros/lib'
[3.072s] Level 1:colcon.colcon_core.environment:checking '/home/isc/tk2_ws/install/rplidar_ros/bin'
[3.072s] Level 1:colcon.colcon_core.environment:checking '/home/isc/tk2_ws/install/rplidar_ros/lib/pkgconfig/rplidar_ros.pc'
[3.073s] Level 1:colcon.colcon_core.environment:checking '/home/isc/tk2_ws/install/rplidar_ros/lib/python3.12/site-packages'
[3.074s] Level 1:colcon.colcon_core.environment:checking '/home/isc/tk2_ws/install/rplidar_ros/bin'
[3.076s] INFO:colcon.colcon_core.shell:Creating package script '/home/isc/tk2_ws/install/rplidar_ros/share/rplidar_ros/package.ps1'
[3.080s] INFO:colcon.colcon_core.shell:Creating package descriptor '/home/isc/tk2_ws/install/rplidar_ros/share/rplidar_ros/package.dsv'
[3.082s] INFO:colcon.colcon_core.shell:Creating package script '/home/isc/tk2_ws/install/rplidar_ros/share/rplidar_ros/package.sh'
[3.085s] INFO:colcon.colcon_core.shell:Creating package script '/home/isc/tk2_ws/install/rplidar_ros/share/rplidar_ros/package.bash'
[3.088s] INFO:colcon.colcon_core.shell:Creating package script '/home/isc/tk2_ws/install/rplidar_ros/share/rplidar_ros/package.zsh'
[3.091s] Level 1:colcon.colcon_core.environment:create_file_with_runtime_dependencies(/home/isc/tk2_ws/install/rplidar_ros/share/colcon-core/packages/rplidar_ros)
[3.094s] Level 1:colcon.colcon_core.environment:create_environment_scripts_only(rplidar_ros)
[3.095s] Level 1:colcon.colcon_core.environment:checking '/home/isc/tk2_ws/install/rplidar_ros' for CMake module files
[3.098s] Level 1:colcon.colcon_core.environment:checking '/home/isc/tk2_ws/install/rplidar_ros' for CMake config files
[3.102s] Level 1:colcon.colcon_core.shell:create_environment_hook('rplidar_ros', 'cmake_prefix_path')
[3.103s] INFO:colcon.colcon_core.shell:Creating environment hook '/home/isc/tk2_ws/install/rplidar_ros/share/rplidar_ros/hook/cmake_prefix_path.ps1'
[3.106s] INFO:colcon.colcon_core.shell:Creating environment descriptor '/home/isc/tk2_ws/install/rplidar_ros/share/rplidar_ros/hook/cmake_prefix_path.dsv'
[3.108s] INFO:colcon.colcon_core.shell:Creating environment hook '/home/isc/tk2_ws/install/rplidar_ros/share/rplidar_ros/hook/cmake_prefix_path.sh'
[3.112s] Level 1:colcon.colcon_core.environment:checking '/home/isc/tk2_ws/install/rplidar_ros/lib'
[3.112s] Level 1:colcon.colcon_core.environment:checking '/home/isc/tk2_ws/install/rplidar_ros/bin'
[3.112s] Level 1:colcon.colcon_core.environment:checking '/home/isc/tk2_ws/install/rplidar_ros/lib/pkgconfig/rplidar_ros.pc'
[3.113s] Level 1:colcon.colcon_core.environment:checking '/home/isc/tk2_ws/install/rplidar_ros/lib/python3.12/site-packages'
[3.115s] Level 1:colcon.colcon_core.environment:checking '/home/isc/tk2_ws/install/rplidar_ros/bin'
[3.116s] INFO:colcon.colcon_core.shell:Creating package script '/home/isc/tk2_ws/install/rplidar_ros/share/rplidar_ros/package.ps1'
[3.119s] INFO:colcon.colcon_core.shell:Creating package descriptor '/home/isc/tk2_ws/install/rplidar_ros/share/rplidar_ros/package.dsv'
[3.122s] INFO:colcon.colcon_core.shell:Creating package script '/home/isc/tk2_ws/install/rplidar_ros/share/rplidar_ros/package.sh'
[3.124s] INFO:colcon.colcon_core.shell:Creating package script '/home/isc/tk2_ws/install/rplidar_ros/share/rplidar_ros/package.bash'
[3.126s] INFO:colcon.colcon_core.shell:Creating package script '/home/isc/tk2_ws/install/rplidar_ros/share/rplidar_ros/package.zsh'
[3.129s] Level 1:colcon.colcon_core.environment:create_file_with_runtime_dependencies(/home/isc/tk2_ws/install/rplidar_ros/share/colcon-core/packages/rplidar_ros)
[16.700s] DEBUG:colcon.colcon_core.event_handler.log_command:Invoked command in '/home/isc/tk2_ws/build/libcamera' returned '1': /usr/bin/meson setup --libdir=lib --prefix=/home/isc/tk2_ws/install/libcamera --buildtype=release /home/isc/tk2_ws/build/libcamera /home/isc/tk2_ws/src/libcamera
[16.699s] ERROR:colcon.colcon_meson.build:
[1mThe Meson build system[0m
Version: 1.3.2
Source dir: [1m/home/isc/tk2_ws/src/libcamera[0m
Build dir: [1m/home/isc/tk2_ws/build/libcamera[0m
Build type: [1mnative build[0m
Project name: [1mlibcamera[0m
Project version: [1m0.7.2[0m
C compiler for the host machine: [1mcc[0m (gcc 13.3.0 "cc (Ubuntu 13.3.0-6ubuntu2~24.04.1) 13.3.0")
C linker for the host machine: [1mcc[0m ld.bfd 2.42
C++ compiler for the host machine: [1mc++[0m (gcc 13.3.0 "c++ (Ubuntu 13.3.0-6ubuntu2~24.04.1) 13.3.0")
C++ linker for the host machine: [1mc++[0m ld.bfd 2.42
Host machine cpu family: [1maarch64[0m
Host machine cpu: [1maarch64[0m
Header "[1munistd.h[0m" has symbol "[1mclose_range[0m" : [1;32mYES[0m 
Header "[1mfcntl.h[0m" has symbol "[1mF_ADD_SEALS[0m" : [1;32mYES[0m 
Header "[1munistd.h[0m" has symbol "[1missetugid[0m" : [1;31mNO[0m 
Header "[1mlocale.h[0m" has symbol "[1mlocale_t[0m" : [1;32mYES[0m 
Header "[1msys/mman.h[0m" has symbol "[1mmemfd_create[0m" : [1;32mYES[0m 
Header "[1mstdlib.h[0m" has symbol "[1msecure_getenv[0m" : [1;32mYES[0m 
Header "[1mversion[0m" has symbol "[1m_LIBCPP_VERSION[0m" : [1;31mNO[0m 
Header "[1mversion[0m" has symbol "[1m__GLIBCXX__[0m" : [1;32mYES[0m 
[1mMessage:[0m Detected C++ standard library: libstdc++
Compiler for C supports arguments -Wno-c99-designator: [1;31mNO[0m 
Found pkg-config: [1;32mYES[0m [1m(/usr/bin/pkg-config)[0m [1;34m1.8.1[0m
Run-time dependency [1mlttng-ust[0m found: [1;32mYES[0m [36m2.13.7[0m
Program [1m./parser.py[0m found: [1;32mYES[0m (/home/isc/tk2_ws/src/libcamera/utils/codegen/ipc/./parser.py)
Program [1m./generate.py[0m found: [1;32mYES[0m (/home/isc/tk2_ws/src/libcamera/utils/codegen/ipc/./generate.py)
Program [1m./extract-docs.py[0m found: [1;32mYES[0m (/home/isc/tk2_ws/src/libcamera/utils/codegen/ipc/./extract-docs.py)
Configuring [1mversion.h[0m using configuration
Program [1mopenssl[0m found: [1;32mYES[0m (/usr/bin/openssl)
Found CMake: [1m/usr/bin/cmake[0m (3.28.3)
Run-time dependency [1mlibyuv[0m found: [1;31mNO[0m (tried pkgconfig and cmake)
Has header "[1mlibyuv.h[0m" : [1;31mNO[0m 
Run-time dependency [1mlibjpeg[0m found: [1;32mYES[0m [36m2.1.5[0m

Executing subproject [1mlibyuv[0m method [1mcmake[0m 

libyuv| Found CMake: [1m/usr/bin/cmake[0m (3.28.3)

| Configuring the build directory with [1mCMake[0m version [1;36m3.28.3[0m
| [1mRunning CMake with:[0m -G Ninja -DCMAKE_INSTALL_PREFIX=/home/isc/tk2_ws/install/libcamera -DCMAKE_POSITION_INDEPENDENT_CODE=ON
| [1m  - build directory:         [0m /home/isc/tk2_ws/build/libcamera/subprojects/libyuv/__CMake_build
| [1m  - source directory:        [0m /home/isc/tk2_ws/src/libcamera/subprojects/libyuv
| [1m  - toolchain file:          [0m /home/isc/tk2_ws/build/libcamera/subprojects/libyuv/__CMake_build/CMakeMesonToolchainFile.cmake
| [1m  - preload file:            [0m /usr/lib/python3/dist-packages/mesonbuild/cmake/data/preload.cmake
| [1m  - trace args:              [0m --trace-expand --trace-format=json-v1 --no-warn-unused-cli --trace-redirect=cmake_trace.txt
| [1m  - disabled policy warnings:[0m [CMP0025, CMP0047, CMP0056, CMP0060, CMP0065, CMP0066, CMP0067, CMP0082, CMP0089, CMP0102]

| Put cmake in trace mode, but with variables expanded.
| Put cmake in trace mode and sets the trace output format.
| Not searching for unused variables given on the command line.
| Put cmake in trace mode and redirect trace output to a file instead of stderr.
| Trace will be written to cmake_trace.txt
| -- The C compiler identification is GNU 13.3.0
| -- The CXX compiler identification is GNU 13.3.0
| CMake Warning (dev) at /usr/share/cmake-3.28/Modules/CMakeFindBinUtils.cmake:224 (find_program):
| Policy CMP0126 is not set: set(CACHE) does not remove a normal variable of
| the same name.  Run "cmake --help-policy CMP0126" for policy details.  Use
| the cmake_policy command to set the policy and suppress this warning.

| For compatibility with older versions of CMake, normal variable
| "CMAKE_TAPI" will be removed from the current scope.
| Call Stack (most recent call first):
| /usr/share/cmake-3.28/Modules/CMakeDetermineCXXCompiler.cmake:202 (include)
| CMakeLists.txt:6 (project)
| This warning is for project developers.  Use -Wno-dev to suppress it.

| -- Detecting C compiler ABI info
| -- Detecting C compiler ABI info - done
| -- Check for working C compiler: /usr/bin/cc - skipped
| -- Detecting C compile features
| -- Detecting C compile features - done
| -- Detecting CXX compiler ABI info
| -- Detecting CXX compiler ABI info - done
| -- Check for working CXX compiler: /usr/bin/c++ - skipped
| -- Detecting CXX compile features
| -- Detecting CXX compile features - done
| -- Performing Test CAN_COMPILE_SME
| -- Performing Test CAN_COMPILE_SME - Failed
| -- Found JPEG: /usr/lib/aarch64-linux-gnu/libjpeg.so (found version "80")
| -- Configuring done (2.4s)
| -- Generating done (0.0s)
| -- Build files have been written to: /home/isc/tk2_ws/build/libcamera/subprojects/libyuv/__CMake_build

libyuv| CMake configuration: [1;32mSUCCEEDED[0m
libyuv| CMake project [1mYUV[0m has [1m8[0m build targets.
libyuv| Generated Meson AST: /home/isc/tk2_ws/build/libcamera/subprojects/libyuv/meson.build
libyuv| Project name: [1mYUV[0m
libyuv| Project version: [1mundefined[0m
libyuv| C compiler for the host machine: [1mcc[0m (gcc 13.3.0 "cc (Ubuntu 13.3.0-6ubuntu2~24.04.1) 13.3.0")
libyuv| C linker for the host machine: [1mcc[0m ld.bfd 2.42
libyuv| C++ compiler for the host machine: [1mc++[0m (gcc 13.3.0 "c++ (Ubuntu 13.3.0-6ubuntu2~24.04.1) 13.3.0")
libyuv| C++ linker for the host machine: [1mc++[0m ld.bfd 2.42
libyuv| [1;33mWARNING:[0m extract_all_objects called without setting recursive
libyuv| keyword argument. Meson currently defaults to
libyuv| non-recursive to maintain backward compatibility but
libyuv| the default will be changed in the future.

libyuv| [1;33mWARNING:[0m extract_all_objects called without setting recursive
libyuv| keyword argument. Meson currently defaults to
libyuv| non-recursive to maintain backward compatibility but
libyuv| the default will be changed in the future.

libyuv| [1;33mWARNING:[0m extract_all_objects called without setting recursive
libyuv| keyword argument. Meson currently defaults to
libyuv| non-recursive to maintain backward compatibility but
libyuv| the default will be changed in the future.

libyuv| [1;33mWARNING:[0m extract_all_objects called without setting recursive
libyuv| keyword argument. Meson currently defaults to
libyuv| non-recursive to maintain backward compatibility but
libyuv| the default will be changed in the future.

libyuv| [1;33mWARNING:[0m extract_all_objects called without setting recursive
libyuv| keyword argument. Meson currently defaults to
libyuv| non-recursive to maintain backward compatibility but
libyuv| the default will be changed in the future.

libyuv| [1;33mWARNING:[0m extract_all_objects called without setting recursive
libyuv| keyword argument. Meson currently defaults to
libyuv| non-recursive to maintain backward compatibility but
libyuv| the default will be changed in the future.

libyuv| Build targets in project: [1m36[0m
libyuv| Subproject [1mlibyuv[0m finished.

[1;33mWARNING:[0m Build target libyuv-static has no sources. This was never supposed to be allowed but did because of a bug, support will be removed in a future release of Meson
Library [1matomic[0m found: [1;32mYES[0m
Run-time dependency [1mthreads[0m found: [1;32mYES[0m
Run-time dependency [1mlibdw[0m found: [1;31mNO[0m (tried pkgconfig and cmake)
Run-time dependency [1mlibunwind[0m found: [1;31mNO[0m (tried pkgconfig and cmake)
Header "[1mexecinfo.h[0m" has symbol "[1mbacktrace[0m" : [1;32mYES[0m 
Library [1mrt[0m found: [1;32mYES[0m
Run-time dependency [1mlibpisp[0m found: [1;31mNO[0m (tried pkgconfig and cmake)
Looking for a fallback subproject for the dependency [1mlibpisp[0m

Executing subproject [1mlibpisp[0m 

libpisp| Project name: [1mlibpisp[0m
libpisp| Project version: [1m1.5.0[0m
libpisp| C compiler for the host machine: [1mcc[0m (gcc 13.3.0 "cc (Ubuntu 13.3.0-6ubuntu2~24.04.1) 13.3.0")
libpisp| C linker for the host machine: [1mcc[0m ld.bfd 2.42
libpisp| C++ compiler for the host machine: [1mc++[0m (gcc 13.3.0 "c++ (Ubuntu 13.3.0-6ubuntu2~24.04.1) 13.3.0")
libpisp| C++ linker for the host machine: [1mc++[0m ld.bfd 2.42
libpisp| Configuring [1mpisp_build_config.h[0m using configuration
libpisp| Run-time dependency [1mnlohmann_json[0m found: [1;31mNO[0m (tried pkgconfig and cmake)
libpisp| Looking for a fallback subproject for the dependency [1mnlohmann_json[0m
libpisp| Using [1msubprojects/libpisp/subprojects/nlohmann_json.wrap[0m
libpisp| [1;33mWARNING:[0m Subproject nlohmann_json's revision may be out of date; its wrap file has changed since it was first configured

Executing subproject [1mlibpisp:nlohmann_json[0m

nlohmann_json| Project name: [1mnlohmann_json[0m
nlohmann_json| Project version: [1m3.12.0[0m
nlohmann_json| C++ compiler for the host machine: [1mc++[0m (gcc 13.3.0 "c++ (Ubuntu 13.3.0-6ubuntu2~24.04.1) 13.3.0")
nlohmann_json| C++ linker for the host machine: [1mc++[0m ld.bfd 2.42
nlohmann_json| Build targets in project: [1m46[0m
nlohmann_json| Subproject [1mnlohmann_json[0m finished.

libpisp| Dependency [1mnlohmann_json[0m from subproject [1msubprojects/nlohmann_json-3.12.0[0m found: [1;32mYES[0m [36m3.12.0[0m
libpisp| Dependency [1mthreads[0m found: [1;32mYES[0m [36munknown[0m [1;34m(cached)[0m
libpisp| Library [1mdl[0m found: [1;32mYES[0m
libpisp| Run-time dependency [1mBoost[0m (found: log, log_setup, system, thread) found: [1;32mYES[0m [36m1.83.0[0m (/usr)
libpisp| Dependency [1mgstreamer-1.0[0m skipped: feature [1mgstreamer[0m disabled
libpisp| Dependency [1mgstreamer-base-1.0[0m skipped: feature [1mgstreamer[0m disabled
libpisp| Dependency [1mgstreamer-video-1.0[0m skipped: feature [1mgstreamer[0m disabled
libpisp| Dependency [1mgstreamer-allocators-1.0[0m skipped: feature [1mgstreamer[0m disabled
libpisp| Build targets in project: [1m48[0m
libpisp| Subproject [1mlibpisp[0m finished.

Dependency [1mlibpisp[0m from subproject [1msubprojects/libpisp[0m found: [1;32mYES[0m [36m1.5.0[0m
Run-time dependency [1megl[0m found: [1;32mYES[0m [36m1.5[0m
Run-time dependency [1mglesv2[0m found: [1;32mYES[0m [36m3.2[0m
Check usable header "[1mEGL/egl.h[0m" with dependency egl: [1;32mYES[0m 
Run-time dependency [1mdl[0m found: [1;32mYES[0m
Run-time dependency [1mlibudev[0m found: [1;32mYES[0m [36m255[0m
Run-time dependency [1myaml-0.1[0m found: [1;32mYES[0m [36m0.2.5[0m
Run-time dependency [1mgnutls[0m found: [1;31mNO[0m (tried pkgconfig and cmake)
Run-time dependency [1mlibcrypto[0m found: [1;32mYES[0m [36m3.0.13[0m
Header "[1muchar.h[0m" has symbol "[1mmbrtoc16[0m" skipped: feature [1mandroid[0m disabled
Run-time dependency [1mtensorflow-lite[0m found: [1;31mNO[0m (tried pkgconfig and cmake)
Run-time dependency [1mlibevent_pthreads[0m found: [1;32mYES[0m [36m2.1.12-stable[0m
Run-time dependency [1mlibtiff-4[0m found: [1;32mYES[0m [36m4.5.1[0m
Run-time dependency [1mGTest[0m found: [1;32mYES[0m [36m1.14.0[0m
Run-time dependency [1mlibdrm[0m found: [1;32mYES[0m [36m2.4.125[0m
Run-time dependency [1msdl2[0m found: [1;32mYES[0m [36m2.30.0[0m
Dependency [1mlibjpeg[0m found: [1;32mYES[0m [36m2.1.5[0m [1;34m(cached)[0m
Run-time dependency [1mqt6[0m (modules: Core, Gui, OpenGL, OpenGLWidgets, Widgets) found: [1;31mNO[0m (tried pkgconfig)
Run-time dependency [1mglib-2.0[0m found: [1;32mYES[0m [36m2.80.0[0m
Run-time dependency [1mgstreamer-video-1.0[0m found: [1;31mNO[0m (tried pkgconfig and cmake)
Run-time dependency [1mgstreamer-allocators-1.0[0m found: [1;31mNO[0m (tried pkgconfig and cmake)
Program python3 found: [1;32mYES[0m (/usr/bin/python3)
Run-time dependency [1mpybind11[0m found: [1;32mYES[0m [36m2.11.1[0m
Run-time dependency [1mpython[0m found: [1;32mYES[0m [36m3.12[0m
Configuring [1mlibcamerify[0m using configuration
Program [1mdoxygen[0m found: [1;31mNO[0m
Program [1mdot[0m found: [1;32mYES[0m (/usr/bin/dot)
Program [1msphinx-build-3 sphinx-build[0m found: [1;31mNO[0m
Configuring [1mconfig.h[0m using configuration

../../src/libcamera/meson.build:291:8: [1;31mERROR:[0m Problem encountered: Python module 'ply' not found

A full log can be found at [1m/home/isc/tk2_ws/build/libcamera/meson-logs/meson-log.txt[0m

[16.711s] DEBUG:colcon.colcon_parallel_executor.executor.parallel:closing loop
[16.711s] DEBUG:colcon.colcon_parallel_executor.executor.parallel:loop closed
[16.712s] DEBUG:colcon.colcon_parallel_executor.executor.parallel:run_until_complete finished with '1'
[16.712s] DEBUG:colcon.colcon_core.event_reactor:joining thread
[16.714s] DEBUG:colcon.colcon_core.event_reactor:joined thread
[16.715s] INFO:colcon.colcon_core.shell:Creating prefix script '/home/isc/tk2_ws/install/local_setup.ps1'
[16.719s] INFO:colcon.colcon_core.shell:Creating prefix util module '/home/isc/tk2_ws/install/_local_setup_util_ps1.py'
[16.726s] INFO:colcon.colcon_core.shell:Creating prefix chain script '/home/isc/tk2_ws/install/setup.ps1'
[16.731s] INFO:colcon.colcon_core.shell:Creating prefix script '/home/isc/tk2_ws/install/local_setup.sh'
[16.733s] INFO:colcon.colcon_core.shell:Creating prefix util module '/home/isc/tk2_ws/install/_local_setup_util_sh.py'
[16.735s] INFO:colcon.colcon_core.shell:Creating prefix chain script '/home/isc/tk2_ws/install/setup.sh'
[16.739s] INFO:colcon.colcon_core.shell:Creating prefix script '/home/isc/tk2_ws/install/local_setup.bash'
[16.741s] INFO:colcon.colcon_core.shell:Creating prefix chain script '/home/isc/tk2_ws/install/setup.bash'
[16.744s] INFO:colcon.colcon_core.shell:Creating prefix script '/home/isc/tk2_ws/install/local_setup.zsh'
[16.746s] INFO:colcon.colcon_core.shell:Creating prefix chain script '/home/isc/tk2_ws/install/setup.zsh'
