-- The C compiler identification is GNU 13.3.0
-- The CXX compiler identification is GNU 13.3.0
-- Detecting C compiler ABI info
-- Detecting C compiler ABI info - done
-- Check for working C compiler: /usr/bin/cc - skipped
-- Detecting C compile features
-- Detecting C compile features - done
-- Detecting CXX compiler ABI info
-- Detecting CXX compiler ABI info - done
-- Check for working CXX compiler: /usr/bin/c++ - skipped
-- Detecting CXX compile features
-- Detecting CXX compile features - done
-- Found ament_cmake: 2.5.6 (/opt/ros/jazzy/share/ament_cmake/cmake)
-- Found Python3: /usr/bin/python3 (found version "3.12.3") found components: Interpreter 
-- Found ament_cmake_ros: 0.12.1 (/opt/ros/jazzy/share/ament_cmake_ros/cmake)
-- Found rclcpp: 28.1.21 (/opt/ros/jazzy/share/rclcpp/cmake)
-- Found rosidl_generator_c: 4.6.9 (/opt/ros/jazzy/share/rosidl_generator_c/cmake)
-- Found rosidl_generator_cpp: 4.6.9 (/opt/ros/jazzy/share/rosidl_generator_cpp/cmake)
-- Using all available rosidl_typesupport_c: rosidl_typesupport_fastrtps_c;rosidl_typesupport_introspection_c
-- Using all available rosidl_typesupport_cpp: rosidl_typesupport_fastrtps_cpp;rosidl_typesupport_introspection_cpp
-- Found rmw_implementation_cmake: 7.3.3 (/opt/ros/jazzy/share/rmw_implementation_cmake/cmake)
-- Found rmw_fastrtps_cpp: 8.4.4 (/opt/ros/jazzy/share/rmw_fastrtps_cpp/cmake)
-- Found OpenSSL: /usr/lib/aarch64-linux-gnu/libcrypto.so (found version "3.0.13")  
-- Found FastRTPS: /opt/ros/jazzy/include (Required is at least version "2.13") 
-- Using RMW implementation 'rmw_fastrtps_cpp' as default
-- Found rclcpp_components: 28.1.21 (/opt/ros/jazzy/share/rclcpp_components/cmake)
-- Found camera_info_manager: 5.1.8 (/opt/ros/jazzy/share/camera_info_manager/cmake)
-- Setting yaml-cpp_DIR to: '/opt/ros/jazzy/share/yaml_cpp_vendor/cmake/../../../opt/yaml_cpp_vendor/share/cmake/yaml-cpp'
-- Found cv_bridge: 4.1.0 (/opt/ros/jazzy/share/cv_bridge/cmake)
-- Found image_transport: 5.1.8 (/opt/ros/jazzy/share/image_transport/cmake)
-- Found ament_lint_auto: 0.17.5 (/opt/ros/jazzy/share/ament_lint_auto/cmake)
-- Added test 'cppcheck' to perform static code analysis on C / C++ code
-- Configured cppcheck include dirs: $<BUILD_INTERFACE:/home/isc/tk2_ws/src/v4l2_camera/include>
-- Configured cppcheck exclude dirs and/or files: 
-- Added test 'cpplint' to check C / C++ code against the Google style
-- Configured cpplint exclude dirs and/or files: 
-- Added test 'lint_cmake' to check CMake code style
-- Added test 'uncrustify' to check C / C++ code style
-- Configured uncrustify additional arguments: 
-- Added test 'xmllint' to check XML markup files
-- Configuring done (7.9s)
-- Generating done (0.1s)
-- Build files have been written to: /home/isc/tk2_ws/build/v4l2_camera
[ 12%] [32mBuilding CXX object CMakeFiles/v4l2_camera.dir/src/parameters.cpp.o[0m
[ 25%] [32mBuilding CXX object CMakeFiles/v4l2_camera.dir/src/v4l2_camera.cpp.o[0m
[ 37%] [32mBuilding CXX object CMakeFiles/v4l2_camera.dir/src/v4l2_camera_device.cpp.o[0m
[ 50%] [32m[1mLinking CXX shared library libv4l2_camera.so[0m
[ 50%] Built target v4l2_camera
[ 75%] [32mBuilding CXX object CMakeFiles/v4l2_camera_compose_test.dir/src/v4l2_camera_compose_test.cpp.o[0m
[ 75%] [32mBuilding CXX object CMakeFiles/v4l2_camera_node.dir/src/v4l2_camera_node.cpp.o[0m
[ 87%] [32m[1mLinking CXX executable v4l2_camera_node[0m
[ 87%] Built target v4l2_camera_node
[100%] [32m[1mLinking CXX executable v4l2_camera_compose_test[0m
[100%] Built target v4l2_camera_compose_test
-- Install configuration: ""
-- Installing: /home/isc/tk2_ws/install/v4l2_camera/include
-- Installing: /home/isc/tk2_ws/install/v4l2_camera/include/v4l2_camera
-- Installing: /home/isc/tk2_ws/install/v4l2_camera/include/v4l2_camera/v4l2_camera_device.hpp
-- Installing: /home/isc/tk2_ws/install/v4l2_camera/include/v4l2_camera/fourcc.hpp
-- Installing: /home/isc/tk2_ws/install/v4l2_camera/include/v4l2_camera/pixel_format.hpp
-- Installing: /home/isc/tk2_ws/install/v4l2_camera/include/v4l2_camera/image_format.hpp
-- Installing: /home/isc/tk2_ws/install/v4l2_camera/include/v4l2_camera/v4l2_camera.hpp
-- Installing: /home/isc/tk2_ws/install/v4l2_camera/include/v4l2_camera/parameters.hpp
-- Installing: /home/isc/tk2_ws/install/v4l2_camera/include/v4l2_camera/control.hpp
-- Installing: /home/isc/tk2_ws/install/v4l2_camera/include/v4l2_camera/visibility_control.h
-- Installing: /home/isc/tk2_ws/install/v4l2_camera/lib/libv4l2_camera.so
-- Set non-toolchain portion of runtime path of "/home/isc/tk2_ws/install/v4l2_camera/lib/libv4l2_camera.so" to ""
-- Installing: /home/isc/tk2_ws/install/v4l2_camera/lib/v4l2_camera/v4l2_camera_node
-- Set non-toolchain portion of runtime path of "/home/isc/tk2_ws/install/v4l2_camera/lib/v4l2_camera/v4l2_camera_node" to ""
-- Installing: /home/isc/tk2_ws/install/v4l2_camera/lib/v4l2_camera/v4l2_camera_compose_test
-- Set non-toolchain portion of runtime path of "/home/isc/tk2_ws/install/v4l2_camera/lib/v4l2_camera/v4l2_camera_compose_test" to ""
-- Installing: /home/isc/tk2_ws/install/v4l2_camera/share/v4l2_camera/environment/library_path.sh
-- Installing: /home/isc/tk2_ws/install/v4l2_camera/share/v4l2_camera/environment/library_path.dsv
-- Installing: /home/isc/tk2_ws/install/v4l2_camera/share/ament_index/resource_index/package_run_dependencies/v4l2_camera
-- Installing: /home/isc/tk2_ws/install/v4l2_camera/share/ament_index/resource_index/parent_prefix_path/v4l2_camera
-- Installing: /home/isc/tk2_ws/install/v4l2_camera/share/v4l2_camera/environment/ament_prefix_path.sh
-- Installing: /home/isc/tk2_ws/install/v4l2_camera/share/v4l2_camera/environment/ament_prefix_path.dsv
-- Installing: /home/isc/tk2_ws/install/v4l2_camera/share/v4l2_camera/environment/path.sh
-- Installing: /home/isc/tk2_ws/install/v4l2_camera/share/v4l2_camera/environment/path.dsv
-- Installing: /home/isc/tk2_ws/install/v4l2_camera/share/v4l2_camera/local_setup.bash
-- Installing: /home/isc/tk2_ws/install/v4l2_camera/share/v4l2_camera/local_setup.sh
-- Installing: /home/isc/tk2_ws/install/v4l2_camera/share/v4l2_camera/local_setup.zsh
-- Installing: /home/isc/tk2_ws/install/v4l2_camera/share/v4l2_camera/local_setup.dsv
-- Installing: /home/isc/tk2_ws/install/v4l2_camera/share/v4l2_camera/package.dsv
-- Installing: /home/isc/tk2_ws/install/v4l2_camera/share/ament_index/resource_index/packages/v4l2_camera
-- Installing: /home/isc/tk2_ws/install/v4l2_camera/share/ament_index/resource_index/rclcpp_components/v4l2_camera
-- Installing: /home/isc/tk2_ws/install/v4l2_camera/share/v4l2_camera/cmake/export_v4l2_cameraExport.cmake
-- Installing: /home/isc/tk2_ws/install/v4l2_camera/share/v4l2_camera/cmake/export_v4l2_cameraExport-noconfig.cmake
-- Installing: /home/isc/tk2_ws/install/v4l2_camera/share/v4l2_camera/cmake/ament_cmake_export_include_directories-extras.cmake
-- Installing: /home/isc/tk2_ws/install/v4l2_camera/share/v4l2_camera/cmake/ament_cmake_export_targets-extras.cmake
-- Installing: /home/isc/tk2_ws/install/v4l2_camera/share/v4l2_camera/cmake/ament_cmake_export_libraries-extras.cmake
-- Installing: /home/isc/tk2_ws/install/v4l2_camera/share/v4l2_camera/cmake/ament_cmake_export_dependencies-extras.cmake
-- Installing: /home/isc/tk2_ws/install/v4l2_camera/share/v4l2_camera/cmake/v4l2_cameraConfig.cmake
-- Installing: /home/isc/tk2_ws/install/v4l2_camera/share/v4l2_camera/cmake/v4l2_cameraConfig-version.cmake
-- Installing: /home/isc/tk2_ws/install/v4l2_camera/share/v4l2_camera/package.xml
