[0.051s] Invoking command in '/home/isc/tk2_ws/build/v4l2_camera': CMAKE_PREFIX_PATH=${CMAKE_PREFIX_PATH}:/opt/ros/jazzy /usr/bin/cmake /home/isc/tk2_ws/src/v4l2_camera -DCMAKE_INSTALL_PREFIX=/home/isc/tk2_ws/install/v4l2_camera
[0.443s] -- The C compiler identification is GNU 13.3.0
[0.781s] -- The CXX compiler identification is GNU 13.3.0
[0.862s] -- Detecting C compiler ABI info
[1.955s] -- Detecting C compiler ABI info - done
[1.989s] -- Check for working C compiler: /usr/bin/cc - skipped
[1.990s] -- Detecting C compile features
[1.992s] -- Detecting C compile features - done
[2.041s] -- Detecting CXX compiler ABI info
[2.538s] -- Detecting CXX compiler ABI info - done
[2.574s] -- Check for working CXX compiler: /usr/bin/c++ - skipped
[2.575s] -- Detecting CXX compile features
[2.576s] -- Detecting CXX compile features - done
[2.605s] -- Found ament_cmake: 2.5.6 (/opt/ros/jazzy/share/ament_cmake/cmake)
[3.337s] -- Found Python3: /usr/bin/python3 (found version "3.12.3") found components: Interpreter 
[3.998s] -- Found ament_cmake_ros: 0.12.1 (/opt/ros/jazzy/share/ament_cmake_ros/cmake)
[4.092s] -- Found rclcpp: 28.1.21 (/opt/ros/jazzy/share/rclcpp/cmake)
[4.418s] -- Found rosidl_generator_c: 4.6.9 (/opt/ros/jazzy/share/rosidl_generator_c/cmake)
[4.519s] -- Found rosidl_generator_cpp: 4.6.9 (/opt/ros/jazzy/share/rosidl_generator_cpp/cmake)
[4.630s] -- Using all available rosidl_typesupport_c: rosidl_typesupport_fastrtps_c;rosidl_typesupport_introspection_c
[4.748s] -- Using all available rosidl_typesupport_cpp: rosidl_typesupport_fastrtps_cpp;rosidl_typesupport_introspection_cpp
[5.190s] -- Found rmw_implementation_cmake: 7.3.3 (/opt/ros/jazzy/share/rmw_implementation_cmake/cmake)
[5.217s] -- Found rmw_fastrtps_cpp: 8.4.4 (/opt/ros/jazzy/share/rmw_fastrtps_cpp/cmake)
[5.710s] -- Found OpenSSL: /usr/lib/aarch64-linux-gnu/libcrypto.so (found version "3.0.13")  
[5.802s] -- Found FastRTPS: /opt/ros/jazzy/include (Required is at least version "2.13") 
[5.895s] -- Using RMW implementation 'rmw_fastrtps_cpp' as default
[6.282s] -- Found rclcpp_components: 28.1.21 (/opt/ros/jazzy/share/rclcpp_components/cmake)
[6.521s] -- Found camera_info_manager: 5.1.8 (/opt/ros/jazzy/share/camera_info_manager/cmake)
[6.832s] -- Setting yaml-cpp_DIR to: '/opt/ros/jazzy/share/yaml_cpp_vendor/cmake/../../../opt/yaml_cpp_vendor/share/cmake/yaml-cpp'
[7.028s] -- Found cv_bridge: 4.1.0 (/opt/ros/jazzy/share/cv_bridge/cmake)
[7.116s] -- Found image_transport: 5.1.8 (/opt/ros/jazzy/share/image_transport/cmake)
[7.262s] -- Found ament_lint_auto: 0.17.5 (/opt/ros/jazzy/share/ament_lint_auto/cmake)
[7.921s] -- Added test 'cppcheck' to perform static code analysis on C / C++ code
[7.922s] -- Configured cppcheck include dirs: $<BUILD_INTERFACE:/home/isc/tk2_ws/src/v4l2_camera/include>
[7.923s] -- Configured cppcheck exclude dirs and/or files: 
[7.957s] -- Added test 'cpplint' to check C / C++ code against the Google style
[7.958s] -- Configured cpplint exclude dirs and/or files: 
[7.973s] -- Added test 'lint_cmake' to check CMake code style
[8.013s] -- Added test 'uncrustify' to check C / C++ code style
[8.013s] -- Configured uncrustify additional arguments: 
[8.020s] -- Added test 'xmllint' to check XML markup files
[8.044s] -- Configuring done (7.9s)
[8.176s] -- Generating done (0.1s)
[8.210s] -- Build files have been written to: /home/isc/tk2_ws/build/v4l2_camera
[8.261s] Invoked command in '/home/isc/tk2_ws/build/v4l2_camera' returned '0': CMAKE_PREFIX_PATH=${CMAKE_PREFIX_PATH}:/opt/ros/jazzy /usr/bin/cmake /home/isc/tk2_ws/src/v4l2_camera -DCMAKE_INSTALL_PREFIX=/home/isc/tk2_ws/install/v4l2_camera
[8.267s] Invoking command in '/home/isc/tk2_ws/build/v4l2_camera': CMAKE_PREFIX_PATH=${CMAKE_PREFIX_PATH}:/opt/ros/jazzy /usr/bin/cmake --build /home/isc/tk2_ws/build/v4l2_camera -- -j4 -l4
[8.550s] [ 12%] [32mBuilding CXX object CMakeFiles/v4l2_camera.dir/src/parameters.cpp.o[0m
[8.551s] [ 25%] [32mBuilding CXX object CMakeFiles/v4l2_camera.dir/src/v4l2_camera.cpp.o[0m
[8.555s] [ 37%] [32mBuilding CXX object CMakeFiles/v4l2_camera.dir/src/v4l2_camera_device.cpp.o[0m
[46.160s] [ 50%] [32m[1mLinking CXX shared library libv4l2_camera.so[0m
[47.963s] [ 50%] Built target v4l2_camera
[48.070s] [ 75%] [32mBuilding CXX object CMakeFiles/v4l2_camera_compose_test.dir/src/v4l2_camera_compose_test.cpp.o[0m
[48.070s] [ 75%] [32mBuilding CXX object CMakeFiles/v4l2_camera_node.dir/src/v4l2_camera_node.cpp.o[0m
[63.416s] [ 87%] [32m[1mLinking CXX executable v4l2_camera_node[0m
[66.036s] [ 87%] Built target v4l2_camera_node
[81.255s] [100%] [32m[1mLinking CXX executable v4l2_camera_compose_test[0m
[84.183s] [100%] Built target v4l2_camera_compose_test
[84.236s] Invoked command in '/home/isc/tk2_ws/build/v4l2_camera' returned '0': CMAKE_PREFIX_PATH=${CMAKE_PREFIX_PATH}:/opt/ros/jazzy /usr/bin/cmake --build /home/isc/tk2_ws/build/v4l2_camera -- -j4 -l4
[84.241s] Invoking command in '/home/isc/tk2_ws/build/v4l2_camera': CMAKE_PREFIX_PATH=${CMAKE_PREFIX_PATH}:/opt/ros/jazzy /usr/bin/cmake --install /home/isc/tk2_ws/build/v4l2_camera
[84.281s] -- Install configuration: ""
[84.281s] -- Installing: /home/isc/tk2_ws/install/v4l2_camera/include
[84.282s] -- Installing: /home/isc/tk2_ws/install/v4l2_camera/include/v4l2_camera
[84.283s] -- Installing: /home/isc/tk2_ws/install/v4l2_camera/include/v4l2_camera/v4l2_camera_device.hpp
[84.283s] -- Installing: /home/isc/tk2_ws/install/v4l2_camera/include/v4l2_camera/fourcc.hpp
[84.284s] -- Installing: /home/isc/tk2_ws/install/v4l2_camera/include/v4l2_camera/pixel_format.hpp
[84.285s] -- Installing: /home/isc/tk2_ws/install/v4l2_camera/include/v4l2_camera/image_format.hpp
[84.286s] -- Installing: /home/isc/tk2_ws/install/v4l2_camera/include/v4l2_camera/v4l2_camera.hpp
[84.286s] -- Installing: /home/isc/tk2_ws/install/v4l2_camera/include/v4l2_camera/parameters.hpp
[84.287s] -- Installing: /home/isc/tk2_ws/install/v4l2_camera/include/v4l2_camera/control.hpp
[84.288s] -- Installing: /home/isc/tk2_ws/install/v4l2_camera/include/v4l2_camera/visibility_control.h
[84.289s] -- Installing: /home/isc/tk2_ws/install/v4l2_camera/lib/libv4l2_camera.so
[84.313s] -- Set non-toolchain portion of runtime path of "/home/isc/tk2_ws/install/v4l2_camera/lib/libv4l2_camera.so" to ""
[84.313s] -- Installing: /home/isc/tk2_ws/install/v4l2_camera/lib/v4l2_camera/v4l2_camera_node
[84.316s] -- Set non-toolchain portion of runtime path of "/home/isc/tk2_ws/install/v4l2_camera/lib/v4l2_camera/v4l2_camera_node" to ""
[84.317s] -- Installing: /home/isc/tk2_ws/install/v4l2_camera/lib/v4l2_camera/v4l2_camera_compose_test
[84.348s] -- Set non-toolchain portion of runtime path of "/home/isc/tk2_ws/install/v4l2_camera/lib/v4l2_camera/v4l2_camera_compose_test" to ""
[84.349s] -- Installing: /home/isc/tk2_ws/install/v4l2_camera/share/v4l2_camera/environment/library_path.sh
[84.350s] -- Installing: /home/isc/tk2_ws/install/v4l2_camera/share/v4l2_camera/environment/library_path.dsv
[84.352s] -- Installing: /home/isc/tk2_ws/install/v4l2_camera/share/ament_index/resource_index/package_run_dependencies/v4l2_camera
[84.353s] -- Installing: /home/isc/tk2_ws/install/v4l2_camera/share/ament_index/resource_index/parent_prefix_path/v4l2_camera
[84.354s] -- Installing: /home/isc/tk2_ws/install/v4l2_camera/share/v4l2_camera/environment/ament_prefix_path.sh
[84.355s] -- Installing: /home/isc/tk2_ws/install/v4l2_camera/share/v4l2_camera/environment/ament_prefix_path.dsv
[84.356s] -- Installing: /home/isc/tk2_ws/install/v4l2_camera/share/v4l2_camera/environment/path.sh
[84.357s] -- Installing: /home/isc/tk2_ws/install/v4l2_camera/share/v4l2_camera/environment/path.dsv
[84.358s] -- Installing: /home/isc/tk2_ws/install/v4l2_camera/share/v4l2_camera/local_setup.bash
[84.359s] -- Installing: /home/isc/tk2_ws/install/v4l2_camera/share/v4l2_camera/local_setup.sh
[84.360s] -- Installing: /home/isc/tk2_ws/install/v4l2_camera/share/v4l2_camera/local_setup.zsh
[84.361s] -- Installing: /home/isc/tk2_ws/install/v4l2_camera/share/v4l2_camera/local_setup.dsv
[84.362s] -- Installing: /home/isc/tk2_ws/install/v4l2_camera/share/v4l2_camera/package.dsv
[84.364s] -- Installing: /home/isc/tk2_ws/install/v4l2_camera/share/ament_index/resource_index/packages/v4l2_camera
[84.365s] -- Installing: /home/isc/tk2_ws/install/v4l2_camera/share/ament_index/resource_index/rclcpp_components/v4l2_camera
[84.366s] -- Installing: /home/isc/tk2_ws/install/v4l2_camera/share/v4l2_camera/cmake/export_v4l2_cameraExport.cmake
[84.368s] -- Installing: /home/isc/tk2_ws/install/v4l2_camera/share/v4l2_camera/cmake/export_v4l2_cameraExport-noconfig.cmake
[84.369s] -- Installing: /home/isc/tk2_ws/install/v4l2_camera/share/v4l2_camera/cmake/ament_cmake_export_include_directories-extras.cmake
[84.370s] -- Installing: /home/isc/tk2_ws/install/v4l2_camera/share/v4l2_camera/cmake/ament_cmake_export_targets-extras.cmake
[84.371s] -- Installing: /home/isc/tk2_ws/install/v4l2_camera/share/v4l2_camera/cmake/ament_cmake_export_libraries-extras.cmake
[84.372s] -- Installing: /home/isc/tk2_ws/install/v4l2_camera/share/v4l2_camera/cmake/ament_cmake_export_dependencies-extras.cmake
[84.373s] -- Installing: /home/isc/tk2_ws/install/v4l2_camera/share/v4l2_camera/cmake/v4l2_cameraConfig.cmake
[84.374s] -- Installing: /home/isc/tk2_ws/install/v4l2_camera/share/v4l2_camera/cmake/v4l2_cameraConfig-version.cmake
[84.375s] -- Installing: /home/isc/tk2_ws/install/v4l2_camera/share/v4l2_camera/package.xml
[84.383s] Invoked command in '/home/isc/tk2_ws/build/v4l2_camera' returned '0': CMAKE_PREFIX_PATH=${CMAKE_PREFIX_PATH}:/opt/ros/jazzy /usr/bin/cmake --install /home/isc/tk2_ws/build/v4l2_camera
