[0.092s] Invoking command in '/home/isc/tk2_ws/build/rplidar_ros': CMAKE_PREFIX_PATH=${CMAKE_PREFIX_PATH}:/opt/ros/jazzy /usr/bin/cmake --build /home/isc/tk2_ws/build/rplidar_ros -- -j4 -l4
[0.461s] [ 94%] Built target rplidar_node
[0.465s] [ 60%] Built target rplidar_composition
[0.491s] [100%] Built target rplidar_client
[0.553s] Invoked command in '/home/isc/tk2_ws/build/rplidar_ros' returned '0': CMAKE_PREFIX_PATH=${CMAKE_PREFIX_PATH}:/opt/ros/jazzy /usr/bin/cmake --build /home/isc/tk2_ws/build/rplidar_ros -- -j4 -l4
[0.618s] Invoking command in '/home/isc/tk2_ws/build/rplidar_ros': CMAKE_PREFIX_PATH=${CMAKE_PREFIX_PATH}:/opt/ros/jazzy /usr/bin/cmake --install /home/isc/tk2_ws/build/rplidar_ros
[0.672s] -- Install configuration: ""
[0.673s] -- Execute custom install script
[0.677s] -- Up-to-date symlink: /home/isc/tk2_ws/install/rplidar_ros/share/rplidar_ros/launch/rplidar_a1_launch.py
[0.679s] -- Up-to-date symlink: /home/isc/tk2_ws/install/rplidar_ros/share/rplidar_ros/launch/rplidar_a2m12_launch.py
[0.681s] -- Up-to-date symlink: /home/isc/tk2_ws/install/rplidar_ros/share/rplidar_ros/launch/rplidar_a2m7_launch.py
[0.683s] -- Up-to-date symlink: /home/isc/tk2_ws/install/rplidar_ros/share/rplidar_ros/launch/rplidar_a2m8_launch.py
[0.686s] -- Up-to-date symlink: /home/isc/tk2_ws/install/rplidar_ros/share/rplidar_ros/launch/rplidar_a3_launch.py
[0.687s] -- Up-to-date symlink: /home/isc/tk2_ws/install/rplidar_ros/share/rplidar_ros/launch/rplidar_c1_launch.py
[0.690s] -- Up-to-date symlink: /home/isc/tk2_ws/install/rplidar_ros/share/rplidar_ros/launch/rplidar_s1_launch.py
[0.691s] -- Up-to-date symlink: /home/isc/tk2_ws/install/rplidar_ros/share/rplidar_ros/launch/rplidar_s1_tcp_launch.py
[0.694s] -- Up-to-date symlink: /home/isc/tk2_ws/install/rplidar_ros/share/rplidar_ros/launch/rplidar_s2_launch.py
[0.695s] -- Up-to-date symlink: /home/isc/tk2_ws/install/rplidar_ros/share/rplidar_ros/launch/rplidar_s2e_launch.py
[0.698s] -- Up-to-date symlink: /home/isc/tk2_ws/install/rplidar_ros/share/rplidar_ros/launch/rplidar_s3_launch.py
[0.699s] -- Up-to-date symlink: /home/isc/tk2_ws/install/rplidar_ros/share/rplidar_ros/launch/rplidar_t1_launch.py
[0.702s] -- Up-to-date symlink: /home/isc/tk2_ws/install/rplidar_ros/share/rplidar_ros/launch/view_rplidar_a1_launch.py
[0.704s] -- Up-to-date symlink: /home/isc/tk2_ws/install/rplidar_ros/share/rplidar_ros/launch/view_rplidar_a2m12_launch.py
[0.708s] -- Up-to-date symlink: /home/isc/tk2_ws/install/rplidar_ros/share/rplidar_ros/launch/view_rplidar_a2m7_launch.py
[0.712s] -- Up-to-date symlink: /home/isc/tk2_ws/install/rplidar_ros/share/rplidar_ros/launch/view_rplidar_a2m8_launch.py
[0.713s] -- Up-to-date symlink: /home/isc/tk2_ws/install/rplidar_ros/share/rplidar_ros/launch/view_rplidar_a3_launch.py
[0.717s] -- Up-to-date symlink: /home/isc/tk2_ws/install/rplidar_ros/share/rplidar_ros/launch/view_rplidar_c1_launch.py
[0.718s] -- Up-to-date symlink: /home/isc/tk2_ws/install/rplidar_ros/share/rplidar_ros/launch/view_rplidar_s1_launch.py
[0.722s] -- Up-to-date symlink: /home/isc/tk2_ws/install/rplidar_ros/share/rplidar_ros/launch/view_rplidar_s1_tcp_launch.py
[0.723s] -- Up-to-date symlink: /home/isc/tk2_ws/install/rplidar_ros/share/rplidar_ros/launch/view_rplidar_s2_launch.py
[0.727s] -- Up-to-date symlink: /home/isc/tk2_ws/install/rplidar_ros/share/rplidar_ros/launch/view_rplidar_s2e_launch.py
[0.732s] -- Up-to-date symlink: /home/isc/tk2_ws/install/rplidar_ros/share/rplidar_ros/launch/view_rplidar_s3_launch.py
[0.737s] -- Up-to-date symlink: /home/isc/tk2_ws/install/rplidar_ros/share/rplidar_ros/launch/view_rplidar_t1_launch.py
[0.743s] -- Up-to-date symlink: /home/isc/tk2_ws/install/rplidar_ros/share/rplidar_ros/rviz/rplidar_ros.rviz
[0.745s] -- Up-to-date symlink: /home/isc/tk2_ws/install/rplidar_ros/lib/rplidar_ros/rplidar_node
[0.747s] -- Up-to-date symlink: /home/isc/tk2_ws/install/rplidar_ros/lib/rplidar_ros/rplidar_composition
[0.748s] -- Up-to-date symlink: /home/isc/tk2_ws/install/rplidar_ros/lib/rplidar_ros/rplidar_client
[0.749s] -- Up-to-date symlink: /home/isc/tk2_ws/install/rplidar_ros/share/ament_index/resource_index/package_run_dependencies/rplidar_ros
[0.750s] -- Up-to-date symlink: /home/isc/tk2_ws/install/rplidar_ros/share/ament_index/resource_index/parent_prefix_path/rplidar_ros
[0.751s] -- Up-to-date symlink: /home/isc/tk2_ws/install/rplidar_ros/share/rplidar_ros/environment/ament_prefix_path.sh
[0.752s] -- Up-to-date symlink: /home/isc/tk2_ws/install/rplidar_ros/share/rplidar_ros/environment/ament_prefix_path.dsv
[0.753s] -- Up-to-date symlink: /home/isc/tk2_ws/install/rplidar_ros/share/rplidar_ros/environment/path.sh
[0.754s] -- Up-to-date symlink: /home/isc/tk2_ws/install/rplidar_ros/share/rplidar_ros/environment/path.dsv
[0.755s] -- Up-to-date symlink: /home/isc/tk2_ws/install/rplidar_ros/share/rplidar_ros/local_setup.bash
[0.757s] -- Up-to-date symlink: /home/isc/tk2_ws/install/rplidar_ros/share/rplidar_ros/local_setup.sh
[0.758s] -- Up-to-date symlink: /home/isc/tk2_ws/install/rplidar_ros/share/rplidar_ros/local_setup.zsh
[0.759s] -- Up-to-date symlink: /home/isc/tk2_ws/install/rplidar_ros/share/rplidar_ros/local_setup.dsv
[0.760s] -- Symlinking: /home/isc/tk2_ws/install/rplidar_ros/share/rplidar_ros/package.dsv
[0.814s] -- Up-to-date symlink: /home/isc/tk2_ws/install/rplidar_ros/share/ament_index/resource_index/packages/rplidar_ros
[0.815s] -- Up-to-date symlink: /home/isc/tk2_ws/install/rplidar_ros/share/rplidar_ros/cmake/ament_cmake_export_dependencies-extras.cmake
[0.816s] -- Up-to-date symlink: /home/isc/tk2_ws/install/rplidar_ros/share/rplidar_ros/cmake/ament_cmake_export_include_directories-extras.cmake
[0.817s] -- Up-to-date symlink: /home/isc/tk2_ws/install/rplidar_ros/share/rplidar_ros/cmake/rplidar_rosConfig.cmake
[0.818s] -- Up-to-date symlink: /home/isc/tk2_ws/install/rplidar_ros/share/rplidar_ros/cmake/rplidar_rosConfig-version.cmake
[0.819s] -- Up-to-date symlink: /home/isc/tk2_ws/install/rplidar_ros/share/rplidar_ros/package.xml
[0.829s] Invoked command in '/home/isc/tk2_ws/build/rplidar_ros' returned '0': CMAKE_PREFIX_PATH=${CMAKE_PREFIX_PATH}:/opt/ros/jazzy /usr/bin/cmake --install /home/isc/tk2_ws/build/rplidar_ros
