[0.087s] Invoking command in '/home/isc/tk2_ws/build/v4l2_camera': CMAKE_PREFIX_PATH=${CMAKE_PREFIX_PATH}:/opt/ros/jazzy /usr/bin/cmake --build /home/isc/tk2_ws/build/v4l2_camera -- -j4 -l4
[0.934s] [ 50%] Built target v4l2_camera
[1.103s] [100%] Built target v4l2_camera_node
[1.104s] [100%] Built target v4l2_camera_compose_test
[1.159s] Invoked command in '/home/isc/tk2_ws/build/v4l2_camera' returned '0': CMAKE_PREFIX_PATH=${CMAKE_PREFIX_PATH}:/opt/ros/jazzy /usr/bin/cmake --build /home/isc/tk2_ws/build/v4l2_camera -- -j4 -l4
[1.168s] Invoking command in '/home/isc/tk2_ws/build/v4l2_camera': CMAKE_PREFIX_PATH=${CMAKE_PREFIX_PATH}:/opt/ros/jazzy /usr/bin/cmake --install /home/isc/tk2_ws/build/v4l2_camera
[1.212s] -- Install configuration: ""
[1.214s] -- Up-to-date: /home/isc/tk2_ws/install/v4l2_camera/include
[1.215s] -- Up-to-date: /home/isc/tk2_ws/install/v4l2_camera/include/v4l2_camera
[1.215s] -- Up-to-date: /home/isc/tk2_ws/install/v4l2_camera/include/v4l2_camera/v4l2_camera_device.hpp
[1.215s] -- Up-to-date: /home/isc/tk2_ws/install/v4l2_camera/include/v4l2_camera/fourcc.hpp
[1.216s] -- Up-to-date: /home/isc/tk2_ws/install/v4l2_camera/include/v4l2_camera/pixel_format.hpp
[1.216s] -- Up-to-date: /home/isc/tk2_ws/install/v4l2_camera/include/v4l2_camera/image_format.hpp
[1.217s] -- Up-to-date: /home/isc/tk2_ws/install/v4l2_camera/include/v4l2_camera/v4l2_camera.hpp
[1.217s] -- Up-to-date: /home/isc/tk2_ws/install/v4l2_camera/include/v4l2_camera/parameters.hpp
[1.218s] -- Up-to-date: /home/isc/tk2_ws/install/v4l2_camera/include/v4l2_camera/control.hpp
[1.219s] -- Up-to-date: /home/isc/tk2_ws/install/v4l2_camera/include/v4l2_camera/visibility_control.h
[1.220s] -- Up-to-date: /home/isc/tk2_ws/install/v4l2_camera/lib/libv4l2_camera.so
[1.225s] -- Up-to-date: /home/isc/tk2_ws/install/v4l2_camera/lib/v4l2_camera/v4l2_camera_node
[1.230s] -- Up-to-date: /home/isc/tk2_ws/install/v4l2_camera/lib/v4l2_camera/v4l2_camera_compose_test
[1.232s] -- Up-to-date: /home/isc/tk2_ws/install/v4l2_camera/share/v4l2_camera/environment/library_path.sh
[1.234s] -- Up-to-date: /home/isc/tk2_ws/install/v4l2_camera/share/v4l2_camera/environment/library_path.dsv
[1.235s] -- Up-to-date: /home/isc/tk2_ws/install/v4l2_camera/share/ament_index/resource_index/package_run_dependencies/v4l2_camera
[1.237s] -- Up-to-date: /home/isc/tk2_ws/install/v4l2_camera/share/ament_index/resource_index/parent_prefix_path/v4l2_camera
[1.238s] -- Up-to-date: /home/isc/tk2_ws/install/v4l2_camera/share/v4l2_camera/environment/ament_prefix_path.sh
[1.238s] -- Up-to-date: /home/isc/tk2_ws/install/v4l2_camera/share/v4l2_camera/environment/ament_prefix_path.dsv
[1.238s] -- Up-to-date: /home/isc/tk2_ws/install/v4l2_camera/share/v4l2_camera/environment/path.sh
[1.239s] -- Up-to-date: /home/isc/tk2_ws/install/v4l2_camera/share/v4l2_camera/environment/path.dsv
[1.239s] -- Up-to-date: /home/isc/tk2_ws/install/v4l2_camera/share/v4l2_camera/local_setup.bash
[1.240s] -- Up-to-date: /home/isc/tk2_ws/install/v4l2_camera/share/v4l2_camera/local_setup.sh
[1.240s] -- Up-to-date: /home/isc/tk2_ws/install/v4l2_camera/share/v4l2_camera/local_setup.zsh
[1.241s] -- Up-to-date: /home/isc/tk2_ws/install/v4l2_camera/share/v4l2_camera/local_setup.dsv
[1.242s] -- Installing: /home/isc/tk2_ws/install/v4l2_camera/share/v4l2_camera/package.dsv
[1.243s] -- Up-to-date: /home/isc/tk2_ws/install/v4l2_camera/share/ament_index/resource_index/packages/v4l2_camera
[1.243s] -- Up-to-date: /home/isc/tk2_ws/install/v4l2_camera/share/ament_index/resource_index/rclcpp_components/v4l2_camera
[1.244s] -- Up-to-date: /home/isc/tk2_ws/install/v4l2_camera/share/v4l2_camera/cmake/export_v4l2_cameraExport.cmake
[1.245s] -- Up-to-date: /home/isc/tk2_ws/install/v4l2_camera/share/v4l2_camera/cmake/export_v4l2_cameraExport-noconfig.cmake
[1.245s] -- Up-to-date: /home/isc/tk2_ws/install/v4l2_camera/share/v4l2_camera/cmake/ament_cmake_export_include_directories-extras.cmake
[1.246s] -- Up-to-date: /home/isc/tk2_ws/install/v4l2_camera/share/v4l2_camera/cmake/ament_cmake_export_targets-extras.cmake
[1.247s] -- Up-to-date: /home/isc/tk2_ws/install/v4l2_camera/share/v4l2_camera/cmake/ament_cmake_export_libraries-extras.cmake
[1.248s] -- Up-to-date: /home/isc/tk2_ws/install/v4l2_camera/share/v4l2_camera/cmake/ament_cmake_export_dependencies-extras.cmake
[1.248s] -- Up-to-date: /home/isc/tk2_ws/install/v4l2_camera/share/v4l2_camera/cmake/v4l2_cameraConfig.cmake
[1.249s] -- Up-to-date: /home/isc/tk2_ws/install/v4l2_camera/share/v4l2_camera/cmake/v4l2_cameraConfig-version.cmake
[1.250s] -- Up-to-date: /home/isc/tk2_ws/install/v4l2_camera/share/v4l2_camera/package.xml
[1.283s] Invoked command in '/home/isc/tk2_ws/build/v4l2_camera' returned '0': CMAKE_PREFIX_PATH=${CMAKE_PREFIX_PATH}:/opt/ros/jazzy /usr/bin/cmake --install /home/isc/tk2_ws/build/v4l2_camera
