[0.934s] DEBUG:colcon:Command line arguments: ['/usr/bin/colcon', 'build']
[0.934s] DEBUG:colcon:Parsed command line arguments: Namespace(log_base=None, log_level=None, verb_name='build', build_base='build', install_base='install', merge_install=False, symlink_install=False, test_result_base=None, continue_on_error=False, executor='parallel', parallel_workers=4, event_handlers=None, ignore_user_meta=False, metas=['./colcon.meta'], base_paths=['.'], packages_ignore=None, packages_ignore_regex=None, paths=None, packages_up_to=None, packages_up_to_regex=None, packages_above=None, packages_above_and_dependencies=None, packages_above_depth=None, packages_select_by_dep=None, packages_skip_by_dep=None, packages_skip_up_to=None, packages_select_build_failed=False, packages_skip_build_finished=False, packages_select_test_failures=False, packages_skip_test_passed=False, packages_select=None, packages_skip=None, packages_select_regex=None, packages_skip_regex=None, packages_start=None, packages_end=None, allow_overriding=[], cmake_args=None, cmake_target=None, cmake_target_skip_unavailable=False, cmake_clean_cache=False, cmake_clean_first=False, cmake_force_configure=False, meson_args=[], ament_cmake_args=None, catkin_cmake_args=None, catkin_skip_building_tests=False, mixin_files=None, mixin=None, verb_parser=<colcon_mixin.mixin.mixin_argument.MixinArgumentDecorator object at 0xffff9df9ae10>, verb_extension=<colcon_core.verb.build.BuildVerb object at 0xffff9e14f7d0>, main=<bound method BuildVerb.main of <colcon_core.verb.build.BuildVerb object at 0xffff9e14f7d0>>, mixin_verb=('build',))
[1.104s] Level 1:colcon.colcon_core.package_discovery:discover_packages(colcon_meta) check parameters
[1.105s] Level 1:colcon.colcon_core.package_discovery:discover_packages(recursive) check parameters
[1.105s] Level 1:colcon.colcon_core.package_discovery:discover_packages(ignore) check parameters
[1.105s] Level 1:colcon.colcon_core.package_discovery:discover_packages(path) check parameters
[1.105s] Level 1:colcon.colcon_core.package_discovery:discover_packages(colcon_meta) discover
[1.123s] Level 1:colcon.colcon_core.package_discovery:discover_packages(recursive) discover
[1.124s] INFO:colcon.colcon_core.package_discovery:Crawling recursively for packages in '/home/isc/tk2_ws'
[1.125s] Level 1:colcon.colcon_core.package_identification:_identify(.) by extensions ['ignore', 'ignore_ament_install']
[1.125s] Level 1:colcon.colcon_core.package_identification:_identify(.) by extension 'ignore'
[1.126s] Level 1:colcon.colcon_core.package_identification:_identify(.) by extension 'ignore_ament_install'
[1.126s] Level 1:colcon.colcon_core.package_identification:_identify(.) by extensions ['colcon_pkg']
[1.127s] Level 1:colcon.colcon_core.package_identification:_identify(.) by extension 'colcon_pkg'
[1.127s] Level 1:colcon.colcon_core.package_identification:_identify(.) by extensions ['colcon_meta']
[1.127s] Level 1:colcon.colcon_core.package_identification:_identify(.) by extension 'colcon_meta'
[1.127s] Level 1:colcon.colcon_core.package_identification:_identify(.) by extensions ['ros']
[1.128s] Level 1:colcon.colcon_core.package_identification:_identify(.) by extension 'ros'
[1.276s] Level 1:colcon.colcon_core.package_identification:_identify(.) by extensions ['cmake', 'meson', 'python']
[1.277s] Level 1:colcon.colcon_core.package_identification:_identify(.) by extension 'cmake'
[1.277s] Level 1:colcon.colcon_core.package_identification:_identify(.) by extension 'meson'
[1.282s] Level 1:colcon.colcon_core.package_identification:_identify(.) by extension 'python'
[1.282s] Level 1:colcon.colcon_core.package_identification:_identify(.) by extensions ['python_setup_py']
[1.282s] Level 1:colcon.colcon_core.package_identification:_identify(.) by extension 'python_setup_py'
[1.283s] Level 1:colcon.colcon_core.package_identification:_identify(build) by extensions ['ignore', 'ignore_ament_install']
[1.284s] Level 1:colcon.colcon_core.package_identification:_identify(build) by extension 'ignore'
[1.284s] Level 1:colcon.colcon_core.package_identification:_identify(build) ignored
[1.285s] Level 1:colcon.colcon_core.package_identification:_identify(install) by extensions ['ignore', 'ignore_ament_install']
[1.285s] Level 1:colcon.colcon_core.package_identification:_identify(install) by extension 'ignore'
[1.285s] Level 1:colcon.colcon_core.package_identification:_identify(install) ignored
[1.286s] Level 1:colcon.colcon_core.package_identification:_identify(log) by extensions ['ignore', 'ignore_ament_install']
[1.286s] Level 1:colcon.colcon_core.package_identification:_identify(log) by extension 'ignore'
[1.286s] Level 1:colcon.colcon_core.package_identification:_identify(log) ignored
[1.287s] Level 1:colcon.colcon_core.package_identification:_identify(src) by extensions ['ignore', 'ignore_ament_install']
[1.287s] Level 1:colcon.colcon_core.package_identification:_identify(src) by extension 'ignore'
[1.287s] Level 1:colcon.colcon_core.package_identification:_identify(src) by extension 'ignore_ament_install'
[1.287s] Level 1:colcon.colcon_core.package_identification:_identify(src) by extensions ['colcon_pkg']
[1.287s] Level 1:colcon.colcon_core.package_identification:_identify(src) by extension 'colcon_pkg'
[1.288s] Level 1:colcon.colcon_core.package_identification:_identify(src) by extensions ['colcon_meta']
[1.288s] Level 1:colcon.colcon_core.package_identification:_identify(src) by extension 'colcon_meta'
[1.288s] Level 1:colcon.colcon_core.package_identification:_identify(src) by extensions ['ros']
[1.288s] Level 1:colcon.colcon_core.package_identification:_identify(src) by extension 'ros'
[1.288s] Level 1:colcon.colcon_core.package_identification:_identify(src) by extensions ['cmake', 'meson', 'python']
[1.288s] Level 1:colcon.colcon_core.package_identification:_identify(src) by extension 'cmake'
[1.289s] Level 1:colcon.colcon_core.package_identification:_identify(src) by extension 'meson'
[1.292s] Level 1:colcon.colcon_core.package_identification:_identify(src) by extension 'python'
[1.293s] Level 1:colcon.colcon_core.package_identification:_identify(src) by extensions ['python_setup_py']
[1.293s] Level 1:colcon.colcon_core.package_identification:_identify(src) by extension 'python_setup_py'
[1.293s] Level 1:colcon.colcon_core.package_identification:_identify(src/camera_ros) by extensions ['ignore', 'ignore_ament_install']
[1.294s] Level 1:colcon.colcon_core.package_identification:_identify(src/camera_ros) by extension 'ignore'
[1.294s] Level 1:colcon.colcon_core.package_identification:_identify(src/camera_ros) by extension 'ignore_ament_install'
[1.294s] Level 1:colcon.colcon_core.package_identification:_identify(src/camera_ros) by extensions ['colcon_pkg']
[1.294s] Level 1:colcon.colcon_core.package_identification:_identify(src/camera_ros) by extension 'colcon_pkg'
[1.294s] Level 1:colcon.colcon_core.package_identification:_identify(src/camera_ros) by extensions ['colcon_meta']
[1.295s] Level 1:colcon.colcon_core.package_identification:_identify(src/camera_ros) by extension 'colcon_meta'
[1.295s] Level 1:colcon.colcon_core.package_identification:_identify(src/camera_ros) by extensions ['ros']
[1.295s] Level 1:colcon.colcon_core.package_identification:_identify(src/camera_ros) by extension 'ros'
[1.313s] DEBUG:colcon.colcon_core.package_identification:Package 'src/camera_ros' with type 'ros.ament_cmake' and name 'camera_ros'
[1.314s] Level 1:colcon.colcon_core.package_identification:_identify(src/rplidar_ros) by extensions ['ignore', 'ignore_ament_install']
[1.314s] Level 1:colcon.colcon_core.package_identification:_identify(src/rplidar_ros) by extension 'ignore'
[1.315s] Level 1:colcon.colcon_core.package_identification:_identify(src/rplidar_ros) by extension 'ignore_ament_install'
[1.315s] Level 1:colcon.colcon_core.package_identification:_identify(src/rplidar_ros) by extensions ['colcon_pkg']
[1.315s] Level 1:colcon.colcon_core.package_identification:_identify(src/rplidar_ros) by extension 'colcon_pkg'
[1.315s] Level 1:colcon.colcon_core.package_identification:_identify(src/rplidar_ros) by extensions ['colcon_meta']
[1.315s] Level 1:colcon.colcon_core.package_identification:_identify(src/rplidar_ros) by extension 'colcon_meta'
[1.316s] Level 1:colcon.colcon_core.package_identification:_identify(src/rplidar_ros) by extensions ['ros']
[1.316s] Level 1:colcon.colcon_core.package_identification:_identify(src/rplidar_ros) by extension 'ros'
[1.318s] DEBUG:colcon.colcon_core.package_identification:Package 'src/rplidar_ros' with type 'ros.ament_cmake' and name 'rplidar_ros'
[1.318s] Level 1:colcon.colcon_core.package_discovery:discover_packages(recursive) using defaults
[1.318s] Level 1:colcon.colcon_core.package_discovery:discover_packages(ignore) discover
[1.318s] Level 1:colcon.colcon_core.package_discovery:discover_packages(ignore) using defaults
[1.318s] Level 1:colcon.colcon_core.package_discovery:discover_packages(path) discover
[1.319s] Level 1:colcon.colcon_core.package_discovery:discover_packages(path) using defaults
[1.377s] Level 1:colcon.colcon_core.package_discovery:discover_packages(prefix_path) check parameters
[1.377s] Level 1:colcon.colcon_core.package_discovery:discover_packages(prefix_path) discover
[1.384s] DEBUG:colcon.colcon_installed_package_information.package_discovery:Found 1 installed packages in /home/isc/tk2_ws/install
[1.395s] DEBUG:colcon.colcon_installed_package_information.package_discovery:Found 298 installed packages in /opt/ros/jazzy
[1.402s] Level 1:colcon.colcon_core.package_discovery:discover_packages(prefix_path) using defaults
[1.655s] Level 5:colcon.colcon_core.verb:set package 'camera_ros' build argument 'cmake_args' from command line to 'None'
[1.655s] Level 5:colcon.colcon_core.verb:set package 'camera_ros' build argument 'cmake_target' from command line to 'None'
[1.655s] Level 5:colcon.colcon_core.verb:set package 'camera_ros' build argument 'cmake_target_skip_unavailable' from command line to 'False'
[1.655s] Level 5:colcon.colcon_core.verb:set package 'camera_ros' build argument 'cmake_clean_cache' from command line to 'False'
[1.655s] Level 5:colcon.colcon_core.verb:set package 'camera_ros' build argument 'cmake_clean_first' from command line to 'False'
[1.655s] Level 5:colcon.colcon_core.verb:set package 'camera_ros' build argument 'cmake_force_configure' from command line to 'False'
[1.655s] Level 5:colcon.colcon_core.verb:set package 'camera_ros' build argument 'meson_args' from command line to '[]'
[1.655s] Level 5:colcon.colcon_core.verb:set package 'camera_ros' build argument 'ament_cmake_args' from command line to 'None'
[1.655s] Level 5:colcon.colcon_core.verb:set package 'camera_ros' build argument 'catkin_cmake_args' from command line to 'None'
[1.656s] Level 5:colcon.colcon_core.verb:set package 'camera_ros' build argument 'catkin_skip_building_tests' from command line to 'False'
[1.656s] DEBUG:colcon.colcon_core.verb:Building package 'camera_ros' with the following arguments: {'ament_cmake_args': None, 'build_base': '/home/isc/tk2_ws/build/camera_ros', 'catkin_cmake_args': None, 'catkin_skip_building_tests': False, 'cmake_args': None, 'cmake_clean_cache': False, 'cmake_clean_first': False, 'cmake_force_configure': False, 'cmake_target': None, 'cmake_target_skip_unavailable': False, 'install_base': '/home/isc/tk2_ws/install/camera_ros', 'merge_install': False, 'meson_args': [], 'path': '/home/isc/tk2_ws/src/camera_ros', 'symlink_install': False, 'test_result_base': None}
[1.709s] Level 5:colcon.colcon_core.verb:set package 'rplidar_ros' build argument 'cmake_args' from command line to 'None'
[1.709s] Level 5:colcon.colcon_core.verb:set package 'rplidar_ros' build argument 'cmake_target' from command line to 'None'
[1.709s] Level 5:colcon.colcon_core.verb:set package 'rplidar_ros' build argument 'cmake_target_skip_unavailable' from command line to 'False'
[1.709s] Level 5:colcon.colcon_core.verb:set package 'rplidar_ros' build argument 'cmake_clean_cache' from command line to 'False'
[1.709s] Level 5:colcon.colcon_core.verb:set package 'rplidar_ros' build argument 'cmake_clean_first' from command line to 'False'
[1.709s] Level 5:colcon.colcon_core.verb:set package 'rplidar_ros' build argument 'cmake_force_configure' from command line to 'False'
[1.710s] Level 5:colcon.colcon_core.verb:set package 'rplidar_ros' build argument 'meson_args' from command line to '[]'
[1.710s] Level 5:colcon.colcon_core.verb:set package 'rplidar_ros' build argument 'ament_cmake_args' from command line to 'None'
[1.710s] Level 5:colcon.colcon_core.verb:set package 'rplidar_ros' build argument 'catkin_cmake_args' from command line to 'None'
[1.710s] Level 5:colcon.colcon_core.verb:set package 'rplidar_ros' build argument 'catkin_skip_building_tests' from command line to 'False'
[1.710s] DEBUG:colcon.colcon_core.verb:Building package 'rplidar_ros' with the following arguments: {'ament_cmake_args': None, 'build_base': '/home/isc/tk2_ws/build/rplidar_ros', 'catkin_cmake_args': None, 'catkin_skip_building_tests': False, 'cmake_args': None, 'cmake_clean_cache': False, 'cmake_clean_first': False, 'cmake_force_configure': False, 'cmake_target': None, 'cmake_target_skip_unavailable': False, 'install_base': '/home/isc/tk2_ws/install/rplidar_ros', 'merge_install': False, 'meson_args': [], 'path': '/home/isc/tk2_ws/src/rplidar_ros', 'symlink_install': False, 'test_result_base': None}
[1.710s] INFO:colcon.colcon_core.executor:Executing jobs using 'parallel' executor
[1.714s] DEBUG:colcon.colcon_parallel_executor.executor.parallel:run_until_complete
[1.715s] INFO:colcon.colcon_ros.task.ament_cmake.build:Building ROS package in '/home/isc/tk2_ws/src/camera_ros' with build type 'ament_cmake'
[1.716s] INFO:colcon.colcon_cmake.task.cmake.build:Building CMake package in '/home/isc/tk2_ws/src/camera_ros'
[1.723s] INFO:colcon.colcon_core.plugin_system:Skipping extension 'colcon_core.shell.bat': Not used on non-Windows systems
[1.724s] INFO:colcon.colcon_core.shell:Skip shell extension 'powershell' for command environment: Not usable outside of PowerShell
[1.724s] DEBUG:colcon.colcon_core.shell:Skip shell extension 'dsv' for command environment
[1.743s] INFO:colcon.colcon_ros.task.ament_cmake.build:Building ROS package in '/home/isc/tk2_ws/src/rplidar_ros' with build type 'ament_cmake'
[1.743s] INFO:colcon.colcon_cmake.task.cmake.build:Building CMake package in '/home/isc/tk2_ws/src/rplidar_ros'
[1.744s] INFO:colcon.colcon_core.shell:Skip shell extension 'powershell' for command environment: Not usable outside of PowerShell
[1.745s] DEBUG:colcon.colcon_core.shell:Skip shell extension 'dsv' for command environment
[1.778s] DEBUG:colcon.colcon_core.event_handler.log_command:Invoking command in '/home/isc/tk2_ws/build/camera_ros': CMAKE_PREFIX_PATH=${CMAKE_PREFIX_PATH}:/opt/ros/jazzy /usr/bin/cmake /home/isc/tk2_ws/src/camera_ros -DCMAKE_INSTALL_PREFIX=/home/isc/tk2_ws/install/camera_ros
[1.796s] DEBUG:colcon.colcon_core.event_handler.log_command:Invoking command in '/home/isc/tk2_ws/build/rplidar_ros': CMAKE_PREFIX_PATH=${CMAKE_PREFIX_PATH}:/opt/ros/jazzy /usr/bin/cmake --build /home/isc/tk2_ws/build/rplidar_ros -- -j4 -l4
[2.218s] DEBUG:colcon.colcon_core.event_handler.log_command:Invoked command in '/home/isc/tk2_ws/build/rplidar_ros' returned '0': CMAKE_PREFIX_PATH=${CMAKE_PREFIX_PATH}:/opt/ros/jazzy /usr/bin/cmake --build /home/isc/tk2_ws/build/rplidar_ros -- -j4 -l4
[2.265s] DEBUG:colcon.colcon_core.event_handler.log_command:Invoking command in '/home/isc/tk2_ws/build/rplidar_ros': CMAKE_PREFIX_PATH=${CMAKE_PREFIX_PATH}:/opt/ros/jazzy /usr/bin/cmake --install /home/isc/tk2_ws/build/rplidar_ros
[2.414s] Level 1:colcon.colcon_core.environment:create_environment_scripts_only(rplidar_ros)
[2.416s] DEBUG:colcon.colcon_core.event_handler.log_command:Invoked command in '/home/isc/tk2_ws/build/rplidar_ros' returned '0': CMAKE_PREFIX_PATH=${CMAKE_PREFIX_PATH}:/opt/ros/jazzy /usr/bin/cmake --install /home/isc/tk2_ws/build/rplidar_ros
[2.426s] Level 1:colcon.colcon_core.environment:checking '/home/isc/tk2_ws/install/rplidar_ros' for CMake module files
[2.430s] Level 1:colcon.colcon_core.environment:checking '/home/isc/tk2_ws/install/rplidar_ros' for CMake config files
[2.434s] Level 1:colcon.colcon_core.shell:create_environment_hook('rplidar_ros', 'cmake_prefix_path')
[2.435s] INFO:colcon.colcon_core.shell:Creating environment hook '/home/isc/tk2_ws/install/rplidar_ros/share/rplidar_ros/hook/cmake_prefix_path.ps1'
[2.437s] INFO:colcon.colcon_core.shell:Creating environment descriptor '/home/isc/tk2_ws/install/rplidar_ros/share/rplidar_ros/hook/cmake_prefix_path.dsv'
[2.440s] INFO:colcon.colcon_core.shell:Creating environment hook '/home/isc/tk2_ws/install/rplidar_ros/share/rplidar_ros/hook/cmake_prefix_path.sh'
[2.444s] Level 1:colcon.colcon_core.environment:checking '/home/isc/tk2_ws/install/rplidar_ros/lib'
[2.445s] Level 1:colcon.colcon_core.environment:checking '/home/isc/tk2_ws/install/rplidar_ros/bin'
[2.445s] Level 1:colcon.colcon_core.environment:checking '/home/isc/tk2_ws/install/rplidar_ros/lib/pkgconfig/rplidar_ros.pc'
[2.446s] Level 1:colcon.colcon_core.environment:checking '/home/isc/tk2_ws/install/rplidar_ros/lib/python3.12/site-packages'
[2.448s] Level 1:colcon.colcon_core.environment:checking '/home/isc/tk2_ws/install/rplidar_ros/bin'
[2.449s] INFO:colcon.colcon_core.shell:Creating package script '/home/isc/tk2_ws/install/rplidar_ros/share/rplidar_ros/package.ps1'
[2.453s] INFO:colcon.colcon_core.shell:Creating package descriptor '/home/isc/tk2_ws/install/rplidar_ros/share/rplidar_ros/package.dsv'
[2.456s] INFO:colcon.colcon_core.shell:Creating package script '/home/isc/tk2_ws/install/rplidar_ros/share/rplidar_ros/package.sh'
[2.459s] INFO:colcon.colcon_core.shell:Creating package script '/home/isc/tk2_ws/install/rplidar_ros/share/rplidar_ros/package.bash'
[2.461s] INFO:colcon.colcon_core.shell:Creating package script '/home/isc/tk2_ws/install/rplidar_ros/share/rplidar_ros/package.zsh'
[2.464s] Level 1:colcon.colcon_core.environment:create_file_with_runtime_dependencies(/home/isc/tk2_ws/install/rplidar_ros/share/colcon-core/packages/rplidar_ros)
[2.467s] Level 1:colcon.colcon_core.environment:create_environment_scripts_only(rplidar_ros)
[2.468s] Level 1:colcon.colcon_core.environment:checking '/home/isc/tk2_ws/install/rplidar_ros' for CMake module files
[2.472s] Level 1:colcon.colcon_core.environment:checking '/home/isc/tk2_ws/install/rplidar_ros' for CMake config files
[2.475s] Level 1:colcon.colcon_core.shell:create_environment_hook('rplidar_ros', 'cmake_prefix_path')
[2.476s] INFO:colcon.colcon_core.shell:Creating environment hook '/home/isc/tk2_ws/install/rplidar_ros/share/rplidar_ros/hook/cmake_prefix_path.ps1'
[2.478s] INFO:colcon.colcon_core.shell:Creating environment descriptor '/home/isc/tk2_ws/install/rplidar_ros/share/rplidar_ros/hook/cmake_prefix_path.dsv'
[2.480s] INFO:colcon.colcon_core.shell:Creating environment hook '/home/isc/tk2_ws/install/rplidar_ros/share/rplidar_ros/hook/cmake_prefix_path.sh'
[2.484s] Level 1:colcon.colcon_core.environment:checking '/home/isc/tk2_ws/install/rplidar_ros/lib'
[2.484s] Level 1:colcon.colcon_core.environment:checking '/home/isc/tk2_ws/install/rplidar_ros/bin'
[2.485s] Level 1:colcon.colcon_core.environment:checking '/home/isc/tk2_ws/install/rplidar_ros/lib/pkgconfig/rplidar_ros.pc'
[2.486s] Level 1:colcon.colcon_core.environment:checking '/home/isc/tk2_ws/install/rplidar_ros/lib/python3.12/site-packages'
[2.487s] Level 1:colcon.colcon_core.environment:checking '/home/isc/tk2_ws/install/rplidar_ros/bin'
[2.488s] INFO:colcon.colcon_core.shell:Creating package script '/home/isc/tk2_ws/install/rplidar_ros/share/rplidar_ros/package.ps1'
[2.491s] INFO:colcon.colcon_core.shell:Creating package descriptor '/home/isc/tk2_ws/install/rplidar_ros/share/rplidar_ros/package.dsv'
[2.494s] INFO:colcon.colcon_core.shell:Creating package script '/home/isc/tk2_ws/install/rplidar_ros/share/rplidar_ros/package.sh'
[2.497s] INFO:colcon.colcon_core.shell:Creating package script '/home/isc/tk2_ws/install/rplidar_ros/share/rplidar_ros/package.bash'
[2.499s] INFO:colcon.colcon_core.shell:Creating package script '/home/isc/tk2_ws/install/rplidar_ros/share/rplidar_ros/package.zsh'
[2.502s] Level 1:colcon.colcon_core.environment:create_file_with_runtime_dependencies(/home/isc/tk2_ws/install/rplidar_ros/share/colcon-core/packages/rplidar_ros)
[8.218s] DEBUG:colcon.colcon_core.event_handler.log_command:Invoked command in '/home/isc/tk2_ws/build/camera_ros' returned '1': CMAKE_PREFIX_PATH=${CMAKE_PREFIX_PATH}:/opt/ros/jazzy /usr/bin/cmake /home/isc/tk2_ws/src/camera_ros -DCMAKE_INSTALL_PREFIX=/home/isc/tk2_ws/install/camera_ros
[8.278s] Level 1:colcon.colcon_core.environment:create_environment_scripts_only(camera_ros)
[8.278s] Level 1:colcon.colcon_core.environment:checking '/home/isc/tk2_ws/install/camera_ros' for CMake module files
[8.281s] Level 1:colcon.colcon_core.environment:checking '/home/isc/tk2_ws/install/camera_ros' for CMake config files
[8.282s] Level 1:colcon.colcon_core.environment:checking '/home/isc/tk2_ws/install/camera_ros/bin'
[8.282s] Level 1:colcon.colcon_core.environment:checking '/home/isc/tk2_ws/install/camera_ros/lib/pkgconfig/camera_ros.pc'
[8.283s] Level 1:colcon.colcon_core.environment:checking '/home/isc/tk2_ws/install/camera_ros/lib/python3.12/site-packages'
[8.284s] Level 1:colcon.colcon_core.environment:checking '/home/isc/tk2_ws/install/camera_ros/bin'
[8.285s] INFO:colcon.colcon_core.shell:Creating package script '/home/isc/tk2_ws/install/camera_ros/share/camera_ros/package.ps1'
[8.288s] INFO:colcon.colcon_core.shell:Creating package descriptor '/home/isc/tk2_ws/install/camera_ros/share/camera_ros/package.dsv'
[8.289s] INFO:colcon.colcon_core.shell:Creating package script '/home/isc/tk2_ws/install/camera_ros/share/camera_ros/package.sh'
[8.291s] INFO:colcon.colcon_core.shell:Creating package script '/home/isc/tk2_ws/install/camera_ros/share/camera_ros/package.bash'
[8.292s] INFO:colcon.colcon_core.shell:Creating package script '/home/isc/tk2_ws/install/camera_ros/share/camera_ros/package.zsh'
[8.293s] Level 1:colcon.colcon_core.environment:create_file_with_runtime_dependencies(/home/isc/tk2_ws/install/camera_ros/share/colcon-core/packages/camera_ros)
[8.305s] DEBUG:colcon.colcon_parallel_executor.executor.parallel:closing loop
[8.305s] DEBUG:colcon.colcon_parallel_executor.executor.parallel:loop closed
[8.306s] DEBUG:colcon.colcon_parallel_executor.executor.parallel:run_until_complete finished with '1'
[8.306s] DEBUG:colcon.colcon_core.event_reactor:joining thread
[8.307s] DEBUG:colcon.colcon_core.event_reactor:joined thread
[8.309s] INFO:colcon.colcon_core.shell:Creating prefix script '/home/isc/tk2_ws/install/local_setup.ps1'
[8.315s] INFO:colcon.colcon_core.shell:Creating prefix util module '/home/isc/tk2_ws/install/_local_setup_util_ps1.py'
[8.322s] INFO:colcon.colcon_core.shell:Creating prefix chain script '/home/isc/tk2_ws/install/setup.ps1'
[8.326s] INFO:colcon.colcon_core.shell:Creating prefix script '/home/isc/tk2_ws/install/local_setup.sh'
[8.329s] INFO:colcon.colcon_core.shell:Creating prefix util module '/home/isc/tk2_ws/install/_local_setup_util_sh.py'
[8.331s] INFO:colcon.colcon_core.shell:Creating prefix chain script '/home/isc/tk2_ws/install/setup.sh'
[8.335s] INFO:colcon.colcon_core.shell:Creating prefix script '/home/isc/tk2_ws/install/local_setup.bash'
[8.337s] INFO:colcon.colcon_core.shell:Creating prefix chain script '/home/isc/tk2_ws/install/setup.bash'
[8.341s] INFO:colcon.colcon_core.shell:Creating prefix script '/home/isc/tk2_ws/install/local_setup.zsh'
[8.343s] INFO:colcon.colcon_core.shell:Creating prefix chain script '/home/isc/tk2_ws/install/setup.zsh'
