[0.053s] Invoking command in '/home/isc/tk2_ws/build/rplidar_ros': CMAKE_PREFIX_PATH=${CMAKE_PREFIX_PATH}:/opt/ros/jazzy /usr/bin/cmake --build /home/isc/tk2_ws/build/rplidar_ros -- -j4 -l4
[0.372s] [  5%] Built target rplidar_client
[0.394s] [100%] Built target rplidar_composition
[0.395s] [100%] Built target rplidar_node
[0.457s] Invoked command in '/home/isc/tk2_ws/build/rplidar_ros' returned '0': CMAKE_PREFIX_PATH=${CMAKE_PREFIX_PATH}:/opt/ros/jazzy /usr/bin/cmake --build /home/isc/tk2_ws/build/rplidar_ros -- -j4 -l4
[0.507s] Invoking command in '/home/isc/tk2_ws/build/rplidar_ros': CMAKE_PREFIX_PATH=${CMAKE_PREFIX_PATH}:/opt/ros/jazzy /usr/bin/cmake --install /home/isc/tk2_ws/build/rplidar_ros
[0.545s] -- Install configuration: ""
[0.548s] -- Execute custom install script
[0.552s] -- Symlinking: /home/isc/tk2_ws/install/rplidar_ros/share/rplidar_ros/launch/rplidar_a1_launch.py
[0.609s] -- Symlinking: /home/isc/tk2_ws/install/rplidar_ros/share/rplidar_ros/launch/rplidar_a2m12_launch.py
[0.656s] -- Symlinking: /home/isc/tk2_ws/install/rplidar_ros/share/rplidar_ros/launch/rplidar_a2m7_launch.py
[0.704s] -- Symlinking: /home/isc/tk2_ws/install/rplidar_ros/share/rplidar_ros/launch/rplidar_a2m8_launch.py
[0.752s] -- Symlinking: /home/isc/tk2_ws/install/rplidar_ros/share/rplidar_ros/launch/rplidar_a3_launch.py
[0.800s] -- Symlinking: /home/isc/tk2_ws/install/rplidar_ros/share/rplidar_ros/launch/rplidar_c1_launch.py
[0.848s] -- Symlinking: /home/isc/tk2_ws/install/rplidar_ros/share/rplidar_ros/launch/rplidar_s1_launch.py
[0.895s] -- Symlinking: /home/isc/tk2_ws/install/rplidar_ros/share/rplidar_ros/launch/rplidar_s1_tcp_launch.py
[0.943s] -- Symlinking: /home/isc/tk2_ws/install/rplidar_ros/share/rplidar_ros/launch/rplidar_s2_launch.py
[0.990s] -- Symlinking: /home/isc/tk2_ws/install/rplidar_ros/share/rplidar_ros/launch/rplidar_s2e_launch.py
[1.036s] -- Symlinking: /home/isc/tk2_ws/install/rplidar_ros/share/rplidar_ros/launch/rplidar_s3_launch.py
[1.083s] -- Symlinking: /home/isc/tk2_ws/install/rplidar_ros/share/rplidar_ros/launch/rplidar_t1_launch.py
[1.129s] -- Symlinking: /home/isc/tk2_ws/install/rplidar_ros/share/rplidar_ros/launch/view_rplidar_a1_launch.py
[1.176s] -- Symlinking: /home/isc/tk2_ws/install/rplidar_ros/share/rplidar_ros/launch/view_rplidar_a2m12_launch.py
[1.224s] -- Symlinking: /home/isc/tk2_ws/install/rplidar_ros/share/rplidar_ros/launch/view_rplidar_a2m7_launch.py
[1.269s] -- Symlinking: /home/isc/tk2_ws/install/rplidar_ros/share/rplidar_ros/launch/view_rplidar_a2m8_launch.py
[1.317s] -- Symlinking: /home/isc/tk2_ws/install/rplidar_ros/share/rplidar_ros/launch/view_rplidar_a3_launch.py
[1.362s] -- Symlinking: /home/isc/tk2_ws/install/rplidar_ros/share/rplidar_ros/launch/view_rplidar_c1_launch.py
[1.414s] -- Symlinking: /home/isc/tk2_ws/install/rplidar_ros/share/rplidar_ros/launch/view_rplidar_s1_launch.py
[1.462s] -- Symlinking: /home/isc/tk2_ws/install/rplidar_ros/share/rplidar_ros/launch/view_rplidar_s1_tcp_launch.py
[1.509s] -- Symlinking: /home/isc/tk2_ws/install/rplidar_ros/share/rplidar_ros/launch/view_rplidar_s2_launch.py
[1.554s] -- Symlinking: /home/isc/tk2_ws/install/rplidar_ros/share/rplidar_ros/launch/view_rplidar_s2e_launch.py
[1.603s] -- Symlinking: /home/isc/tk2_ws/install/rplidar_ros/share/rplidar_ros/launch/view_rplidar_s3_launch.py
[1.646s] -- Symlinking: /home/isc/tk2_ws/install/rplidar_ros/share/rplidar_ros/launch/view_rplidar_t1_launch.py
[1.695s] -- Symlinking: /home/isc/tk2_ws/install/rplidar_ros/share/rplidar_ros/rviz/rplidar_ros.rviz
[1.746s] -- Symlinking: /home/isc/tk2_ws/install/rplidar_ros/lib/rplidar_ros/rplidar_node
[1.796s] -- Symlinking: /home/isc/tk2_ws/install/rplidar_ros/lib/rplidar_ros/rplidar_composition
[1.844s] -- Symlinking: /home/isc/tk2_ws/install/rplidar_ros/lib/rplidar_ros/rplidar_client
[1.892s] -- Symlinking: /home/isc/tk2_ws/install/rplidar_ros/share/ament_index/resource_index/package_run_dependencies/rplidar_ros
[1.942s] -- Symlinking: /home/isc/tk2_ws/install/rplidar_ros/share/ament_index/resource_index/parent_prefix_path/rplidar_ros
[1.987s] -- Symlinking: /home/isc/tk2_ws/install/rplidar_ros/share/rplidar_ros/environment/ament_prefix_path.sh
[2.040s] -- Symlinking: /home/isc/tk2_ws/install/rplidar_ros/share/rplidar_ros/environment/ament_prefix_path.dsv
[2.086s] -- Symlinking: /home/isc/tk2_ws/install/rplidar_ros/share/rplidar_ros/environment/path.sh
[2.132s] -- Symlinking: /home/isc/tk2_ws/install/rplidar_ros/share/rplidar_ros/environment/path.dsv
[2.178s] -- Symlinking: /home/isc/tk2_ws/install/rplidar_ros/share/rplidar_ros/local_setup.bash
[2.226s] -- Symlinking: /home/isc/tk2_ws/install/rplidar_ros/share/rplidar_ros/local_setup.sh
[2.272s] -- Symlinking: /home/isc/tk2_ws/install/rplidar_ros/share/rplidar_ros/local_setup.zsh
[2.320s] -- Symlinking: /home/isc/tk2_ws/install/rplidar_ros/share/rplidar_ros/local_setup.dsv
[2.373s] -- Symlinking: /home/isc/tk2_ws/install/rplidar_ros/share/rplidar_ros/package.dsv
[2.421s] -- Symlinking: /home/isc/tk2_ws/install/rplidar_ros/share/ament_index/resource_index/packages/rplidar_ros
[2.468s] -- Symlinking: /home/isc/tk2_ws/install/rplidar_ros/share/rplidar_ros/cmake/ament_cmake_export_dependencies-extras.cmake
[2.510s] -- Symlinking: /home/isc/tk2_ws/install/rplidar_ros/share/rplidar_ros/cmake/ament_cmake_export_include_directories-extras.cmake
[2.554s] -- Symlinking: /home/isc/tk2_ws/install/rplidar_ros/share/rplidar_ros/cmake/rplidar_rosConfig.cmake
[2.602s] -- Symlinking: /home/isc/tk2_ws/install/rplidar_ros/share/rplidar_ros/cmake/rplidar_rosConfig-version.cmake
[2.648s] -- Symlinking: /home/isc/tk2_ws/install/rplidar_ros/share/rplidar_ros/package.xml
[2.702s] Invoked command in '/home/isc/tk2_ws/build/rplidar_ros' returned '0': CMAKE_PREFIX_PATH=${CMAKE_PREFIX_PATH}:/opt/ros/jazzy /usr/bin/cmake --install /home/isc/tk2_ws/build/rplidar_ros
