[0.105s] Invoking command in '/home/isc/tk2_ws/build/rplidar_ros': CMAKE_PREFIX_PATH=${CMAKE_PREFIX_PATH}:/opt/ros/jazzy /usr/bin/cmake --build /home/isc/tk2_ws/build/rplidar_ros -- -j4 -l4
[1.126s] [  5%] Built target rplidar_client
[1.164s] [ 78%] Built target rplidar_node
[1.166s] [100%] Built target rplidar_composition
[1.228s] Invoked command in '/home/isc/tk2_ws/build/rplidar_ros' returned '0': CMAKE_PREFIX_PATH=${CMAKE_PREFIX_PATH}:/opt/ros/jazzy /usr/bin/cmake --build /home/isc/tk2_ws/build/rplidar_ros -- -j4 -l4
[1.317s] Invoking command in '/home/isc/tk2_ws/build/rplidar_ros': CMAKE_PREFIX_PATH=${CMAKE_PREFIX_PATH}:/opt/ros/jazzy /usr/bin/cmake --install /home/isc/tk2_ws/build/rplidar_ros
[1.360s] -- Install configuration: ""
[1.365s] -- Execute custom install script
[1.371s] -- Up-to-date symlink: /home/isc/tk2_ws/install/rplidar_ros/share/rplidar_ros/launch/rplidar_a1_launch.py
[1.372s] -- Up-to-date symlink: /home/isc/tk2_ws/install/rplidar_ros/share/rplidar_ros/launch/rplidar_a2m12_launch.py
[1.374s] -- Up-to-date symlink: /home/isc/tk2_ws/install/rplidar_ros/share/rplidar_ros/launch/rplidar_a2m7_launch.py
[1.375s] -- Up-to-date symlink: /home/isc/tk2_ws/install/rplidar_ros/share/rplidar_ros/launch/rplidar_a2m8_launch.py
[1.376s] -- Up-to-date symlink: /home/isc/tk2_ws/install/rplidar_ros/share/rplidar_ros/launch/rplidar_a3_launch.py
[1.378s] -- Up-to-date symlink: /home/isc/tk2_ws/install/rplidar_ros/share/rplidar_ros/launch/rplidar_c1_launch.py
[1.379s] -- Up-to-date symlink: /home/isc/tk2_ws/install/rplidar_ros/share/rplidar_ros/launch/rplidar_s1_launch.py
[1.381s] -- Up-to-date symlink: /home/isc/tk2_ws/install/rplidar_ros/share/rplidar_ros/launch/rplidar_s1_tcp_launch.py
[1.382s] -- Up-to-date symlink: /home/isc/tk2_ws/install/rplidar_ros/share/rplidar_ros/launch/rplidar_s2_launch.py
[1.383s] -- Up-to-date symlink: /home/isc/tk2_ws/install/rplidar_ros/share/rplidar_ros/launch/rplidar_s2e_launch.py
[1.384s] -- Up-to-date symlink: /home/isc/tk2_ws/install/rplidar_ros/share/rplidar_ros/launch/rplidar_s3_launch.py
[1.385s] -- Up-to-date symlink: /home/isc/tk2_ws/install/rplidar_ros/share/rplidar_ros/launch/rplidar_t1_launch.py
[1.385s] -- Up-to-date symlink: /home/isc/tk2_ws/install/rplidar_ros/share/rplidar_ros/launch/view_rplidar_a1_launch.py
[1.388s] -- Up-to-date symlink: /home/isc/tk2_ws/install/rplidar_ros/share/rplidar_ros/launch/view_rplidar_a2m12_launch.py
[1.390s] -- Up-to-date symlink: /home/isc/tk2_ws/install/rplidar_ros/share/rplidar_ros/launch/view_rplidar_a2m7_launch.py
[1.390s] -- Up-to-date symlink: /home/isc/tk2_ws/install/rplidar_ros/share/rplidar_ros/launch/view_rplidar_a2m8_launch.py
[1.391s] -- Up-to-date symlink: /home/isc/tk2_ws/install/rplidar_ros/share/rplidar_ros/launch/view_rplidar_a3_launch.py
[1.392s] -- Up-to-date symlink: /home/isc/tk2_ws/install/rplidar_ros/share/rplidar_ros/launch/view_rplidar_c1_launch.py
[1.395s] -- Up-to-date symlink: /home/isc/tk2_ws/install/rplidar_ros/share/rplidar_ros/launch/view_rplidar_s1_launch.py
[1.397s] -- Up-to-date symlink: /home/isc/tk2_ws/install/rplidar_ros/share/rplidar_ros/launch/view_rplidar_s1_tcp_launch.py
[1.398s] -- Up-to-date symlink: /home/isc/tk2_ws/install/rplidar_ros/share/rplidar_ros/launch/view_rplidar_s2_launch.py
[1.400s] -- Up-to-date symlink: /home/isc/tk2_ws/install/rplidar_ros/share/rplidar_ros/launch/view_rplidar_s2e_launch.py
[1.402s] -- Up-to-date symlink: /home/isc/tk2_ws/install/rplidar_ros/share/rplidar_ros/launch/view_rplidar_s3_launch.py
[1.404s] -- Up-to-date symlink: /home/isc/tk2_ws/install/rplidar_ros/share/rplidar_ros/launch/view_rplidar_t1_launch.py
[1.405s] -- Up-to-date symlink: /home/isc/tk2_ws/install/rplidar_ros/share/rplidar_ros/rviz/rplidar_ros.rviz
[1.406s] -- Up-to-date symlink: /home/isc/tk2_ws/install/rplidar_ros/lib/rplidar_ros/rplidar_node
[1.412s] -- Up-to-date symlink: /home/isc/tk2_ws/install/rplidar_ros/lib/rplidar_ros/rplidar_composition
[1.412s] -- Up-to-date symlink: /home/isc/tk2_ws/install/rplidar_ros/lib/rplidar_ros/rplidar_client
[1.413s] -- Up-to-date symlink: /home/isc/tk2_ws/install/rplidar_ros/share/ament_index/resource_index/package_run_dependencies/rplidar_ros
[1.414s] -- Up-to-date symlink: /home/isc/tk2_ws/install/rplidar_ros/share/ament_index/resource_index/parent_prefix_path/rplidar_ros
[1.415s] -- Up-to-date symlink: /home/isc/tk2_ws/install/rplidar_ros/share/rplidar_ros/environment/ament_prefix_path.sh
[1.415s] -- Up-to-date symlink: /home/isc/tk2_ws/install/rplidar_ros/share/rplidar_ros/environment/ament_prefix_path.dsv
[1.416s] -- Up-to-date symlink: /home/isc/tk2_ws/install/rplidar_ros/share/rplidar_ros/environment/path.sh
[1.419s] -- Up-to-date symlink: /home/isc/tk2_ws/install/rplidar_ros/share/rplidar_ros/environment/path.dsv
[1.423s] -- Up-to-date symlink: /home/isc/tk2_ws/install/rplidar_ros/share/rplidar_ros/local_setup.bash
[1.426s] -- Up-to-date symlink: /home/isc/tk2_ws/install/rplidar_ros/share/rplidar_ros/local_setup.sh
[1.427s] -- Up-to-date symlink: /home/isc/tk2_ws/install/rplidar_ros/share/rplidar_ros/local_setup.zsh
[1.427s] -- Up-to-date symlink: /home/isc/tk2_ws/install/rplidar_ros/share/rplidar_ros/local_setup.dsv
[1.431s] -- Symlinking: /home/isc/tk2_ws/install/rplidar_ros/share/rplidar_ros/package.dsv
[1.471s] -- Up-to-date symlink: /home/isc/tk2_ws/install/rplidar_ros/share/ament_index/resource_index/packages/rplidar_ros
[1.473s] -- Up-to-date symlink: /home/isc/tk2_ws/install/rplidar_ros/share/rplidar_ros/cmake/ament_cmake_export_dependencies-extras.cmake
[1.474s] -- Up-to-date symlink: /home/isc/tk2_ws/install/rplidar_ros/share/rplidar_ros/cmake/ament_cmake_export_include_directories-extras.cmake
[1.476s] -- Up-to-date symlink: /home/isc/tk2_ws/install/rplidar_ros/share/rplidar_ros/cmake/rplidar_rosConfig.cmake
[1.478s] -- Up-to-date symlink: /home/isc/tk2_ws/install/rplidar_ros/share/rplidar_ros/cmake/rplidar_rosConfig-version.cmake
[1.480s] -- Up-to-date symlink: /home/isc/tk2_ws/install/rplidar_ros/share/rplidar_ros/package.xml
[1.490s] Invoked command in '/home/isc/tk2_ws/build/rplidar_ros' returned '0': CMAKE_PREFIX_PATH=${CMAKE_PREFIX_PATH}:/opt/ros/jazzy /usr/bin/cmake --install /home/isc/tk2_ws/build/rplidar_ros
