[0.077s] Invoking command in '/home/isc/tk2_ws/build/tf2_transforms': CMAKE_PREFIX_PATH=${CMAKE_PREFIX_PATH}:/opt/ros/jazzy /usr/bin/cmake --build /home/isc/tk2_ws/build/tf2_transforms -- -j4 -l4
[0.504s] [100%] Built target tf2_transforms
[0.590s] Invoked command in '/home/isc/tk2_ws/build/tf2_transforms' returned '0': CMAKE_PREFIX_PATH=${CMAKE_PREFIX_PATH}:/opt/ros/jazzy /usr/bin/cmake --build /home/isc/tk2_ws/build/tf2_transforms -- -j4 -l4
[0.596s] Invoking command in '/home/isc/tk2_ws/build/tf2_transforms': CMAKE_PREFIX_PATH=${CMAKE_PREFIX_PATH}:/opt/ros/jazzy /usr/bin/cmake --install /home/isc/tk2_ws/build/tf2_transforms
[0.637s] -- Install configuration: ""
[0.639s] -- Up-to-date: /home/isc/tk2_ws/install/tf2_transforms/lib/tf2_transforms/tf2_transforms
[0.642s] -- Up-to-date: /home/isc/tk2_ws/install/tf2_transforms/share/ament_index/resource_index/package_run_dependencies/tf2_transforms
[0.643s] -- Up-to-date: /home/isc/tk2_ws/install/tf2_transforms/share/ament_index/resource_index/parent_prefix_path/tf2_transforms
[0.643s] -- Up-to-date: /home/isc/tk2_ws/install/tf2_transforms/share/tf2_transforms/environment/ament_prefix_path.sh
[0.645s] -- Up-to-date: /home/isc/tk2_ws/install/tf2_transforms/share/tf2_transforms/environment/ament_prefix_path.dsv
[0.646s] -- Up-to-date: /home/isc/tk2_ws/install/tf2_transforms/share/tf2_transforms/environment/path.sh
[0.648s] -- Up-to-date: /home/isc/tk2_ws/install/tf2_transforms/share/tf2_transforms/environment/path.dsv
[0.649s] -- Up-to-date: /home/isc/tk2_ws/install/tf2_transforms/share/tf2_transforms/local_setup.bash
[0.650s] -- Up-to-date: /home/isc/tk2_ws/install/tf2_transforms/share/tf2_transforms/local_setup.sh
[0.655s] -- Up-to-date: /home/isc/tk2_ws/install/tf2_transforms/share/tf2_transforms/local_setup.zsh
[0.656s] -- Up-to-date: /home/isc/tk2_ws/install/tf2_transforms/share/tf2_transforms/local_setup.dsv
[0.656s] -- Installing: /home/isc/tk2_ws/install/tf2_transforms/share/tf2_transforms/package.dsv
[0.658s] -- Up-to-date: /home/isc/tk2_ws/install/tf2_transforms/share/ament_index/resource_index/packages/tf2_transforms
[0.658s] -- Up-to-date: /home/isc/tk2_ws/install/tf2_transforms/share/tf2_transforms/cmake/tf2_transformsConfig.cmake
[0.659s] -- Up-to-date: /home/isc/tk2_ws/install/tf2_transforms/share/tf2_transforms/cmake/tf2_transformsConfig-version.cmake
[0.660s] -- Up-to-date: /home/isc/tk2_ws/install/tf2_transforms/share/tf2_transforms/package.xml
[0.667s] Invoked command in '/home/isc/tk2_ws/build/tf2_transforms' returned '0': CMAKE_PREFIX_PATH=${CMAKE_PREFIX_PATH}:/opt/ros/jazzy /usr/bin/cmake --install /home/isc/tk2_ws/build/tf2_transforms
