[0.051s] Invoking command in '/home/isc/tk2_ws/build/rplidar_ros': CMAKE_PREFIX_PATH=${CMAKE_PREFIX_PATH}:/opt/ros/jazzy /usr/bin/cmake --build /home/isc/tk2_ws/build/rplidar_ros -- -j4 -l4
[0.370s] [  5%] Built target rplidar_client
[0.397s] [ 97%] Built target rplidar_composition
[0.399s] [100%] Built target rplidar_node
[0.456s] Invoked command in '/home/isc/tk2_ws/build/rplidar_ros' returned '0': CMAKE_PREFIX_PATH=${CMAKE_PREFIX_PATH}:/opt/ros/jazzy /usr/bin/cmake --build /home/isc/tk2_ws/build/rplidar_ros -- -j4 -l4
[0.506s] Invoking command in '/home/isc/tk2_ws/build/rplidar_ros': CMAKE_PREFIX_PATH=${CMAKE_PREFIX_PATH}:/opt/ros/jazzy /usr/bin/cmake --install /home/isc/tk2_ws/build/rplidar_ros
[0.546s] -- Install configuration: ""
[0.548s] -- Execute custom install script
[0.551s] -- Up-to-date symlink: /home/isc/tk2_ws/install/rplidar_ros/share/rplidar_ros/launch/rplidar_a1_launch.py
[0.552s] -- Up-to-date symlink: /home/isc/tk2_ws/install/rplidar_ros/share/rplidar_ros/launch/rplidar_a2m12_launch.py
[0.553s] -- Up-to-date symlink: /home/isc/tk2_ws/install/rplidar_ros/share/rplidar_ros/launch/rplidar_a2m7_launch.py
[0.554s] -- Up-to-date symlink: /home/isc/tk2_ws/install/rplidar_ros/share/rplidar_ros/launch/rplidar_a2m8_launch.py
[0.555s] -- Up-to-date symlink: /home/isc/tk2_ws/install/rplidar_ros/share/rplidar_ros/launch/rplidar_a3_launch.py
[0.556s] -- Up-to-date symlink: /home/isc/tk2_ws/install/rplidar_ros/share/rplidar_ros/launch/rplidar_c1_launch.py
[0.556s] -- Up-to-date symlink: /home/isc/tk2_ws/install/rplidar_ros/share/rplidar_ros/launch/rplidar_s1_launch.py
[0.557s] -- Up-to-date symlink: /home/isc/tk2_ws/install/rplidar_ros/share/rplidar_ros/launch/rplidar_s1_tcp_launch.py
[0.558s] -- Up-to-date symlink: /home/isc/tk2_ws/install/rplidar_ros/share/rplidar_ros/launch/rplidar_s2_launch.py
[0.559s] -- Up-to-date symlink: /home/isc/tk2_ws/install/rplidar_ros/share/rplidar_ros/launch/rplidar_s2e_launch.py
[0.560s] -- Up-to-date symlink: /home/isc/tk2_ws/install/rplidar_ros/share/rplidar_ros/launch/rplidar_s3_launch.py
[0.560s] -- Up-to-date symlink: /home/isc/tk2_ws/install/rplidar_ros/share/rplidar_ros/launch/rplidar_t1_launch.py
[0.561s] -- Up-to-date symlink: /home/isc/tk2_ws/install/rplidar_ros/share/rplidar_ros/launch/view_rplidar_a1_launch.py
[0.562s] -- Up-to-date symlink: /home/isc/tk2_ws/install/rplidar_ros/share/rplidar_ros/launch/view_rplidar_a2m12_launch.py
[0.563s] -- Up-to-date symlink: /home/isc/tk2_ws/install/rplidar_ros/share/rplidar_ros/launch/view_rplidar_a2m7_launch.py
[0.564s] -- Up-to-date symlink: /home/isc/tk2_ws/install/rplidar_ros/share/rplidar_ros/launch/view_rplidar_a2m8_launch.py
[0.564s] -- Up-to-date symlink: /home/isc/tk2_ws/install/rplidar_ros/share/rplidar_ros/launch/view_rplidar_a3_launch.py
[0.565s] -- Up-to-date symlink: /home/isc/tk2_ws/install/rplidar_ros/share/rplidar_ros/launch/view_rplidar_c1_launch.py
[0.566s] -- Up-to-date symlink: /home/isc/tk2_ws/install/rplidar_ros/share/rplidar_ros/launch/view_rplidar_s1_launch.py
[0.567s] -- Up-to-date symlink: /home/isc/tk2_ws/install/rplidar_ros/share/rplidar_ros/launch/view_rplidar_s1_tcp_launch.py
[0.568s] -- Up-to-date symlink: /home/isc/tk2_ws/install/rplidar_ros/share/rplidar_ros/launch/view_rplidar_s2_launch.py
[0.568s] -- Up-to-date symlink: /home/isc/tk2_ws/install/rplidar_ros/share/rplidar_ros/launch/view_rplidar_s2e_launch.py
[0.569s] -- Up-to-date symlink: /home/isc/tk2_ws/install/rplidar_ros/share/rplidar_ros/launch/view_rplidar_s3_launch.py
[0.570s] -- Up-to-date symlink: /home/isc/tk2_ws/install/rplidar_ros/share/rplidar_ros/launch/view_rplidar_t1_launch.py
[0.572s] -- Up-to-date symlink: /home/isc/tk2_ws/install/rplidar_ros/share/rplidar_ros/rviz/rplidar_ros.rviz
[0.573s] -- Up-to-date symlink: /home/isc/tk2_ws/install/rplidar_ros/lib/rplidar_ros/rplidar_node
[0.575s] -- Up-to-date symlink: /home/isc/tk2_ws/install/rplidar_ros/lib/rplidar_ros/rplidar_composition
[0.576s] -- Up-to-date symlink: /home/isc/tk2_ws/install/rplidar_ros/lib/rplidar_ros/rplidar_client
[0.577s] -- Up-to-date symlink: /home/isc/tk2_ws/install/rplidar_ros/share/ament_index/resource_index/package_run_dependencies/rplidar_ros
[0.578s] -- Up-to-date symlink: /home/isc/tk2_ws/install/rplidar_ros/share/ament_index/resource_index/parent_prefix_path/rplidar_ros
[0.579s] -- Up-to-date symlink: /home/isc/tk2_ws/install/rplidar_ros/share/rplidar_ros/environment/ament_prefix_path.sh
[0.581s] -- Up-to-date symlink: /home/isc/tk2_ws/install/rplidar_ros/share/rplidar_ros/environment/ament_prefix_path.dsv
[0.582s] -- Up-to-date symlink: /home/isc/tk2_ws/install/rplidar_ros/share/rplidar_ros/environment/path.sh
[0.583s] -- Up-to-date symlink: /home/isc/tk2_ws/install/rplidar_ros/share/rplidar_ros/environment/path.dsv
[0.584s] -- Up-to-date symlink: /home/isc/tk2_ws/install/rplidar_ros/share/rplidar_ros/local_setup.bash
[0.585s] -- Up-to-date symlink: /home/isc/tk2_ws/install/rplidar_ros/share/rplidar_ros/local_setup.sh
[0.586s] -- Up-to-date symlink: /home/isc/tk2_ws/install/rplidar_ros/share/rplidar_ros/local_setup.zsh
[0.587s] -- Up-to-date symlink: /home/isc/tk2_ws/install/rplidar_ros/share/rplidar_ros/local_setup.dsv
[0.588s] -- Symlinking: /home/isc/tk2_ws/install/rplidar_ros/share/rplidar_ros/package.dsv
[0.638s] -- Up-to-date symlink: /home/isc/tk2_ws/install/rplidar_ros/share/ament_index/resource_index/packages/rplidar_ros
[0.639s] -- Up-to-date symlink: /home/isc/tk2_ws/install/rplidar_ros/share/rplidar_ros/cmake/ament_cmake_export_dependencies-extras.cmake
[0.640s] -- Up-to-date symlink: /home/isc/tk2_ws/install/rplidar_ros/share/rplidar_ros/cmake/ament_cmake_export_include_directories-extras.cmake
[0.641s] -- Up-to-date symlink: /home/isc/tk2_ws/install/rplidar_ros/share/rplidar_ros/cmake/rplidar_rosConfig.cmake
[0.642s] -- Up-to-date symlink: /home/isc/tk2_ws/install/rplidar_ros/share/rplidar_ros/cmake/rplidar_rosConfig-version.cmake
[0.643s] -- Up-to-date symlink: /home/isc/tk2_ws/install/rplidar_ros/share/rplidar_ros/package.xml
[0.651s] Invoked command in '/home/isc/tk2_ws/build/rplidar_ros' returned '0': CMAKE_PREFIX_PATH=${CMAKE_PREFIX_PATH}:/opt/ros/jazzy /usr/bin/cmake --install /home/isc/tk2_ws/build/rplidar_ros
