[0.073s] Invoking command in '/home/isc/tk2_ws/build/v4l2_camera': CMAKE_PREFIX_PATH=${CMAKE_PREFIX_PATH}:/opt/ros/jazzy /usr/bin/cmake --build /home/isc/tk2_ws/build/v4l2_camera -- -j4 -l4
[0.455s] [ 12%] [32mBuilding CXX object CMakeFiles/v4l2_camera.dir/src/parameters.cpp.o[0m
[13.956s] [ 25%] [32m[1mLinking CXX shared library libv4l2_camera.so[0m
[15.882s] [ 50%] Built target v4l2_camera
[16.027s] [ 75%] [32m[1mLinking CXX executable v4l2_camera_compose_test[0m
[16.028s] [ 75%] [32m[1mLinking CXX executable v4l2_camera_node[0m
[18.700s] [ 87%] Built target v4l2_camera_node
[19.545s] [100%] Built target v4l2_camera_compose_test
[19.598s] Invoked command in '/home/isc/tk2_ws/build/v4l2_camera' returned '0': CMAKE_PREFIX_PATH=${CMAKE_PREFIX_PATH}:/opt/ros/jazzy /usr/bin/cmake --build /home/isc/tk2_ws/build/v4l2_camera -- -j4 -l4
[19.604s] Invoking command in '/home/isc/tk2_ws/build/v4l2_camera': CMAKE_PREFIX_PATH=${CMAKE_PREFIX_PATH}:/opt/ros/jazzy /usr/bin/cmake --install /home/isc/tk2_ws/build/v4l2_camera
[19.646s] -- Install configuration: ""
[19.646s] -- Up-to-date: /home/isc/tk2_ws/install/v4l2_camera/include
[19.647s] -- Up-to-date: /home/isc/tk2_ws/install/v4l2_camera/include/v4l2_camera
[19.647s] -- Up-to-date: /home/isc/tk2_ws/install/v4l2_camera/include/v4l2_camera/v4l2_camera_device.hpp
[19.648s] -- Up-to-date: /home/isc/tk2_ws/install/v4l2_camera/include/v4l2_camera/fourcc.hpp
[19.648s] -- Up-to-date: /home/isc/tk2_ws/install/v4l2_camera/include/v4l2_camera/pixel_format.hpp
[19.649s] -- Up-to-date: /home/isc/tk2_ws/install/v4l2_camera/include/v4l2_camera/image_format.hpp
[19.649s] -- Up-to-date: /home/isc/tk2_ws/install/v4l2_camera/include/v4l2_camera/v4l2_camera.hpp
[19.649s] -- Up-to-date: /home/isc/tk2_ws/install/v4l2_camera/include/v4l2_camera/parameters.hpp
[19.650s] -- Up-to-date: /home/isc/tk2_ws/install/v4l2_camera/include/v4l2_camera/control.hpp
[19.650s] -- Up-to-date: /home/isc/tk2_ws/install/v4l2_camera/include/v4l2_camera/visibility_control.h
[19.651s] -- Installing: /home/isc/tk2_ws/install/v4l2_camera/lib/libv4l2_camera.so
[19.674s] -- Set non-toolchain portion of runtime path of "/home/isc/tk2_ws/install/v4l2_camera/lib/libv4l2_camera.so" to ""
[19.675s] -- Installing: /home/isc/tk2_ws/install/v4l2_camera/lib/v4l2_camera/v4l2_camera_node
[19.679s] -- Set non-toolchain portion of runtime path of "/home/isc/tk2_ws/install/v4l2_camera/lib/v4l2_camera/v4l2_camera_node" to ""
[19.680s] -- Installing: /home/isc/tk2_ws/install/v4l2_camera/lib/v4l2_camera/v4l2_camera_compose_test
[19.713s] -- Set non-toolchain portion of runtime path of "/home/isc/tk2_ws/install/v4l2_camera/lib/v4l2_camera/v4l2_camera_compose_test" to ""
[19.713s] -- Up-to-date: /home/isc/tk2_ws/install/v4l2_camera/share/v4l2_camera/environment/library_path.sh
[19.713s] -- Up-to-date: /home/isc/tk2_ws/install/v4l2_camera/share/v4l2_camera/environment/library_path.dsv
[19.714s] -- Up-to-date: /home/isc/tk2_ws/install/v4l2_camera/share/ament_index/resource_index/package_run_dependencies/v4l2_camera
[19.715s] -- Up-to-date: /home/isc/tk2_ws/install/v4l2_camera/share/ament_index/resource_index/parent_prefix_path/v4l2_camera
[19.715s] -- Up-to-date: /home/isc/tk2_ws/install/v4l2_camera/share/v4l2_camera/environment/ament_prefix_path.sh
[19.715s] -- Up-to-date: /home/isc/tk2_ws/install/v4l2_camera/share/v4l2_camera/environment/ament_prefix_path.dsv
[19.716s] -- Up-to-date: /home/isc/tk2_ws/install/v4l2_camera/share/v4l2_camera/environment/path.sh
[19.716s] -- Up-to-date: /home/isc/tk2_ws/install/v4l2_camera/share/v4l2_camera/environment/path.dsv
[19.717s] -- Up-to-date: /home/isc/tk2_ws/install/v4l2_camera/share/v4l2_camera/local_setup.bash
[19.717s] -- Up-to-date: /home/isc/tk2_ws/install/v4l2_camera/share/v4l2_camera/local_setup.sh
[19.718s] -- Up-to-date: /home/isc/tk2_ws/install/v4l2_camera/share/v4l2_camera/local_setup.zsh
[19.718s] -- Up-to-date: /home/isc/tk2_ws/install/v4l2_camera/share/v4l2_camera/local_setup.dsv
[19.718s] -- Installing: /home/isc/tk2_ws/install/v4l2_camera/share/v4l2_camera/package.dsv
[19.719s] -- Up-to-date: /home/isc/tk2_ws/install/v4l2_camera/share/ament_index/resource_index/packages/v4l2_camera
[19.719s] -- Up-to-date: /home/isc/tk2_ws/install/v4l2_camera/share/ament_index/resource_index/rclcpp_components/v4l2_camera
[19.720s] -- Up-to-date: /home/isc/tk2_ws/install/v4l2_camera/share/v4l2_camera/cmake/export_v4l2_cameraExport.cmake
[19.720s] -- Up-to-date: /home/isc/tk2_ws/install/v4l2_camera/share/v4l2_camera/cmake/export_v4l2_cameraExport-noconfig.cmake
[19.721s] -- Up-to-date: /home/isc/tk2_ws/install/v4l2_camera/share/v4l2_camera/cmake/ament_cmake_export_include_directories-extras.cmake
[19.721s] -- Up-to-date: /home/isc/tk2_ws/install/v4l2_camera/share/v4l2_camera/cmake/ament_cmake_export_targets-extras.cmake
[19.722s] -- Up-to-date: /home/isc/tk2_ws/install/v4l2_camera/share/v4l2_camera/cmake/ament_cmake_export_libraries-extras.cmake
[19.722s] -- Up-to-date: /home/isc/tk2_ws/install/v4l2_camera/share/v4l2_camera/cmake/ament_cmake_export_dependencies-extras.cmake
[19.723s] -- Up-to-date: /home/isc/tk2_ws/install/v4l2_camera/share/v4l2_camera/cmake/v4l2_cameraConfig.cmake
[19.723s] -- Up-to-date: /home/isc/tk2_ws/install/v4l2_camera/share/v4l2_camera/cmake/v4l2_cameraConfig-version.cmake
[19.723s] -- Up-to-date: /home/isc/tk2_ws/install/v4l2_camera/share/v4l2_camera/package.xml
[19.730s] Invoked command in '/home/isc/tk2_ws/build/v4l2_camera' returned '0': CMAKE_PREFIX_PATH=${CMAKE_PREFIX_PATH}:/opt/ros/jazzy /usr/bin/cmake --install /home/isc/tk2_ws/build/v4l2_camera
