[0.062s] Invoking command in '/home/isc/tk2_ws/build/libcamera': /usr/bin/meson setup --libdir=lib --prefix=/home/isc/tk2_ws/install/libcamera --buildtype=release /home/isc/tk2_ws/build/libcamera /home/isc/tk2_ws/src/libcamera
[1.028s] [1mThe Meson build system[0m
[1.029s] Version: 1.3.2
[1.029s] Source dir: [1m/home/isc/tk2_ws/src/libcamera[0m
[1.029s] Build dir: [1m/home/isc/tk2_ws/build/libcamera[0m
[1.030s] Build type: [1mnative build[0m
[1.111s] Project name: [1mlibcamera[0m
[1.111s] Project version: [1m0.7.2[0m
[1.407s] C compiler for the host machine: [1mcc[0m (gcc 13.3.0 "cc (Ubuntu 13.3.0-6ubuntu2~24.04.1) 13.3.0")
[1.408s] C linker for the host machine: [1mcc[0m ld.bfd 2.42
[1.747s] C++ compiler for the host machine: [1mc++[0m (gcc 13.3.0 "c++ (Ubuntu 13.3.0-6ubuntu2~24.04.1) 13.3.0")
[1.748s] C++ linker for the host machine: [1mc++[0m ld.bfd 2.42
[2.360s] Host machine cpu family: [1maarch64[0m
[2.361s] Host machine cpu: [1maarch64[0m
[2.749s] Header "[1munistd.h[0m" has symbol "[1mclose_range[0m" : [1;32mYES[0m 
[2.838s] Header "[1mfcntl.h[0m" has symbol "[1mF_ADD_SEALS[0m" : [1;32mYES[0m 
[2.904s] Header "[1munistd.h[0m" has symbol "[1missetugid[0m" : [1;31mNO[0m 
[2.990s] Header "[1mlocale.h[0m" has symbol "[1mlocale_t[0m" : [1;32mYES[0m 
[3.079s] Header "[1msys/mman.h[0m" has symbol "[1mmemfd_create[0m" : [1;32mYES[0m 
[3.235s] Header "[1mstdlib.h[0m" has symbol "[1msecure_getenv[0m" : [1;32mYES[0m 
[3.486s] Header "[1mversion[0m" has symbol "[1m_LIBCPP_VERSION[0m" : [1;31mNO[0m 
[3.576s] Header "[1mversion[0m" has symbol "[1m__GLIBCXX__[0m" : [1;32mYES[0m 
[3.576s] [1mMessage:[0m Detected C++ standard library: libstdc++
[3.627s] Compiler for C supports arguments -Wno-c99-designator: [1;31mNO[0m 
[3.665s] Found pkg-config: [1;32mYES[0m [1m(/usr/bin/pkg-config)[0m [1;34m1.8.1[0m
[4.302s] Run-time dependency [1mlttng-ust[0m found: [1;32mYES[0m [36m2.13.7[0m
[4.343s] Program [1m./parser.py[0m found: [1;32mYES[0m (/home/isc/tk2_ws/src/libcamera/utils/codegen/ipc/./parser.py)
[4.343s] Program [1m./generate.py[0m found: [1;32mYES[0m (/home/isc/tk2_ws/src/libcamera/utils/codegen/ipc/./generate.py)
[4.344s] Program [1m./extract-docs.py[0m found: [1;32mYES[0m (/home/isc/tk2_ws/src/libcamera/utils/codegen/ipc/./extract-docs.py)
[4.612s] Configuring [1mversion.h[0m using configuration
[4.638s] Program [1mopenssl[0m found: [1;32mYES[0m (/usr/bin/openssl)
[4.718s] Found CMake: [1m/usr/bin/cmake[0m (3.28.3)
[5.277s] Run-time dependency [1mlibyuv[0m found: [1;31mNO[0m (tried pkgconfig and cmake)
[5.326s] Has header "[1mlibyuv.h[0m" : [1;31mNO[0m 
[5.360s] Run-time dependency [1mlibjpeg[0m found: [1;32mYES[0m [36m2.1.5[0m
[5.365s] 
[5.365s] Executing subproject [1mlibyuv[0m method [1mcmake[0m 
[5.366s] 
[5.407s] libyuv| Found CMake: [1m/usr/bin/cmake[0m (3.28.3)
[5.413s] 
[5.413s] | Configuring the build directory with [1mCMake[0m version [1;36m3.28.3[0m
[5.414s] | [1mRunning CMake with:[0m -G Ninja -DCMAKE_INSTALL_PREFIX=/home/isc/tk2_ws/install/libcamera -DCMAKE_POSITION_INDEPENDENT_CODE=ON
[5.415s] | [1m  - build directory:         [0m /home/isc/tk2_ws/build/libcamera/subprojects/libyuv/__CMake_build
[5.415s] | [1m  - source directory:        [0m /home/isc/tk2_ws/src/libcamera/subprojects/libyuv
[5.415s] | [1m  - toolchain file:          [0m /home/isc/tk2_ws/build/libcamera/subprojects/libyuv/__CMake_build/CMakeMesonToolchainFile.cmake
[5.416s] | [1m  - preload file:            [0m /usr/lib/python3/dist-packages/mesonbuild/cmake/data/preload.cmake
[5.416s] | [1m  - trace args:              [0m --trace-expand --trace-format=json-v1 --no-warn-unused-cli --trace-redirect=cmake_trace.txt
[5.417s] | [1m  - disabled policy warnings:[0m [CMP0025, CMP0047, CMP0056, CMP0060, CMP0065, CMP0066, CMP0067, CMP0082, CMP0089, CMP0102]
[5.417s] 
[5.791s] | Put cmake in trace mode, but with variables expanded.
[5.791s] | Put cmake in trace mode and sets the trace output format.
[5.792s] | Not searching for unused variables given on the command line.
[5.792s] | Put cmake in trace mode and redirect trace output to a file instead of stderr.
[5.792s] | Trace will be written to cmake_trace.txt
[5.793s] | -- The C compiler identification is GNU 13.3.0
[6.139s] | -- The CXX compiler identification is GNU 13.3.0
[6.160s] | CMake Warning (dev) at /usr/share/cmake-3.28/Modules/CMakeFindBinUtils.cmake:224 (find_program):
[6.160s] | Policy CMP0126 is not set: set(CACHE) does not remove a normal variable of
[6.161s] | the same name.  Run "cmake --help-policy CMP0126" for policy details.  Use
[6.161s] | the cmake_policy command to set the policy and suppress this warning.
[6.162s] 
[6.162s] | For compatibility with older versions of CMake, normal variable
[6.163s] | "CMAKE_TAPI" will be removed from the current scope.
[6.163s] | Call Stack (most recent call first):
[6.164s] | /usr/share/cmake-3.28/Modules/CMakeDetermineCXXCompiler.cmake:202 (include)
[6.164s] | CMakeLists.txt:6 (project)
[6.165s] | This warning is for project developers.  Use -Wno-dev to suppress it.
[6.165s] 
[6.270s] | -- Detecting C compiler ABI info
[6.626s] | -- Detecting C compiler ABI info - done
[6.747s] | -- Check for working C compiler: /usr/bin/cc - skipped
[6.748s] | -- Detecting C compile features
[6.753s] | -- Detecting C compile features - done
[6.837s] | -- Detecting CXX compiler ABI info
[7.241s] | -- Detecting CXX compiler ABI info - done
[7.363s] | -- Check for working CXX compiler: /usr/bin/c++ - skipped
[7.364s] | -- Detecting CXX compile features
[7.370s] | -- Detecting CXX compile features - done
[7.383s] | -- Performing Test CAN_COMPILE_SME
[7.535s] | -- Performing Test CAN_COMPILE_SME - Failed
[7.746s] | -- Found JPEG: /usr/lib/aarch64-linux-gnu/libjpeg.so (found version "80")
[7.870s] | -- Configuring done (2.4s)
[7.931s] | -- Generating done (0.0s)
[7.981s] | -- Build files have been written to: /home/isc/tk2_ws/build/libcamera/subprojects/libyuv/__CMake_build
[8.098s] 
[8.099s] libyuv| CMake configuration: [1;32mSUCCEEDED[0m
[8.793s] libyuv| CMake project [1mYUV[0m has [1m8[0m build targets.
[8.813s] libyuv| Generated Meson AST: /home/isc/tk2_ws/build/libcamera/subprojects/libyuv/meson.build
[8.816s] libyuv| Project name: [1mYUV[0m
[8.817s] libyuv| Project version: [1mundefined[0m
[8.817s] libyuv| C compiler for the host machine: [1mcc[0m (gcc 13.3.0 "cc (Ubuntu 13.3.0-6ubuntu2~24.04.1) 13.3.0")
[8.818s] libyuv| C linker for the host machine: [1mcc[0m ld.bfd 2.42
[8.818s] libyuv| C++ compiler for the host machine: [1mc++[0m (gcc 13.3.0 "c++ (Ubuntu 13.3.0-6ubuntu2~24.04.1) 13.3.0")
[8.818s] libyuv| C++ linker for the host machine: [1mc++[0m ld.bfd 2.42
[8.880s] libyuv| [1;33mWARNING:[0m extract_all_objects called without setting recursive
[8.881s] libyuv| keyword argument. Meson currently defaults to
[8.881s] libyuv| non-recursive to maintain backward compatibility but
[8.881s] libyuv| the default will be changed in the future.
[8.882s] 
[8.882s] libyuv| [1;33mWARNING:[0m extract_all_objects called without setting recursive
[8.882s] libyuv| keyword argument. Meson currently defaults to
[8.883s] libyuv| non-recursive to maintain backward compatibility but
[8.883s] libyuv| the default will be changed in the future.
[8.883s] 
[8.884s] libyuv| [1;33mWARNING:[0m extract_all_objects called without setting recursive
[8.884s] libyuv| keyword argument. Meson currently defaults to
[8.884s] libyuv| non-recursive to maintain backward compatibility but
[8.885s] libyuv| the default will be changed in the future.
[8.885s] 
[8.896s] libyuv| [1;33mWARNING:[0m extract_all_objects called without setting recursive
[8.896s] libyuv| keyword argument. Meson currently defaults to
[8.896s] libyuv| non-recursive to maintain backward compatibility but
[8.897s] libyuv| the default will be changed in the future.
[8.897s] 
[8.898s] libyuv| [1;33mWARNING:[0m extract_all_objects called without setting recursive
[8.898s] libyuv| keyword argument. Meson currently defaults to
[8.898s] libyuv| non-recursive to maintain backward compatibility but
[8.899s] libyuv| the default will be changed in the future.
[8.899s] 
[8.899s] libyuv| [1;33mWARNING:[0m extract_all_objects called without setting recursive
[8.900s] libyuv| keyword argument. Meson currently defaults to
[8.900s] libyuv| non-recursive to maintain backward compatibility but
[8.900s] libyuv| the default will be changed in the future.
[8.901s] 
[8.914s] libyuv| Build targets in project: [1m36[0m
[8.915s] libyuv| Subproject [1mlibyuv[0m finished.
[8.915s] 
[8.920s] [1;33mWARNING:[0m Build target libyuv-static has no sources. This was never supposed to be allowed but did because of a bug, support will be removed in a future release of Meson
[9.147s] Library [1matomic[0m found: [1;32mYES[0m
[9.154s] Run-time dependency [1mthreads[0m found: [1;32mYES[0m
[9.225s] Run-time dependency [1mlibdw[0m found: [1;31mNO[0m (tried pkgconfig and cmake)
[9.271s] Run-time dependency [1mlibunwind[0m found: [1;31mNO[0m (tried pkgconfig and cmake)
[9.354s] Header "[1mexecinfo.h[0m" has symbol "[1mbacktrace[0m" : [1;32mYES[0m 
[9.577s] Library [1mrt[0m found: [1;32mYES[0m
[9.625s] Run-time dependency [1mlibpisp[0m found: [1;31mNO[0m (tried pkgconfig and cmake)
[9.625s] Looking for a fallback subproject for the dependency [1mlibpisp[0m
[9.626s] 
[9.626s] Executing subproject [1mlibpisp[0m 
[9.626s] 
[9.641s] libpisp| Project name: [1mlibpisp[0m
[9.641s] libpisp| Project version: [1m1.5.0[0m
[9.642s] libpisp| C compiler for the host machine: [1mcc[0m (gcc 13.3.0 "cc (Ubuntu 13.3.0-6ubuntu2~24.04.1) 13.3.0")
[9.642s] libpisp| C linker for the host machine: [1mcc[0m ld.bfd 2.42
[9.643s] libpisp| C++ compiler for the host machine: [1mc++[0m (gcc 13.3.0 "c++ (Ubuntu 13.3.0-6ubuntu2~24.04.1) 13.3.0")
[9.643s] libpisp| C++ linker for the host machine: [1mc++[0m ld.bfd 2.42
[9.691s] libpisp| Configuring [1mpisp_build_config.h[0m using configuration
[9.757s] libpisp| Run-time dependency [1mnlohmann_json[0m found: [1;31mNO[0m (tried pkgconfig and cmake)
[9.758s] libpisp| Looking for a fallback subproject for the dependency [1mnlohmann_json[0m
[9.758s] libpisp| Using [1msubprojects/libpisp/subprojects/nlohmann_json.wrap[0m
[9.759s] libpisp| [1;33mWARNING:[0m Subproject nlohmann_json's revision may be out of date; its wrap file has changed since it was first configured
[9.760s] 
[9.760s] Executing subproject [1mlibpisp:nlohmann_json[0m
[9.760s] 
[9.768s] nlohmann_json| Project name: [1mnlohmann_json[0m
[9.768s] nlohmann_json| Project version: [1m3.12.0[0m
[9.769s] nlohmann_json| C++ compiler for the host machine: [1mc++[0m (gcc 13.3.0 "c++ (Ubuntu 13.3.0-6ubuntu2~24.04.1) 13.3.0")
[9.769s] nlohmann_json| C++ linker for the host machine: [1mc++[0m ld.bfd 2.42
[9.774s] nlohmann_json| Build targets in project: [1m46[0m
[9.774s] nlohmann_json| Subproject [1mnlohmann_json[0m finished.
[9.775s] 
[9.775s] libpisp| Dependency [1mnlohmann_json[0m from subproject [1msubprojects/nlohmann_json-3.12.0[0m found: [1;32mYES[0m [36m3.12.0[0m
[9.775s] libpisp| Dependency [1mthreads[0m found: [1;32mYES[0m [36munknown[0m [1;34m(cached)[0m
[9.944s] libpisp| Library [1mdl[0m found: [1;32mYES[0m
[10.222s] libpisp| Run-time dependency [1mBoost[0m (found: log, log_setup, system, thread) found: [1;32mYES[0m [36m1.83.0[0m (/usr)
[10.259s] libpisp| Dependency [1mgstreamer-1.0[0m skipped: feature [1mgstreamer[0m disabled
[10.260s] libpisp| Dependency [1mgstreamer-base-1.0[0m skipped: feature [1mgstreamer[0m disabled
[10.261s] libpisp| Dependency [1mgstreamer-video-1.0[0m skipped: feature [1mgstreamer[0m disabled
[10.262s] libpisp| Dependency [1mgstreamer-allocators-1.0[0m skipped: feature [1mgstreamer[0m disabled
[10.263s] libpisp| Build targets in project: [1m48[0m
[10.263s] libpisp| Subproject [1mlibpisp[0m finished.
[10.264s] 
[10.264s] Dependency [1mlibpisp[0m from subproject [1msubprojects/libpisp[0m found: [1;32mYES[0m [36m1.5.0[0m
[10.358s] Run-time dependency [1megl[0m found: [1;32mYES[0m [36m1.5[0m
[10.389s] Run-time dependency [1mglesv2[0m found: [1;32mYES[0m [36m3.2[0m
[10.465s] Check usable header "[1mEGL/egl.h[0m" with dependency egl: [1;32mYES[0m 
[10.694s] Run-time dependency [1mdl[0m found: [1;32mYES[0m
[10.726s] Run-time dependency [1mlibudev[0m found: [1;32mYES[0m [36m255[0m
[10.759s] Run-time dependency [1myaml-0.1[0m found: [1;32mYES[0m [36m0.2.5[0m
[11.440s] Run-time dependency [1mgnutls[0m found: [1;31mNO[0m (tried pkgconfig and cmake)
[11.470s] Run-time dependency [1mlibcrypto[0m found: [1;32mYES[0m [36m3.0.13[0m
[11.546s] Header "[1muchar.h[0m" has symbol "[1mmbrtoc16[0m" skipped: feature [1mandroid[0m disabled
[11.759s] Run-time dependency [1mtensorflow-lite[0m found: [1;31mNO[0m (tried pkgconfig and cmake)
[11.984s] Run-time dependency [1mlibevent_pthreads[0m found: [1;32mYES[0m [36m2.1.12-stable[0m
[12.019s] Run-time dependency [1mlibtiff-4[0m found: [1;32mYES[0m [36m4.5.1[0m
[12.078s] Run-time dependency [1mGTest[0m found: [1;32mYES[0m [36m1.14.0[0m
[12.140s] Run-time dependency [1mlibdrm[0m found: [1;32mYES[0m [36m2.4.125[0m
[12.172s] Run-time dependency [1msdl2[0m found: [1;32mYES[0m [36m2.30.0[0m
[12.174s] Dependency [1mlibjpeg[0m found: [1;32mYES[0m [36m2.1.5[0m [1;34m(cached)[0m
[12.244s] Run-time dependency [1mqt6[0m (modules: Core, Gui, OpenGL, OpenGLWidgets, Widgets) found: [1;31mNO[0m (tried pkgconfig)
[12.298s] Run-time dependency [1mglib-2.0[0m found: [1;32mYES[0m [36m2.80.0[0m
[12.348s] Run-time dependency [1mgstreamer-video-1.0[0m found: [1;31mNO[0m (tried pkgconfig and cmake)
[12.396s] Run-time dependency [1mgstreamer-allocators-1.0[0m found: [1;31mNO[0m (tried pkgconfig and cmake)
[12.529s] Program python3 found: [1;32mYES[0m (/usr/bin/python3)
[12.558s] Run-time dependency [1mpybind11[0m found: [1;32mYES[0m [36m2.11.1[0m
[12.625s] Run-time dependency [1mpython[0m found: [1;32mYES[0m [36m3.12[0m
[12.677s] Configuring [1mlibcamerify[0m using configuration
[12.710s] Program [1mdoxygen[0m found: [1;31mNO[0m
[12.711s] Program [1mdot[0m found: [1;32mYES[0m (/usr/bin/dot)
[12.713s] Program [1msphinx-build-3 sphinx-build[0m found: [1;31mNO[0m
[12.762s] Configuring [1mconfig.h[0m using configuration
[14.022s] 
[14.023s] ../../src/libcamera/meson.build:291:8: [1;31mERROR:[0m Problem encountered: Python module 'ply' not found
[14.025s] 
[14.026s] A full log can be found at [1m/home/isc/tk2_ws/build/libcamera/meson-logs/meson-log.txt[0m
[14.345s] Invoked command in '/home/isc/tk2_ws/build/libcamera' returned '1': /usr/bin/meson setup --libdir=lib --prefix=/home/isc/tk2_ws/install/libcamera --buildtype=release /home/isc/tk2_ws/build/libcamera /home/isc/tk2_ws/src/libcamera
