[0.938s] DEBUG:colcon:Command line arguments: ['/usr/bin/colcon', 'build']
[0.938s] DEBUG:colcon:Parsed command line arguments: Namespace(log_base=None, log_level=None, verb_name='build', build_base='build', install_base='install', merge_install=False, symlink_install=False, test_result_base=None, continue_on_error=False, executor='parallel', parallel_workers=4, event_handlers=None, ignore_user_meta=False, metas=['./colcon.meta'], base_paths=['.'], packages_ignore=None, packages_ignore_regex=None, paths=None, packages_up_to=None, packages_up_to_regex=None, packages_above=None, packages_above_and_dependencies=None, packages_above_depth=None, packages_select_by_dep=None, packages_skip_by_dep=None, packages_skip_up_to=None, packages_select_build_failed=False, packages_skip_build_finished=False, packages_select_test_failures=False, packages_skip_test_passed=False, packages_select=None, packages_skip=None, packages_select_regex=None, packages_skip_regex=None, packages_start=None, packages_end=None, allow_overriding=[], cmake_args=None, cmake_target=None, cmake_target_skip_unavailable=False, cmake_clean_cache=False, cmake_clean_first=False, cmake_force_configure=False, meson_args=[], ament_cmake_args=None, catkin_cmake_args=None, catkin_skip_building_tests=False, mixin_files=None, mixin=None, verb_parser=<colcon_mixin.mixin.mixin_argument.MixinArgumentDecorator object at 0xffff8fcb2ed0>, verb_extension=<colcon_core.verb.build.BuildVerb object at 0xffff8fe6f980>, main=<bound method BuildVerb.main of <colcon_core.verb.build.BuildVerb object at 0xffff8fe6f980>>, mixin_verb=('build',))
[1.109s] Level 1:colcon.colcon_core.package_discovery:discover_packages(colcon_meta) check parameters
[1.109s] Level 1:colcon.colcon_core.package_discovery:discover_packages(recursive) check parameters
[1.109s] Level 1:colcon.colcon_core.package_discovery:discover_packages(ignore) check parameters
[1.109s] Level 1:colcon.colcon_core.package_discovery:discover_packages(path) check parameters
[1.109s] Level 1:colcon.colcon_core.package_discovery:discover_packages(colcon_meta) discover
[1.110s] Level 1:colcon.colcon_core.package_discovery:discover_packages(recursive) discover
[1.110s] INFO:colcon.colcon_core.package_discovery:Crawling recursively for packages in '/home/isc/tk2_ws'
[1.110s] Level 1:colcon.colcon_core.package_identification:_identify(.) by extensions ['ignore', 'ignore_ament_install']
[1.111s] Level 1:colcon.colcon_core.package_identification:_identify(.) by extension 'ignore'
[1.111s] Level 1:colcon.colcon_core.package_identification:_identify(.) by extension 'ignore_ament_install'
[1.111s] Level 1:colcon.colcon_core.package_identification:_identify(.) by extensions ['colcon_pkg']
[1.111s] Level 1:colcon.colcon_core.package_identification:_identify(.) by extension 'colcon_pkg'
[1.111s] Level 1:colcon.colcon_core.package_identification:_identify(.) by extensions ['colcon_meta']
[1.111s] Level 1:colcon.colcon_core.package_identification:_identify(.) by extension 'colcon_meta'
[1.112s] Level 1:colcon.colcon_core.package_identification:_identify(.) by extensions ['ros']
[1.112s] Level 1:colcon.colcon_core.package_identification:_identify(.) by extension 'ros'
[1.256s] Level 1:colcon.colcon_core.package_identification:_identify(.) by extensions ['cmake', 'meson', 'python']
[1.256s] Level 1:colcon.colcon_core.package_identification:_identify(.) by extension 'cmake'
[1.256s] Level 1:colcon.colcon_core.package_identification:_identify(.) by extension 'meson'
[1.262s] Level 1:colcon.colcon_core.package_identification:_identify(.) by extension 'python'
[1.262s] Level 1:colcon.colcon_core.package_identification:_identify(.) by extensions ['python_setup_py']
[1.262s] Level 1:colcon.colcon_core.package_identification:_identify(.) by extension 'python_setup_py'
[1.263s] Level 1:colcon.colcon_core.package_identification:_identify(build) by extensions ['ignore', 'ignore_ament_install']
[1.263s] Level 1:colcon.colcon_core.package_identification:_identify(build) by extension 'ignore'
[1.264s] Level 1:colcon.colcon_core.package_identification:_identify(build) ignored
[1.264s] Level 1:colcon.colcon_core.package_identification:_identify(install) by extensions ['ignore', 'ignore_ament_install']
[1.265s] Level 1:colcon.colcon_core.package_identification:_identify(install) by extension 'ignore'
[1.265s] Level 1:colcon.colcon_core.package_identification:_identify(install) ignored
[1.265s] Level 1:colcon.colcon_core.package_identification:_identify(log) by extensions ['ignore', 'ignore_ament_install']
[1.266s] Level 1:colcon.colcon_core.package_identification:_identify(log) by extension 'ignore'
[1.266s] Level 1:colcon.colcon_core.package_identification:_identify(log) ignored
[1.266s] Level 1:colcon.colcon_core.package_identification:_identify(src) by extensions ['ignore', 'ignore_ament_install']
[1.266s] Level 1:colcon.colcon_core.package_identification:_identify(src) by extension 'ignore'
[1.267s] Level 1:colcon.colcon_core.package_identification:_identify(src) by extension 'ignore_ament_install'
[1.267s] Level 1:colcon.colcon_core.package_identification:_identify(src) by extensions ['colcon_pkg']
[1.267s] Level 1:colcon.colcon_core.package_identification:_identify(src) by extension 'colcon_pkg'
[1.267s] Level 1:colcon.colcon_core.package_identification:_identify(src) by extensions ['colcon_meta']
[1.267s] Level 1:colcon.colcon_core.package_identification:_identify(src) by extension 'colcon_meta'
[1.267s] Level 1:colcon.colcon_core.package_identification:_identify(src) by extensions ['ros']
[1.268s] Level 1:colcon.colcon_core.package_identification:_identify(src) by extension 'ros'
[1.268s] Level 1:colcon.colcon_core.package_identification:_identify(src) by extensions ['cmake', 'meson', 'python']
[1.268s] Level 1:colcon.colcon_core.package_identification:_identify(src) by extension 'cmake'
[1.268s] Level 1:colcon.colcon_core.package_identification:_identify(src) by extension 'meson'
[1.272s] Level 1:colcon.colcon_core.package_identification:_identify(src) by extension 'python'
[1.273s] Level 1:colcon.colcon_core.package_identification:_identify(src) by extensions ['python_setup_py']
[1.273s] Level 1:colcon.colcon_core.package_identification:_identify(src) by extension 'python_setup_py'
[1.273s] Level 1:colcon.colcon_core.package_identification:_identify(src/rplidar_ros) by extensions ['ignore', 'ignore_ament_install']
[1.274s] Level 1:colcon.colcon_core.package_identification:_identify(src/rplidar_ros) by extension 'ignore'
[1.274s] Level 1:colcon.colcon_core.package_identification:_identify(src/rplidar_ros) by extension 'ignore_ament_install'
[1.274s] Level 1:colcon.colcon_core.package_identification:_identify(src/rplidar_ros) by extensions ['colcon_pkg']
[1.274s] Level 1:colcon.colcon_core.package_identification:_identify(src/rplidar_ros) by extension 'colcon_pkg'
[1.274s] Level 1:colcon.colcon_core.package_identification:_identify(src/rplidar_ros) by extensions ['colcon_meta']
[1.274s] Level 1:colcon.colcon_core.package_identification:_identify(src/rplidar_ros) by extension 'colcon_meta'
[1.275s] Level 1:colcon.colcon_core.package_identification:_identify(src/rplidar_ros) by extensions ['ros']
[1.275s] Level 1:colcon.colcon_core.package_identification:_identify(src/rplidar_ros) by extension 'ros'
[1.283s] DEBUG:colcon.colcon_core.package_identification:Package 'src/rplidar_ros' with type 'ros.ament_cmake' and name 'rplidar_ros'
[1.284s] Level 1:colcon.colcon_core.package_identification:_identify(src/tf2_transforms) by extensions ['ignore', 'ignore_ament_install']
[1.284s] Level 1:colcon.colcon_core.package_identification:_identify(src/tf2_transforms) by extension 'ignore'
[1.284s] Level 1:colcon.colcon_core.package_identification:_identify(src/tf2_transforms) by extension 'ignore_ament_install'
[1.285s] Level 1:colcon.colcon_core.package_identification:_identify(src/tf2_transforms) by extensions ['colcon_pkg']
[1.285s] Level 1:colcon.colcon_core.package_identification:_identify(src/tf2_transforms) by extension 'colcon_pkg'
[1.285s] Level 1:colcon.colcon_core.package_identification:_identify(src/tf2_transforms) by extensions ['colcon_meta']
[1.285s] Level 1:colcon.colcon_core.package_identification:_identify(src/tf2_transforms) by extension 'colcon_meta'
[1.285s] Level 1:colcon.colcon_core.package_identification:_identify(src/tf2_transforms) by extensions ['ros']
[1.285s] Level 1:colcon.colcon_core.package_identification:_identify(src/tf2_transforms) by extension 'ros'
[1.288s] DEBUG:colcon.colcon_core.package_identification:Package 'src/tf2_transforms' with type 'ros.ament_cmake' and name 'tf2_transforms'
[1.288s] Level 1:colcon.colcon_core.package_identification:_identify(src/v4l2_camera) by extensions ['ignore', 'ignore_ament_install']
[1.289s] Level 1:colcon.colcon_core.package_identification:_identify(src/v4l2_camera) by extension 'ignore'
[1.289s] Level 1:colcon.colcon_core.package_identification:_identify(src/v4l2_camera) by extension 'ignore_ament_install'
[1.289s] Level 1:colcon.colcon_core.package_identification:_identify(src/v4l2_camera) by extensions ['colcon_pkg']
[1.289s] Level 1:colcon.colcon_core.package_identification:_identify(src/v4l2_camera) by extension 'colcon_pkg'
[1.289s] Level 1:colcon.colcon_core.package_identification:_identify(src/v4l2_camera) by extensions ['colcon_meta']
[1.289s] Level 1:colcon.colcon_core.package_identification:_identify(src/v4l2_camera) by extension 'colcon_meta'
[1.290s] Level 1:colcon.colcon_core.package_identification:_identify(src/v4l2_camera) by extensions ['ros']
[1.290s] Level 1:colcon.colcon_core.package_identification:_identify(src/v4l2_camera) by extension 'ros'
[1.292s] DEBUG:colcon.colcon_core.package_identification:Package 'src/v4l2_camera' with type 'ros.ament_cmake' and name 'v4l2_camera'
[1.293s] Level 1:colcon.colcon_core.package_discovery:discover_packages(recursive) using defaults
[1.293s] Level 1:colcon.colcon_core.package_discovery:discover_packages(ignore) discover
[1.293s] Level 1:colcon.colcon_core.package_discovery:discover_packages(ignore) using defaults
[1.293s] Level 1:colcon.colcon_core.package_discovery:discover_packages(path) discover
[1.293s] Level 1:colcon.colcon_core.package_discovery:discover_packages(path) using defaults
[1.351s] Level 1:colcon.colcon_core.package_discovery:discover_packages(prefix_path) check parameters
[1.351s] Level 1:colcon.colcon_core.package_discovery:discover_packages(prefix_path) discover
[1.360s] DEBUG:colcon.colcon_installed_package_information.package_discovery:Found 4 installed packages in /home/isc/tk2_ws/install
[1.370s] DEBUG:colcon.colcon_installed_package_information.package_discovery:Found 298 installed packages in /opt/ros/jazzy
[1.374s] Level 1:colcon.colcon_core.package_discovery:discover_packages(prefix_path) using defaults
[1.630s] Level 5:colcon.colcon_core.verb:set package 'rplidar_ros' build argument 'cmake_args' from command line to 'None'
[1.630s] Level 5:colcon.colcon_core.verb:set package 'rplidar_ros' build argument 'cmake_target' from command line to 'None'
[1.630s] Level 5:colcon.colcon_core.verb:set package 'rplidar_ros' build argument 'cmake_target_skip_unavailable' from command line to 'False'
[1.630s] Level 5:colcon.colcon_core.verb:set package 'rplidar_ros' build argument 'cmake_clean_cache' from command line to 'False'
[1.630s] Level 5:colcon.colcon_core.verb:set package 'rplidar_ros' build argument 'cmake_clean_first' from command line to 'False'
[1.631s] Level 5:colcon.colcon_core.verb:set package 'rplidar_ros' build argument 'cmake_force_configure' from command line to 'False'
[1.631s] Level 5:colcon.colcon_core.verb:set package 'rplidar_ros' build argument 'meson_args' from command line to '[]'
[1.631s] Level 5:colcon.colcon_core.verb:set package 'rplidar_ros' build argument 'ament_cmake_args' from command line to 'None'
[1.631s] Level 5:colcon.colcon_core.verb:set package 'rplidar_ros' build argument 'catkin_cmake_args' from command line to 'None'
[1.631s] Level 5:colcon.colcon_core.verb:set package 'rplidar_ros' build argument 'catkin_skip_building_tests' from command line to 'False'
[1.631s] DEBUG:colcon.colcon_core.verb:Building package 'rplidar_ros' with the following arguments: {'ament_cmake_args': None, 'build_base': '/home/isc/tk2_ws/build/rplidar_ros', 'catkin_cmake_args': None, 'catkin_skip_building_tests': False, 'cmake_args': None, 'cmake_clean_cache': False, 'cmake_clean_first': False, 'cmake_force_configure': False, 'cmake_target': None, 'cmake_target_skip_unavailable': False, 'install_base': '/home/isc/tk2_ws/install/rplidar_ros', 'merge_install': False, 'meson_args': [], 'path': '/home/isc/tk2_ws/src/rplidar_ros', 'symlink_install': False, 'test_result_base': None}
[1.685s] Level 5:colcon.colcon_core.verb:set package 'tf2_transforms' build argument 'cmake_args' from command line to 'None'
[1.685s] Level 5:colcon.colcon_core.verb:set package 'tf2_transforms' build argument 'cmake_target' from command line to 'None'
[1.685s] Level 5:colcon.colcon_core.verb:set package 'tf2_transforms' build argument 'cmake_target_skip_unavailable' from command line to 'False'
[1.685s] Level 5:colcon.colcon_core.verb:set package 'tf2_transforms' build argument 'cmake_clean_cache' from command line to 'False'
[1.685s] Level 5:colcon.colcon_core.verb:set package 'tf2_transforms' build argument 'cmake_clean_first' from command line to 'False'
[1.685s] Level 5:colcon.colcon_core.verb:set package 'tf2_transforms' build argument 'cmake_force_configure' from command line to 'False'
[1.685s] Level 5:colcon.colcon_core.verb:set package 'tf2_transforms' build argument 'meson_args' from command line to '[]'
[1.685s] Level 5:colcon.colcon_core.verb:set package 'tf2_transforms' build argument 'ament_cmake_args' from command line to 'None'
[1.685s] Level 5:colcon.colcon_core.verb:set package 'tf2_transforms' build argument 'catkin_cmake_args' from command line to 'None'
[1.686s] Level 5:colcon.colcon_core.verb:set package 'tf2_transforms' build argument 'catkin_skip_building_tests' from command line to 'False'
[1.686s] DEBUG:colcon.colcon_core.verb:Building package 'tf2_transforms' with the following arguments: {'ament_cmake_args': None, 'build_base': '/home/isc/tk2_ws/build/tf2_transforms', 'catkin_cmake_args': None, 'catkin_skip_building_tests': False, 'cmake_args': None, 'cmake_clean_cache': False, 'cmake_clean_first': False, 'cmake_force_configure': False, 'cmake_target': None, 'cmake_target_skip_unavailable': False, 'install_base': '/home/isc/tk2_ws/install/tf2_transforms', 'merge_install': False, 'meson_args': [], 'path': '/home/isc/tk2_ws/src/tf2_transforms', 'symlink_install': False, 'test_result_base': None}
[1.739s] Level 5:colcon.colcon_core.verb:set package 'v4l2_camera' build argument 'cmake_args' from command line to 'None'
[1.739s] Level 5:colcon.colcon_core.verb:set package 'v4l2_camera' build argument 'cmake_target' from command line to 'None'
[1.739s] Level 5:colcon.colcon_core.verb:set package 'v4l2_camera' build argument 'cmake_target_skip_unavailable' from command line to 'False'
[1.739s] Level 5:colcon.colcon_core.verb:set package 'v4l2_camera' build argument 'cmake_clean_cache' from command line to 'False'
[1.739s] Level 5:colcon.colcon_core.verb:set package 'v4l2_camera' build argument 'cmake_clean_first' from command line to 'False'
[1.739s] Level 5:colcon.colcon_core.verb:set package 'v4l2_camera' build argument 'cmake_force_configure' from command line to 'False'
[1.740s] Level 5:colcon.colcon_core.verb:set package 'v4l2_camera' build argument 'meson_args' from command line to '[]'
[1.740s] Level 5:colcon.colcon_core.verb:set package 'v4l2_camera' build argument 'ament_cmake_args' from command line to 'None'
[1.740s] Level 5:colcon.colcon_core.verb:set package 'v4l2_camera' build argument 'catkin_cmake_args' from command line to 'None'
[1.740s] Level 5:colcon.colcon_core.verb:set package 'v4l2_camera' build argument 'catkin_skip_building_tests' from command line to 'False'
[1.740s] DEBUG:colcon.colcon_core.verb:Building package 'v4l2_camera' with the following arguments: {'ament_cmake_args': None, 'build_base': '/home/isc/tk2_ws/build/v4l2_camera', 'catkin_cmake_args': None, 'catkin_skip_building_tests': False, 'cmake_args': None, 'cmake_clean_cache': False, 'cmake_clean_first': False, 'cmake_force_configure': False, 'cmake_target': None, 'cmake_target_skip_unavailable': False, 'install_base': '/home/isc/tk2_ws/install/v4l2_camera', 'merge_install': False, 'meson_args': [], 'path': '/home/isc/tk2_ws/src/v4l2_camera', 'symlink_install': False, 'test_result_base': None}
[1.740s] INFO:colcon.colcon_core.executor:Executing jobs using 'parallel' executor
[1.744s] DEBUG:colcon.colcon_parallel_executor.executor.parallel:run_until_complete
[1.745s] INFO:colcon.colcon_ros.task.ament_cmake.build:Building ROS package in '/home/isc/tk2_ws/src/rplidar_ros' with build type 'ament_cmake'
[1.746s] INFO:colcon.colcon_cmake.task.cmake.build:Building CMake package in '/home/isc/tk2_ws/src/rplidar_ros'
[1.753s] INFO:colcon.colcon_core.plugin_system:Skipping extension 'colcon_core.shell.bat': Not used on non-Windows systems
[1.754s] INFO:colcon.colcon_core.shell:Skip shell extension 'powershell' for command environment: Not usable outside of PowerShell
[1.754s] DEBUG:colcon.colcon_core.shell:Skip shell extension 'dsv' for command environment
[1.775s] INFO:colcon.colcon_ros.task.ament_cmake.build:Building ROS package in '/home/isc/tk2_ws/src/tf2_transforms' with build type 'ament_cmake'
[1.775s] INFO:colcon.colcon_cmake.task.cmake.build:Building CMake package in '/home/isc/tk2_ws/src/tf2_transforms'
[1.776s] INFO:colcon.colcon_core.shell:Skip shell extension 'powershell' for command environment: Not usable outside of PowerShell
[1.777s] DEBUG:colcon.colcon_core.shell:Skip shell extension 'dsv' for command environment
[1.799s] INFO:colcon.colcon_ros.task.ament_cmake.build:Building ROS package in '/home/isc/tk2_ws/src/v4l2_camera' with build type 'ament_cmake'
[1.799s] INFO:colcon.colcon_cmake.task.cmake.build:Building CMake package in '/home/isc/tk2_ws/src/v4l2_camera'
[1.800s] INFO:colcon.colcon_core.shell:Skip shell extension 'powershell' for command environment: Not usable outside of PowerShell
[1.800s] DEBUG:colcon.colcon_core.shell:Skip shell extension 'dsv' for command environment
[1.839s] DEBUG:colcon.colcon_core.event_handler.log_command:Invoking command in '/home/isc/tk2_ws/build/rplidar_ros': CMAKE_PREFIX_PATH=${CMAKE_PREFIX_PATH}:/opt/ros/jazzy /usr/bin/cmake --build /home/isc/tk2_ws/build/rplidar_ros -- -j4 -l4
[1.853s] DEBUG:colcon.colcon_core.event_handler.log_command:Invoking command in '/home/isc/tk2_ws/build/tf2_transforms': CMAKE_PREFIX_PATH=${CMAKE_PREFIX_PATH}:/opt/ros/jazzy /usr/bin/cmake --build /home/isc/tk2_ws/build/tf2_transforms -- -j4 -l4
[1.872s] DEBUG:colcon.colcon_core.event_handler.log_command:Invoking command in '/home/isc/tk2_ws/build/v4l2_camera': CMAKE_PREFIX_PATH=${CMAKE_PREFIX_PATH}:/opt/ros/jazzy /usr/bin/cmake --build /home/isc/tk2_ws/build/v4l2_camera -- -j4 -l4
[2.308s] DEBUG:colcon.colcon_core.event_handler.log_command:Invoked command in '/home/isc/tk2_ws/build/rplidar_ros' returned '0': CMAKE_PREFIX_PATH=${CMAKE_PREFIX_PATH}:/opt/ros/jazzy /usr/bin/cmake --build /home/isc/tk2_ws/build/rplidar_ros -- -j4 -l4
[2.359s] DEBUG:colcon.colcon_core.event_handler.log_command:Invoking command in '/home/isc/tk2_ws/build/rplidar_ros': CMAKE_PREFIX_PATH=${CMAKE_PREFIX_PATH}:/opt/ros/jazzy /usr/bin/cmake --install /home/isc/tk2_ws/build/rplidar_ros
[2.365s] DEBUG:colcon.colcon_core.event_handler.log_command:Invoked command in '/home/isc/tk2_ws/build/tf2_transforms' returned '0': CMAKE_PREFIX_PATH=${CMAKE_PREFIX_PATH}:/opt/ros/jazzy /usr/bin/cmake --build /home/isc/tk2_ws/build/tf2_transforms -- -j4 -l4
[2.371s] DEBUG:colcon.colcon_core.event_handler.log_command:Invoking command in '/home/isc/tk2_ws/build/tf2_transforms': CMAKE_PREFIX_PATH=${CMAKE_PREFIX_PATH}:/opt/ros/jazzy /usr/bin/cmake --install /home/isc/tk2_ws/build/tf2_transforms
[2.428s] Level 1:colcon.colcon_core.environment:create_environment_scripts_only(tf2_transforms)
[2.444s] DEBUG:colcon.colcon_core.event_handler.log_command:Invoked command in '/home/isc/tk2_ws/build/tf2_transforms' returned '0': CMAKE_PREFIX_PATH=${CMAKE_PREFIX_PATH}:/opt/ros/jazzy /usr/bin/cmake --install /home/isc/tk2_ws/build/tf2_transforms
[2.456s] Level 1:colcon.colcon_core.environment:checking '/home/isc/tk2_ws/install/tf2_transforms' for CMake module files
[2.460s] Level 1:colcon.colcon_core.environment:checking '/home/isc/tk2_ws/install/tf2_transforms' for CMake config files
[2.463s] Level 1:colcon.colcon_core.shell:create_environment_hook('tf2_transforms', 'cmake_prefix_path')
[2.464s] INFO:colcon.colcon_core.shell:Creating environment hook '/home/isc/tk2_ws/install/tf2_transforms/share/tf2_transforms/hook/cmake_prefix_path.ps1'
[2.467s] INFO:colcon.colcon_core.shell:Creating environment descriptor '/home/isc/tk2_ws/install/tf2_transforms/share/tf2_transforms/hook/cmake_prefix_path.dsv'
[2.469s] INFO:colcon.colcon_core.shell:Creating environment hook '/home/isc/tk2_ws/install/tf2_transforms/share/tf2_transforms/hook/cmake_prefix_path.sh'
[2.473s] Level 1:colcon.colcon_core.environment:checking '/home/isc/tk2_ws/install/tf2_transforms/lib'
[2.474s] Level 1:colcon.colcon_core.environment:checking '/home/isc/tk2_ws/install/tf2_transforms/bin'
[2.475s] Level 1:colcon.colcon_core.environment:checking '/home/isc/tk2_ws/install/tf2_transforms/lib/pkgconfig/tf2_transforms.pc'
[2.476s] Level 1:colcon.colcon_core.environment:checking '/home/isc/tk2_ws/install/tf2_transforms/lib/python3.12/site-packages'
[2.478s] Level 1:colcon.colcon_core.environment:checking '/home/isc/tk2_ws/install/tf2_transforms/bin'
[2.479s] INFO:colcon.colcon_core.shell:Creating package script '/home/isc/tk2_ws/install/tf2_transforms/share/tf2_transforms/package.ps1'
[2.483s] INFO:colcon.colcon_core.shell:Creating package descriptor '/home/isc/tk2_ws/install/tf2_transforms/share/tf2_transforms/package.dsv'
[2.486s] INFO:colcon.colcon_core.shell:Creating package script '/home/isc/tk2_ws/install/tf2_transforms/share/tf2_transforms/package.sh'
[2.489s] INFO:colcon.colcon_core.shell:Creating package script '/home/isc/tk2_ws/install/tf2_transforms/share/tf2_transforms/package.bash'
[2.493s] INFO:colcon.colcon_core.shell:Creating package script '/home/isc/tk2_ws/install/tf2_transforms/share/tf2_transforms/package.zsh'
[2.498s] Level 1:colcon.colcon_core.environment:create_file_with_runtime_dependencies(/home/isc/tk2_ws/install/tf2_transforms/share/colcon-core/packages/tf2_transforms)
[2.502s] Level 1:colcon.colcon_core.environment:create_environment_scripts_only(tf2_transforms)
[2.503s] Level 1:colcon.colcon_core.environment:checking '/home/isc/tk2_ws/install/tf2_transforms' for CMake module files
[2.506s] Level 1:colcon.colcon_core.environment:checking '/home/isc/tk2_ws/install/tf2_transforms' for CMake config files
[2.509s] Level 1:colcon.colcon_core.shell:create_environment_hook('tf2_transforms', 'cmake_prefix_path')
[2.509s] INFO:colcon.colcon_core.shell:Creating environment hook '/home/isc/tk2_ws/install/tf2_transforms/share/tf2_transforms/hook/cmake_prefix_path.ps1'
[2.511s] INFO:colcon.colcon_core.shell:Creating environment descriptor '/home/isc/tk2_ws/install/tf2_transforms/share/tf2_transforms/hook/cmake_prefix_path.dsv'
[2.513s] INFO:colcon.colcon_core.shell:Creating environment hook '/home/isc/tk2_ws/install/tf2_transforms/share/tf2_transforms/hook/cmake_prefix_path.sh'
[2.515s] Level 1:colcon.colcon_core.environment:checking '/home/isc/tk2_ws/install/tf2_transforms/lib'
[2.516s] Level 1:colcon.colcon_core.environment:checking '/home/isc/tk2_ws/install/tf2_transforms/bin'
[2.516s] Level 1:colcon.colcon_core.environment:checking '/home/isc/tk2_ws/install/tf2_transforms/lib/pkgconfig/tf2_transforms.pc'
[2.517s] Level 1:colcon.colcon_core.environment:checking '/home/isc/tk2_ws/install/tf2_transforms/lib/python3.12/site-packages'
[2.518s] Level 1:colcon.colcon_core.environment:checking '/home/isc/tk2_ws/install/tf2_transforms/bin'
[2.519s] INFO:colcon.colcon_core.shell:Creating package script '/home/isc/tk2_ws/install/tf2_transforms/share/tf2_transforms/package.ps1'
[2.522s] INFO:colcon.colcon_core.shell:Creating package descriptor '/home/isc/tk2_ws/install/tf2_transforms/share/tf2_transforms/package.dsv'
[2.524s] INFO:colcon.colcon_core.shell:Creating package script '/home/isc/tk2_ws/install/tf2_transforms/share/tf2_transforms/package.sh'
[2.526s] INFO:colcon.colcon_core.shell:Creating package script '/home/isc/tk2_ws/install/tf2_transforms/share/tf2_transforms/package.bash'
[2.528s] INFO:colcon.colcon_core.shell:Creating package script '/home/isc/tk2_ws/install/tf2_transforms/share/tf2_transforms/package.zsh'
[2.530s] Level 1:colcon.colcon_core.environment:create_file_with_runtime_dependencies(/home/isc/tk2_ws/install/tf2_transforms/share/colcon-core/packages/tf2_transforms)
[2.535s] Level 1:colcon.colcon_core.environment:create_environment_scripts_only(rplidar_ros)
[2.536s] Level 1:colcon.colcon_core.environment:checking '/home/isc/tk2_ws/install/rplidar_ros' for CMake module files
[2.537s] DEBUG:colcon.colcon_core.event_handler.log_command:Invoked command in '/home/isc/tk2_ws/build/rplidar_ros' returned '0': CMAKE_PREFIX_PATH=${CMAKE_PREFIX_PATH}:/opt/ros/jazzy /usr/bin/cmake --install /home/isc/tk2_ws/build/rplidar_ros
[2.540s] Level 1:colcon.colcon_core.environment:checking '/home/isc/tk2_ws/install/rplidar_ros' for CMake config files
[2.544s] Level 1:colcon.colcon_core.shell:create_environment_hook('rplidar_ros', 'cmake_prefix_path')
[2.545s] INFO:colcon.colcon_core.shell:Creating environment hook '/home/isc/tk2_ws/install/rplidar_ros/share/rplidar_ros/hook/cmake_prefix_path.ps1'
[2.547s] INFO:colcon.colcon_core.shell:Creating environment descriptor '/home/isc/tk2_ws/install/rplidar_ros/share/rplidar_ros/hook/cmake_prefix_path.dsv'
[2.549s] INFO:colcon.colcon_core.shell:Creating environment hook '/home/isc/tk2_ws/install/rplidar_ros/share/rplidar_ros/hook/cmake_prefix_path.sh'
[2.551s] Level 1:colcon.colcon_core.environment:checking '/home/isc/tk2_ws/install/rplidar_ros/lib'
[2.552s] Level 1:colcon.colcon_core.environment:checking '/home/isc/tk2_ws/install/rplidar_ros/bin'
[2.552s] Level 1:colcon.colcon_core.environment:checking '/home/isc/tk2_ws/install/rplidar_ros/lib/pkgconfig/rplidar_ros.pc'
[2.553s] Level 1:colcon.colcon_core.environment:checking '/home/isc/tk2_ws/install/rplidar_ros/lib/python3.12/site-packages'
[2.554s] Level 1:colcon.colcon_core.environment:checking '/home/isc/tk2_ws/install/rplidar_ros/bin'
[2.555s] INFO:colcon.colcon_core.shell:Creating package script '/home/isc/tk2_ws/install/rplidar_ros/share/rplidar_ros/package.ps1'
[2.557s] INFO:colcon.colcon_core.shell:Creating package descriptor '/home/isc/tk2_ws/install/rplidar_ros/share/rplidar_ros/package.dsv'
[2.559s] INFO:colcon.colcon_core.shell:Creating package script '/home/isc/tk2_ws/install/rplidar_ros/share/rplidar_ros/package.sh'
[2.561s] INFO:colcon.colcon_core.shell:Creating package script '/home/isc/tk2_ws/install/rplidar_ros/share/rplidar_ros/package.bash'
[2.562s] INFO:colcon.colcon_core.shell:Creating package script '/home/isc/tk2_ws/install/rplidar_ros/share/rplidar_ros/package.zsh'
[2.564s] Level 1:colcon.colcon_core.environment:create_file_with_runtime_dependencies(/home/isc/tk2_ws/install/rplidar_ros/share/colcon-core/packages/rplidar_ros)
[2.566s] Level 1:colcon.colcon_core.environment:create_environment_scripts_only(rplidar_ros)
[2.567s] Level 1:colcon.colcon_core.environment:checking '/home/isc/tk2_ws/install/rplidar_ros' for CMake module files
[2.570s] Level 1:colcon.colcon_core.environment:checking '/home/isc/tk2_ws/install/rplidar_ros' for CMake config files
[2.574s] Level 1:colcon.colcon_core.shell:create_environment_hook('rplidar_ros', 'cmake_prefix_path')
[2.574s] INFO:colcon.colcon_core.shell:Creating environment hook '/home/isc/tk2_ws/install/rplidar_ros/share/rplidar_ros/hook/cmake_prefix_path.ps1'
[2.576s] INFO:colcon.colcon_core.shell:Creating environment descriptor '/home/isc/tk2_ws/install/rplidar_ros/share/rplidar_ros/hook/cmake_prefix_path.dsv'
[2.578s] INFO:colcon.colcon_core.shell:Creating environment hook '/home/isc/tk2_ws/install/rplidar_ros/share/rplidar_ros/hook/cmake_prefix_path.sh'
[2.580s] Level 1:colcon.colcon_core.environment:checking '/home/isc/tk2_ws/install/rplidar_ros/lib'
[2.581s] Level 1:colcon.colcon_core.environment:checking '/home/isc/tk2_ws/install/rplidar_ros/bin'
[2.581s] Level 1:colcon.colcon_core.environment:checking '/home/isc/tk2_ws/install/rplidar_ros/lib/pkgconfig/rplidar_ros.pc'
[2.582s] Level 1:colcon.colcon_core.environment:checking '/home/isc/tk2_ws/install/rplidar_ros/lib/python3.12/site-packages'
[2.583s] Level 1:colcon.colcon_core.environment:checking '/home/isc/tk2_ws/install/rplidar_ros/bin'
[2.584s] INFO:colcon.colcon_core.shell:Creating package script '/home/isc/tk2_ws/install/rplidar_ros/share/rplidar_ros/package.ps1'
[2.586s] INFO:colcon.colcon_core.shell:Creating package descriptor '/home/isc/tk2_ws/install/rplidar_ros/share/rplidar_ros/package.dsv'
[2.588s] INFO:colcon.colcon_core.shell:Creating package script '/home/isc/tk2_ws/install/rplidar_ros/share/rplidar_ros/package.sh'
[2.590s] INFO:colcon.colcon_core.shell:Creating package script '/home/isc/tk2_ws/install/rplidar_ros/share/rplidar_ros/package.bash'
[2.592s] INFO:colcon.colcon_core.shell:Creating package script '/home/isc/tk2_ws/install/rplidar_ros/share/rplidar_ros/package.zsh'
[2.594s] Level 1:colcon.colcon_core.environment:create_file_with_runtime_dependencies(/home/isc/tk2_ws/install/rplidar_ros/share/colcon-core/packages/rplidar_ros)
[21.397s] DEBUG:colcon.colcon_core.event_handler.log_command:Invoked command in '/home/isc/tk2_ws/build/v4l2_camera' returned '0': CMAKE_PREFIX_PATH=${CMAKE_PREFIX_PATH}:/opt/ros/jazzy /usr/bin/cmake --build /home/isc/tk2_ws/build/v4l2_camera -- -j4 -l4
[21.403s] DEBUG:colcon.colcon_core.event_handler.log_command:Invoking command in '/home/isc/tk2_ws/build/v4l2_camera': CMAKE_PREFIX_PATH=${CMAKE_PREFIX_PATH}:/opt/ros/jazzy /usr/bin/cmake --install /home/isc/tk2_ws/build/v4l2_camera
[21.527s] Level 1:colcon.colcon_core.environment:create_environment_scripts_only(v4l2_camera)
[21.528s] Level 1:colcon.colcon_core.environment:checking '/home/isc/tk2_ws/install/v4l2_camera' for CMake module files
[21.529s] DEBUG:colcon.colcon_core.event_handler.log_command:Invoked command in '/home/isc/tk2_ws/build/v4l2_camera' returned '0': CMAKE_PREFIX_PATH=${CMAKE_PREFIX_PATH}:/opt/ros/jazzy /usr/bin/cmake --install /home/isc/tk2_ws/build/v4l2_camera
[21.532s] Level 1:colcon.colcon_core.environment:checking '/home/isc/tk2_ws/install/v4l2_camera' for CMake config files
[21.534s] Level 1:colcon.colcon_core.shell:create_environment_hook('v4l2_camera', 'cmake_prefix_path')
[21.535s] INFO:colcon.colcon_core.shell:Creating environment hook '/home/isc/tk2_ws/install/v4l2_camera/share/v4l2_camera/hook/cmake_prefix_path.ps1'
[21.537s] INFO:colcon.colcon_core.shell:Creating environment descriptor '/home/isc/tk2_ws/install/v4l2_camera/share/v4l2_camera/hook/cmake_prefix_path.dsv'
[21.539s] INFO:colcon.colcon_core.shell:Creating environment hook '/home/isc/tk2_ws/install/v4l2_camera/share/v4l2_camera/hook/cmake_prefix_path.sh'
[21.542s] Level 1:colcon.colcon_core.environment:checking '/home/isc/tk2_ws/install/v4l2_camera/lib'
[21.542s] Level 1:colcon.colcon_core.shell:create_environment_hook('v4l2_camera', 'ld_library_path_lib')
[21.543s] INFO:colcon.colcon_core.shell:Creating environment hook '/home/isc/tk2_ws/install/v4l2_camera/share/v4l2_camera/hook/ld_library_path_lib.ps1'
[21.545s] INFO:colcon.colcon_core.shell:Creating environment descriptor '/home/isc/tk2_ws/install/v4l2_camera/share/v4l2_camera/hook/ld_library_path_lib.dsv'
[21.547s] INFO:colcon.colcon_core.shell:Creating environment hook '/home/isc/tk2_ws/install/v4l2_camera/share/v4l2_camera/hook/ld_library_path_lib.sh'
[21.548s] Level 1:colcon.colcon_core.environment:checking '/home/isc/tk2_ws/install/v4l2_camera/bin'
[21.549s] Level 1:colcon.colcon_core.environment:checking '/home/isc/tk2_ws/install/v4l2_camera/lib/pkgconfig/v4l2_camera.pc'
[21.549s] Level 1:colcon.colcon_core.environment:checking '/home/isc/tk2_ws/install/v4l2_camera/lib/python3.12/site-packages'
[21.551s] Level 1:colcon.colcon_core.environment:checking '/home/isc/tk2_ws/install/v4l2_camera/bin'
[21.552s] INFO:colcon.colcon_core.shell:Creating package script '/home/isc/tk2_ws/install/v4l2_camera/share/v4l2_camera/package.ps1'
[21.554s] INFO:colcon.colcon_core.shell:Creating package descriptor '/home/isc/tk2_ws/install/v4l2_camera/share/v4l2_camera/package.dsv'
[21.556s] INFO:colcon.colcon_core.shell:Creating package script '/home/isc/tk2_ws/install/v4l2_camera/share/v4l2_camera/package.sh'
[21.558s] INFO:colcon.colcon_core.shell:Creating package script '/home/isc/tk2_ws/install/v4l2_camera/share/v4l2_camera/package.bash'
[21.560s] INFO:colcon.colcon_core.shell:Creating package script '/home/isc/tk2_ws/install/v4l2_camera/share/v4l2_camera/package.zsh'
[21.561s] Level 1:colcon.colcon_core.environment:create_file_with_runtime_dependencies(/home/isc/tk2_ws/install/v4l2_camera/share/colcon-core/packages/v4l2_camera)
[21.563s] Level 1:colcon.colcon_core.environment:create_environment_scripts_only(v4l2_camera)
[21.564s] Level 1:colcon.colcon_core.environment:checking '/home/isc/tk2_ws/install/v4l2_camera' for CMake module files
[21.567s] Level 1:colcon.colcon_core.environment:checking '/home/isc/tk2_ws/install/v4l2_camera' for CMake config files
[21.569s] Level 1:colcon.colcon_core.shell:create_environment_hook('v4l2_camera', 'cmake_prefix_path')
[21.569s] INFO:colcon.colcon_core.shell:Creating environment hook '/home/isc/tk2_ws/install/v4l2_camera/share/v4l2_camera/hook/cmake_prefix_path.ps1'
[21.571s] INFO:colcon.colcon_core.shell:Creating environment descriptor '/home/isc/tk2_ws/install/v4l2_camera/share/v4l2_camera/hook/cmake_prefix_path.dsv'
[21.573s] INFO:colcon.colcon_core.shell:Creating environment hook '/home/isc/tk2_ws/install/v4l2_camera/share/v4l2_camera/hook/cmake_prefix_path.sh'
[21.575s] Level 1:colcon.colcon_core.environment:checking '/home/isc/tk2_ws/install/v4l2_camera/lib'
[21.575s] Level 1:colcon.colcon_core.shell:create_environment_hook('v4l2_camera', 'ld_library_path_lib')
[21.576s] INFO:colcon.colcon_core.shell:Creating environment hook '/home/isc/tk2_ws/install/v4l2_camera/share/v4l2_camera/hook/ld_library_path_lib.ps1'
[21.578s] INFO:colcon.colcon_core.shell:Creating environment descriptor '/home/isc/tk2_ws/install/v4l2_camera/share/v4l2_camera/hook/ld_library_path_lib.dsv'
[21.579s] INFO:colcon.colcon_core.shell:Creating environment hook '/home/isc/tk2_ws/install/v4l2_camera/share/v4l2_camera/hook/ld_library_path_lib.sh'
[21.581s] Level 1:colcon.colcon_core.environment:checking '/home/isc/tk2_ws/install/v4l2_camera/bin'
[21.581s] Level 1:colcon.colcon_core.environment:checking '/home/isc/tk2_ws/install/v4l2_camera/lib/pkgconfig/v4l2_camera.pc'
[21.582s] Level 1:colcon.colcon_core.environment:checking '/home/isc/tk2_ws/install/v4l2_camera/lib/python3.12/site-packages'
[21.584s] Level 1:colcon.colcon_core.environment:checking '/home/isc/tk2_ws/install/v4l2_camera/bin'
[21.585s] INFO:colcon.colcon_core.shell:Creating package script '/home/isc/tk2_ws/install/v4l2_camera/share/v4l2_camera/package.ps1'
[21.588s] INFO:colcon.colcon_core.shell:Creating package descriptor '/home/isc/tk2_ws/install/v4l2_camera/share/v4l2_camera/package.dsv'
[21.590s] INFO:colcon.colcon_core.shell:Creating package script '/home/isc/tk2_ws/install/v4l2_camera/share/v4l2_camera/package.sh'
[21.592s] INFO:colcon.colcon_core.shell:Creating package script '/home/isc/tk2_ws/install/v4l2_camera/share/v4l2_camera/package.bash'
[21.594s] INFO:colcon.colcon_core.shell:Creating package script '/home/isc/tk2_ws/install/v4l2_camera/share/v4l2_camera/package.zsh'
[21.595s] Level 1:colcon.colcon_core.environment:create_file_with_runtime_dependencies(/home/isc/tk2_ws/install/v4l2_camera/share/colcon-core/packages/v4l2_camera)
[21.597s] DEBUG:colcon.colcon_parallel_executor.executor.parallel:closing loop
[21.598s] DEBUG:colcon.colcon_parallel_executor.executor.parallel:loop closed
[21.598s] DEBUG:colcon.colcon_parallel_executor.executor.parallel:run_until_complete finished with '0'
[21.599s] DEBUG:colcon.colcon_core.event_reactor:joining thread
[21.600s] DEBUG:colcon.colcon_core.event_reactor:joined thread
[21.601s] INFO:colcon.colcon_core.shell:Creating prefix script '/home/isc/tk2_ws/install/local_setup.ps1'
[21.604s] INFO:colcon.colcon_core.shell:Creating prefix util module '/home/isc/tk2_ws/install/_local_setup_util_ps1.py'
[21.609s] INFO:colcon.colcon_core.shell:Creating prefix chain script '/home/isc/tk2_ws/install/setup.ps1'
[21.614s] INFO:colcon.colcon_core.shell:Creating prefix script '/home/isc/tk2_ws/install/local_setup.sh'
[21.616s] INFO:colcon.colcon_core.shell:Creating prefix util module '/home/isc/tk2_ws/install/_local_setup_util_sh.py'
[21.619s] INFO:colcon.colcon_core.shell:Creating prefix chain script '/home/isc/tk2_ws/install/setup.sh'
[21.623s] INFO:colcon.colcon_core.shell:Creating prefix script '/home/isc/tk2_ws/install/local_setup.bash'
[21.625s] INFO:colcon.colcon_core.shell:Creating prefix chain script '/home/isc/tk2_ws/install/setup.bash'
[21.629s] INFO:colcon.colcon_core.shell:Creating prefix script '/home/isc/tk2_ws/install/local_setup.zsh'
[21.631s] INFO:colcon.colcon_core.shell:Creating prefix chain script '/home/isc/tk2_ws/install/setup.zsh'
