[0.061s] Invoking command in '/home/isc/tk2_ws/build/camera_node': CMAKE_PREFIX_PATH=${CMAKE_PREFIX_PATH}:/opt/ros/jazzy /usr/bin/cmake /home/isc/tk2_ws/src/ros2-camera-node -DCMAKE_INSTALL_PREFIX=/home/isc/tk2_ws/install/camera_node
[0.356s] -- The C compiler identification is GNU 13.3.0
[0.657s] -- The CXX compiler identification is GNU 13.3.0
[0.743s] -- Detecting C compiler ABI info
[1.234s] -- Detecting C compiler ABI info - done
[1.269s] -- Check for working C compiler: /usr/bin/cc - skipped
[1.270s] -- Detecting C compile features
[1.271s] -- Detecting C compile features - done
[1.315s] -- Detecting CXX compiler ABI info
[1.804s] -- Detecting CXX compiler ABI info - done
[1.840s] -- Check for working CXX compiler: /usr/bin/c++ - skipped
[1.841s] -- Detecting CXX compile features
[1.843s] -- Detecting CXX compile features - done
[1.872s] -- Found ament_cmake: 2.5.6 (/opt/ros/jazzy/share/ament_cmake/cmake)
[2.645s] -- Found Python3: /usr/bin/python3 (found version "3.12.3") found components: Interpreter 
[3.402s] -- Found OpenCV: /usr (found version "4.6.0") 
[3.426s] -- Found rclcpp: 28.1.21 (/opt/ros/jazzy/share/rclcpp/cmake)
[3.785s] -- Found rosidl_generator_c: 4.6.9 (/opt/ros/jazzy/share/rosidl_generator_c/cmake)
[3.894s] -- Found rosidl_generator_cpp: 4.6.9 (/opt/ros/jazzy/share/rosidl_generator_cpp/cmake)
[4.013s] -- Using all available rosidl_typesupport_c: rosidl_typesupport_fastrtps_c;rosidl_typesupport_introspection_c
[4.143s] -- Using all available rosidl_typesupport_cpp: rosidl_typesupport_fastrtps_cpp;rosidl_typesupport_introspection_cpp
[4.578s] -- Found rmw_implementation_cmake: 7.3.3 (/opt/ros/jazzy/share/rmw_implementation_cmake/cmake)
[4.604s] -- Found rmw_fastrtps_cpp: 8.4.4 (/opt/ros/jazzy/share/rmw_fastrtps_cpp/cmake)
[5.086s] -- Found OpenSSL: /usr/lib/aarch64-linux-gnu/libcrypto.so (found version "3.0.13")  
[5.175s] -- Found FastRTPS: /opt/ros/jazzy/include (Required is at least version "2.13") 
[5.270s] -- Using RMW implementation 'rmw_fastrtps_cpp' as default
[5.657s] -- Found rclcpp_components: 28.1.21 (/opt/ros/jazzy/share/rclcpp_components/cmake)
[5.949s] -- Found rosidl_default_generators: 1.6.1 (/opt/ros/jazzy/share/rosidl_default_generators/cmake)
[6.116s] -- Found rosidl_adapter: 4.6.9 (/opt/ros/jazzy/share/rosidl_adapter/cmake)
[6.150s] -- Found sensor_msgs: 5.3.8 (/opt/ros/jazzy/share/sensor_msgs/cmake)
[6.526s] [0mgrabthecam not found - building it[0m
[10.514s] -- RapidJSON found. Headers: /usr/include
[13.342s] -- Found ament_cmake_ros: 0.12.1 (/opt/ros/jazzy/share/ament_cmake_ros/cmake)
[16.802s] -- Using all available rosidl_typesupport_c: rosidl_typesupport_fastrtps_c;rosidl_typesupport_introspection_c
[18.143s] -- Using all available rosidl_typesupport_cpp: rosidl_typesupport_fastrtps_cpp;rosidl_typesupport_introspection_cpp
[18.172s] -- Found python_cmake_module: 0.11.1 (/opt/ros/jazzy/share/python_cmake_module/cmake)
[18.824s] -- Found PythonExtra: /usr/bin/python3  
[20.881s] -- Found Python3: /usr/bin/python3 (found version "3.12.3") found components: Interpreter Development NumPy Development.Module Development.Embed 
[21.184s] -- Found Python3: /usr/bin/python3 (found version "3.12.3") found components: Interpreter 
[21.352s] [31mCMake Error at CMakeLists.txt:98 (find_package):
[21.353s]   By not providing "Findament_cmake_clang_format.cmake" in CMAKE_MODULE_PATH
[21.353s]   this project has asked CMake to find a package configuration file provided
[21.354s]   by "ament_cmake_clang_format", but CMake did not find one.
[21.354s] 
[21.355s]   Could not find a package configuration file provided by
[21.355s]   "ament_cmake_clang_format" with any of the following names:
[21.355s] 
[21.356s]     ament_cmake_clang_formatConfig.cmake
[21.356s]     ament_cmake_clang_format-config.cmake
[21.356s] 
[21.357s]   Add the installation prefix of "ament_cmake_clang_format" to
[21.357s]   CMAKE_PREFIX_PATH or set "ament_cmake_clang_format_DIR" to a directory
[21.357s]   containing one of the above files.  If "ament_cmake_clang_format" provides
[21.358s]   a separate development package or SDK, be sure it has been installed.
[21.358s] 
[21.358s] [0m
[21.359s] -- Configuring incomplete, errors occurred!
[21.414s] Invoked command in '/home/isc/tk2_ws/build/camera_node' returned '1': CMAKE_PREFIX_PATH=${CMAKE_PREFIX_PATH}:/opt/ros/jazzy /usr/bin/cmake /home/isc/tk2_ws/src/ros2-camera-node -DCMAKE_INSTALL_PREFIX=/home/isc/tk2_ws/install/camera_node
