[0.056s] Invoking command in '/home/isc/tk2_ws/build/rplidar_ros': CMAKE_PREFIX_PATH=${CMAKE_PREFIX_PATH}:/opt/ros/jazzy /usr/bin/cmake --build /home/isc/tk2_ws/build/rplidar_ros -- -j4 -l4
[0.374s] [  5%] Built target rplidar_client
[0.403s] [ 52%] Built target rplidar_node
[0.410s] [100%] Built target rplidar_composition
[0.469s] Invoked command in '/home/isc/tk2_ws/build/rplidar_ros' returned '0': CMAKE_PREFIX_PATH=${CMAKE_PREFIX_PATH}:/opt/ros/jazzy /usr/bin/cmake --build /home/isc/tk2_ws/build/rplidar_ros -- -j4 -l4
[0.520s] Invoking command in '/home/isc/tk2_ws/build/rplidar_ros': CMAKE_PREFIX_PATH=${CMAKE_PREFIX_PATH}:/opt/ros/jazzy /usr/bin/cmake --install /home/isc/tk2_ws/build/rplidar_ros
[0.558s] -- Install configuration: ""
[0.560s] -- Execute custom install script
[0.564s] -- Up-to-date symlink: /home/isc/tk2_ws/install/rplidar_ros/share/rplidar_ros/launch/rplidar_a1_launch.py
[0.564s] -- Up-to-date symlink: /home/isc/tk2_ws/install/rplidar_ros/share/rplidar_ros/launch/rplidar_a2m12_launch.py
[0.565s] -- Up-to-date symlink: /home/isc/tk2_ws/install/rplidar_ros/share/rplidar_ros/launch/rplidar_a2m7_launch.py
[0.566s] -- Up-to-date symlink: /home/isc/tk2_ws/install/rplidar_ros/share/rplidar_ros/launch/rplidar_a2m8_launch.py
[0.567s] -- Up-to-date symlink: /home/isc/tk2_ws/install/rplidar_ros/share/rplidar_ros/launch/rplidar_a3_launch.py
[0.568s] -- Up-to-date symlink: /home/isc/tk2_ws/install/rplidar_ros/share/rplidar_ros/launch/rplidar_c1_launch.py
[0.568s] -- Up-to-date symlink: /home/isc/tk2_ws/install/rplidar_ros/share/rplidar_ros/launch/rplidar_s1_launch.py
[0.569s] -- Up-to-date symlink: /home/isc/tk2_ws/install/rplidar_ros/share/rplidar_ros/launch/rplidar_s1_tcp_launch.py
[0.570s] -- Up-to-date symlink: /home/isc/tk2_ws/install/rplidar_ros/share/rplidar_ros/launch/rplidar_s2_launch.py
[0.571s] -- Up-to-date symlink: /home/isc/tk2_ws/install/rplidar_ros/share/rplidar_ros/launch/rplidar_s2e_launch.py
[0.572s] -- Up-to-date symlink: /home/isc/tk2_ws/install/rplidar_ros/share/rplidar_ros/launch/rplidar_s3_launch.py
[0.574s] -- Up-to-date symlink: /home/isc/tk2_ws/install/rplidar_ros/share/rplidar_ros/launch/rplidar_t1_launch.py
[0.576s] -- Up-to-date symlink: /home/isc/tk2_ws/install/rplidar_ros/share/rplidar_ros/launch/view_rplidar_a1_launch.py
[0.577s] -- Up-to-date symlink: /home/isc/tk2_ws/install/rplidar_ros/share/rplidar_ros/launch/view_rplidar_a2m12_launch.py
[0.579s] -- Up-to-date symlink: /home/isc/tk2_ws/install/rplidar_ros/share/rplidar_ros/launch/view_rplidar_a2m7_launch.py
[0.581s] -- Up-to-date symlink: /home/isc/tk2_ws/install/rplidar_ros/share/rplidar_ros/launch/view_rplidar_a2m8_launch.py
[0.582s] -- Up-to-date symlink: /home/isc/tk2_ws/install/rplidar_ros/share/rplidar_ros/launch/view_rplidar_a3_launch.py
[0.583s] -- Up-to-date symlink: /home/isc/tk2_ws/install/rplidar_ros/share/rplidar_ros/launch/view_rplidar_c1_launch.py
[0.584s] -- Up-to-date symlink: /home/isc/tk2_ws/install/rplidar_ros/share/rplidar_ros/launch/view_rplidar_s1_launch.py
[0.586s] -- Up-to-date symlink: /home/isc/tk2_ws/install/rplidar_ros/share/rplidar_ros/launch/view_rplidar_s1_tcp_launch.py
[0.586s] -- Up-to-date symlink: /home/isc/tk2_ws/install/rplidar_ros/share/rplidar_ros/launch/view_rplidar_s2_launch.py
[0.588s] -- Up-to-date symlink: /home/isc/tk2_ws/install/rplidar_ros/share/rplidar_ros/launch/view_rplidar_s2e_launch.py
[0.589s] -- Up-to-date symlink: /home/isc/tk2_ws/install/rplidar_ros/share/rplidar_ros/launch/view_rplidar_s3_launch.py
[0.590s] -- Up-to-date symlink: /home/isc/tk2_ws/install/rplidar_ros/share/rplidar_ros/launch/view_rplidar_t1_launch.py
[0.592s] -- Up-to-date symlink: /home/isc/tk2_ws/install/rplidar_ros/share/rplidar_ros/rviz/rplidar_ros.rviz
[0.594s] -- Up-to-date symlink: /home/isc/tk2_ws/install/rplidar_ros/lib/rplidar_ros/rplidar_node
[0.596s] -- Up-to-date symlink: /home/isc/tk2_ws/install/rplidar_ros/lib/rplidar_ros/rplidar_composition
[0.597s] -- Up-to-date symlink: /home/isc/tk2_ws/install/rplidar_ros/lib/rplidar_ros/rplidar_client
[0.599s] -- Up-to-date symlink: /home/isc/tk2_ws/install/rplidar_ros/share/ament_index/resource_index/package_run_dependencies/rplidar_ros
[0.601s] -- Up-to-date symlink: /home/isc/tk2_ws/install/rplidar_ros/share/ament_index/resource_index/parent_prefix_path/rplidar_ros
[0.603s] -- Up-to-date symlink: /home/isc/tk2_ws/install/rplidar_ros/share/rplidar_ros/environment/ament_prefix_path.sh
[0.605s] -- Up-to-date symlink: /home/isc/tk2_ws/install/rplidar_ros/share/rplidar_ros/environment/ament_prefix_path.dsv
[0.606s] -- Up-to-date symlink: /home/isc/tk2_ws/install/rplidar_ros/share/rplidar_ros/environment/path.sh
[0.607s] -- Up-to-date symlink: /home/isc/tk2_ws/install/rplidar_ros/share/rplidar_ros/environment/path.dsv
[0.609s] -- Up-to-date symlink: /home/isc/tk2_ws/install/rplidar_ros/share/rplidar_ros/local_setup.bash
[0.610s] -- Up-to-date symlink: /home/isc/tk2_ws/install/rplidar_ros/share/rplidar_ros/local_setup.sh
[0.612s] -- Up-to-date symlink: /home/isc/tk2_ws/install/rplidar_ros/share/rplidar_ros/local_setup.zsh
[0.613s] -- Up-to-date symlink: /home/isc/tk2_ws/install/rplidar_ros/share/rplidar_ros/local_setup.dsv
[0.615s] -- Symlinking: /home/isc/tk2_ws/install/rplidar_ros/share/rplidar_ros/package.dsv
[0.666s] -- Up-to-date symlink: /home/isc/tk2_ws/install/rplidar_ros/share/ament_index/resource_index/packages/rplidar_ros
[0.666s] -- Up-to-date symlink: /home/isc/tk2_ws/install/rplidar_ros/share/rplidar_ros/cmake/ament_cmake_export_dependencies-extras.cmake
[0.667s] -- Up-to-date symlink: /home/isc/tk2_ws/install/rplidar_ros/share/rplidar_ros/cmake/ament_cmake_export_include_directories-extras.cmake
[0.668s] -- Up-to-date symlink: /home/isc/tk2_ws/install/rplidar_ros/share/rplidar_ros/cmake/rplidar_rosConfig.cmake
[0.669s] -- Up-to-date symlink: /home/isc/tk2_ws/install/rplidar_ros/share/rplidar_ros/cmake/rplidar_rosConfig-version.cmake
[0.670s] -- Up-to-date symlink: /home/isc/tk2_ws/install/rplidar_ros/share/rplidar_ros/package.xml
[0.677s] Invoked command in '/home/isc/tk2_ws/build/rplidar_ros' returned '0': CMAKE_PREFIX_PATH=${CMAKE_PREFIX_PATH}:/opt/ros/jazzy /usr/bin/cmake --install /home/isc/tk2_ws/build/rplidar_ros
