[1mThe Meson build system[0m
Version: 1.3.2
Source dir: [1m/home/isc/tk2_ws/src/libcamera[0m
Build dir: [1m/home/isc/tk2_ws/build/libcamera[0m
Build type: [1mnative build[0m
Project name: [1mlibcamera[0m
Project version: [1m0.7.2[0m
C compiler for the host machine: [1mcc[0m (gcc 13.3.0 "cc (Ubuntu 13.3.0-6ubuntu2~24.04.1) 13.3.0")
C linker for the host machine: [1mcc[0m ld.bfd 2.42
C++ compiler for the host machine: [1mc++[0m (gcc 13.3.0 "c++ (Ubuntu 13.3.0-6ubuntu2~24.04.1) 13.3.0")
C++ linker for the host machine: [1mc++[0m ld.bfd 2.42
Host machine cpu family: [1maarch64[0m
Host machine cpu: [1maarch64[0m
Header "[1munistd.h[0m" has symbol "[1mclose_range[0m" : [1;32mYES[0m 
Header "[1mfcntl.h[0m" has symbol "[1mF_ADD_SEALS[0m" : [1;32mYES[0m 
Header "[1munistd.h[0m" has symbol "[1missetugid[0m" : [1;31mNO[0m 
Header "[1mlocale.h[0m" has symbol "[1mlocale_t[0m" : [1;32mYES[0m 
Header "[1msys/mman.h[0m" has symbol "[1mmemfd_create[0m" : [1;32mYES[0m 
Header "[1mstdlib.h[0m" has symbol "[1msecure_getenv[0m" : [1;32mYES[0m 
Header "[1mversion[0m" has symbol "[1m_LIBCPP_VERSION[0m" : [1;31mNO[0m 
Header "[1mversion[0m" has symbol "[1m__GLIBCXX__[0m" : [1;32mYES[0m 
[1mMessage:[0m Detected C++ standard library: libstdc++
Compiler for C supports arguments -Wno-c99-designator: [1;31mNO[0m 
Found pkg-config: [1;32mYES[0m [1m(/usr/bin/pkg-config)[0m [1;34m1.8.1[0m
Run-time dependency [1mlttng-ust[0m found: [1;32mYES[0m [36m2.13.7[0m
Program [1m./parser.py[0m found: [1;32mYES[0m (/home/isc/tk2_ws/src/libcamera/utils/codegen/ipc/./parser.py)
Program [1m./generate.py[0m found: [1;32mYES[0m (/home/isc/tk2_ws/src/libcamera/utils/codegen/ipc/./generate.py)
Program [1m./extract-docs.py[0m found: [1;32mYES[0m (/home/isc/tk2_ws/src/libcamera/utils/codegen/ipc/./extract-docs.py)
Configuring [1mversion.h[0m using configuration
Program [1mopenssl[0m found: [1;32mYES[0m (/usr/bin/openssl)
Found CMake: [1m/usr/bin/cmake[0m (3.28.3)
Run-time dependency [1mlibyuv[0m found: [1;31mNO[0m (tried pkgconfig and cmake)
Has header "[1mlibyuv.h[0m" : [1;31mNO[0m 
Run-time dependency [1mlibjpeg[0m found: [1;32mYES[0m [36m2.1.5[0m
Cloning into 'libyuv'...
remote: Sending approximately 20.35 MiB ...Counting objects: 1   [K
remote: Finding sources:   3% (1/32)   [K
remote: Finding sources:   6% (2/32)   [K
remote: Finding sources:   9% (3/32)   [K
remote: Finding sources:  13% (4/32)   [K
remote: Finding sources:  16% (5/32)   [K
remote: Finding sources:  19% (6/32)   [K
remote: Finding sources:  22% (7/32)   [K
remote: Finding sources:  25% (8/32)   [K
remote: Finding sources:  28% (9/32)   [K
remote: Finding sources:  31% (10/32)   [K
remote: Finding sources:  34% (11/32)   [K
remote: Finding sources:  38% (12/32)   [K
remote: Finding sources:  41% (13/32)   [K
remote: Finding sources:  44% (14/32)   [K
remote: Finding sources:  47% (15/32)   [K
remote: Finding sources:  50% (16/32)   [K
remote: Finding sources:  53% (17/32)   [K
remote: Finding sources:  56% (18/32)   [K
remote: Finding sources:  59% (19/32)   [K
remote: Finding sources:  63% (20/32)   [K
remote: Finding sources:  66% (21/32)   [K
remote: Finding sources:  69% (22/32)   [K
remote: Finding sources:  72% (23/32)   [K
remote: Finding sources:  75% (24/32)   [K
remote: Finding sources:  78% (25/32)   [K
remote: Finding sources:  81% (26/32)   [K
remote: Finding sources:  84% (27/32)   [K
remote: Finding sources:  88% (28/32)   [K
remote: Finding sources:  91% (29/32)   [K
remote: Finding sources:  94% (30/32)   [K
remote: Finding sources:  97% (31/32)   [K
remote: Finding sources: 100% (32/32)   [K
remote: Finding sources: 100% (32/32)[K
Receiving objects:   0% (1/25991)
Receiving objects:   1% (260/25991)
Receiving objects:   2% (520/25991)
Receiving objects:   3% (780/25991)
Receiving objects:   4% (1040/25991)
Receiving objects:   5% (1300/25991)
Receiving objects:   6% (1560/25991)
Receiving objects:   7% (1820/25991)
Receiving objects:   8% (2080/25991)
Receiving objects:   9% (2340/25991)
Receiving objects:  10% (2600/25991)
Receiving objects:  11% (2860/25991)
Receiving objects:  12% (3119/25991)
Receiving objects:  13% (3379/25991)
Receiving objects:  14% (3639/25991)
Receiving objects:  15% (3899/25991)
Receiving objects:  16% (4159/25991)
Receiving objects:  17% (4419/25991)
Receiving objects:  18% (4679/25991)
Receiving objects:  19% (4939/25991)
Receiving objects:  20% (5199/25991)
Receiving objects:  21% (5459/25991)
Receiving objects:  22% (5719/25991)
Receiving objects:  23% (5978/25991)
Receiving objects:  24% (6238/25991)
Receiving objects:  25% (6498/25991)
Receiving objects:  26% (6758/25991)
Receiving objects:  27% (7018/25991)
Receiving objects:  28% (7278/25991)
Receiving objects:  29% (7538/25991)
Receiving objects:  30% (7798/25991)
Receiving objects:  31% (8058/25991)
Receiving objects:  32% (8318/25991)
Receiving objects:  33% (8578/25991)
Receiving objects:  34% (8837/25991)
Receiving objects:  35% (9097/25991)
Receiving objects:  36% (9357/25991)
Receiving objects:  37% (9617/25991)
Receiving objects:  38% (9877/25991)
Receiving objects:  39% (10137/25991)
Receiving objects:  40% (10397/25991)
Receiving objects:  41% (10657/25991)
Receiving objects:  42% (10917/25991)
Receiving objects:  43% (11177/25991)
Receiving objects:  44% (11437/25991)
Receiving objects:  45% (11696/25991)
Receiving objects:  46% (11956/25991)
Receiving objects:  47% (12216/25991)
Receiving objects:  48% (12476/25991)
Receiving objects:  49% (12736/25991)
Receiving objects:  50% (12996/25991)
Receiving objects:  51% (13256/25991)
Receiving objects:  52% (13516/25991)
Receiving objects:  53% (13776/25991)
Receiving objects:  54% (14036/25991), 4.13 MiB | 8.12 MiB/s
Receiving objects:  55% (14296/25991), 4.13 MiB | 8.12 MiB/s
Receiving objects:  56% (14555/25991), 4.13 MiB | 8.12 MiB/s
Receiving objects:  57% (14815/25991), 6.88 MiB | 6.82 MiB/s
Receiving objects:  58% (15075/25991), 6.88 MiB | 6.82 MiB/s
Receiving objects:  59% (15335/25991), 9.13 MiB | 6.05 MiB/s
Receiving objects:  60% (15595/25991), 9.13 MiB | 6.05 MiB/s
Receiving objects:  61% (15855/25991), 9.13 MiB | 6.05 MiB/s
Receiving objects:  62% (16115/25991), 9.13 MiB | 6.05 MiB/s
Receiving objects:  63% (16375/25991), 9.13 MiB | 6.05 MiB/s
Receiving objects:  63% (16392/25991), 9.13 MiB | 6.05 MiB/s
Receiving objects:  64% (16635/25991), 13.12 MiB | 6.17 MiB/s
Receiving objects:  65% (16895/25991), 13.12 MiB | 6.17 MiB/s
Receiving objects:  66% (17155/25991), 13.12 MiB | 6.17 MiB/s
Receiving objects:  67% (17414/25991), 16.75 MiB | 6.29 MiB/s
Receiving objects:  68% (17674/25991), 16.75 MiB | 6.29 MiB/s
Receiving objects:  69% (17934/25991), 16.75 MiB | 6.29 MiB/s
Receiving objects:  70% (18194/25991), 16.75 MiB | 6.29 MiB/s
Receiving objects:  71% (18454/25991), 16.75 MiB | 6.29 MiB/s
Receiving objects:  72% (18714/25991), 16.75 MiB | 6.29 MiB/s
Receiving objects:  73% (18974/25991), 16.75 MiB | 6.29 MiB/s
Receiving objects:  74% (19234/25991), 16.75 MiB | 6.29 MiB/s
Receiving objects:  75% (19494/25991), 16.75 MiB | 6.29 MiB/s
Receiving objects:  76% (19754/25991), 16.75 MiB | 6.29 MiB/s
Receiving objects:  77% (20014/25991), 16.75 MiB | 6.29 MiB/s
Receiving objects:  78% (20273/25991), 16.75 MiB | 6.29 MiB/s
Receiving objects:  79% (20533/25991), 16.75 MiB | 6.29 MiB/s
Receiving objects:  80% (20793/25991), 16.75 MiB | 6.29 MiB/s
Receiving objects:  81% (21053/25991), 16.75 MiB | 6.29 MiB/s
Receiving objects:  82% (21313/25991), 16.75 MiB | 6.29 MiB/s
Receiving objects:  83% (21573/25991), 16.75 MiB | 6.29 MiB/s
Receiving objects:  84% (21833/25991), 16.75 MiB | 6.29 MiB/s
Receiving objects:  85% (22093/25991), 16.75 MiB | 6.29 MiB/s
Receiving objects:  86% (22353/25991), 16.75 MiB | 6.29 MiB/s
Receiving objects:  87% (22613/25991), 16.75 MiB | 6.29 MiB/s
Receiving objects:  88% (22873/25991), 16.75 MiB | 6.29 MiB/s
Receiving objects:  89% (23132/25991), 16.75 MiB | 6.29 MiB/s
Receiving objects:  90% (23392/25991), 16.75 MiB | 6.29 MiB/s
Receiving objects:  91% (23652/25991), 16.75 MiB | 6.29 MiB/s
Receiving objects:  92% (23912/25991), 16.75 MiB | 6.29 MiB/s
Receiving objects:  93% (24172/25991), 16.75 MiB | 6.29 MiB/s
Receiving objects:  94% (24432/25991), 16.75 MiB | 6.29 MiB/s
Receiving objects:  95% (24692/25991), 16.75 MiB | 6.29 MiB/s
Receiving objects:  96% (24952/25991), 16.75 MiB | 6.29 MiB/s
Receiving objects:  97% (25212/25991), 16.75 MiB | 6.29 MiB/s
Receiving objects:  98% (25472/25991), 16.75 MiB | 6.29 MiB/s
Receiving objects:  99% (25732/25991), 16.75 MiB | 6.29 MiB/s
remote: Total 25991 (delta 19786), reused 25976 (delta 19786)[K
Receiving objects: 100% (25991/25991), 16.75 MiB | 6.29 MiB/s
Receiving objects: 100% (25991/25991), 20.01 MiB | 6.76 MiB/s, done.
Resolving deltas:   0% (0/19786)
Resolving deltas:   1% (198/19786)
Resolving deltas:   2% (396/19786)
Resolving deltas:   3% (594/19786)
Resolving deltas:   4% (792/19786)
Resolving deltas:   5% (990/19786)
Resolving deltas:   6% (1188/19786)
Resolving deltas:   7% (1386/19786)
Resolving deltas:   8% (1583/19786)
Resolving deltas:   9% (1781/19786)
Resolving deltas:  10% (1979/19786)
Resolving deltas:  11% (2177/19786)
Resolving deltas:  12% (2375/19786)
Resolving deltas:  13% (2573/19786)
Resolving deltas:  14% (2771/19786)
Resolving deltas:  15% (2968/19786)
Resolving deltas:  16% (3166/19786)
Resolving deltas:  17% (3364/19786)
Resolving deltas:  18% (3562/19786)
Resolving deltas:  19% (3761/19786)
Resolving deltas:  20% (3958/19786)
Resolving deltas:  21% (4156/19786)
Resolving deltas:  22% (4353/19786)
Resolving deltas:  23% (4551/19786)
Resolving deltas:  24% (4750/19786)
Resolving deltas:  25% (4947/19786)
Resolving deltas:  26% (5145/19786)
Resolving deltas:  27% (5343/19786)
Resolving deltas:  28% (5541/19786)
Resolving deltas:  29% (5738/19786)
Resolving deltas:  30% (5936/19786)
Resolving deltas:  31% (6135/19786)
Resolving deltas:  32% (6332/19786)
Resolving deltas:  33% (6530/19786)
Resolving deltas:  34% (6728/19786)
Resolving deltas:  35% (6926/19786)
Resolving deltas:  36% (7123/19786)
Resolving deltas:  37% (7322/19786)
Resolving deltas:  38% (7519/19786)
Resolving deltas:  39% (7717/19786)
Resolving deltas:  40% (7916/19786)
Resolving deltas:  41% (8113/19786)
Resolving deltas:  42% (8311/19786)
Resolving deltas:  43% (8508/19786)
Resolving deltas:  44% (8706/19786)
Resolving deltas:  45% (8904/19786)
Resolving deltas:  46% (9102/19786)
Resolving deltas:  47% (9300/19786)
Resolving deltas:  48% (9498/19786)
Resolving deltas:  49% (9696/19786)
Resolving deltas:  50% (9893/19786)
Resolving deltas:  51% (10091/19786)
Resolving deltas:  52% (10289/19786)
Resolving deltas:  53% (10487/19786)
Resolving deltas:  54% (10685/19786)
Resolving deltas:  55% (10883/19786)
Resolving deltas:  56% (11081/19786)
Resolving deltas:  57% (11279/19786)
Resolving deltas:  58% (11476/19786)
Resolving deltas:  59% (11674/19786)
Resolving deltas:  60% (11872/19786)
Resolving deltas:  61% (12070/19786)
Resolving deltas:  62% (12268/19786)
Resolving deltas:  63% (12466/19786)
Resolving deltas:  63% (12600/19786)
Resolving deltas:  64% (12664/19786)
Resolving deltas:  65% (12861/19786)
Resolving deltas:  66% (13059/19786)
Resolving deltas:  67% (13258/19786)
Resolving deltas:  68% (13455/19786)
Resolving deltas:  69% (13653/19786)
Resolving deltas:  70% (13851/19786)
Resolving deltas:  71% (14049/19786)
Resolving deltas:  72% (14246/19786)
Resolving deltas:  73% (14444/19786)
Resolving deltas:  74% (14642/19786)
Resolving deltas:  75% (14840/19786)
Resolving deltas:  76% (15038/19786)
Resolving deltas:  77% (15236/19786)
Resolving deltas:  78% (15434/19786)
Resolving deltas:  79% (15631/19786)
Resolving deltas:  80% (15829/19786)
Resolving deltas:  81% (16027/19786)
Resolving deltas:  82% (16225/19786)
Resolving deltas:  83% (16423/19786)
Resolving deltas:  84% (16621/19786)
Resolving deltas:  85% (16819/19786)
Resolving deltas:  86% (17016/19786)
Resolving deltas:  87% (17214/19786)
Resolving deltas:  88% (17412/19786)
Resolving deltas:  88% (17437/19786)
Resolving deltas:  89% (17610/19786)
Resolving deltas:  90% (17808/19786)
Resolving deltas:  91% (18006/19786)
Resolving deltas:  92% (18204/19786)
Resolving deltas:  93% (18401/19786)
Resolving deltas:  94% (18599/19786)
Resolving deltas:  95% (18797/19786)
Resolving deltas:  96% (18995/19786)
Resolving deltas:  97% (19193/19786)
Resolving deltas:  98% (19391/19786)
Resolving deltas:  99% (19589/19786)
Resolving deltas: 100% (19786/19786)
Resolving deltas: 100% (19786/19786), done.
HEAD is now at 500f4565 For for ARM32 build when built with __SOFTFP__
Applying diff file "libyuv/0004-CMakeLists.txt-Do-not-enable-NEON-for-armel-armhf.patch"

Executing subproject [1mlibyuv[0m method [1mcmake[0m 

libyuv| Found CMake: [1m/usr/bin/cmake[0m (3.28.3)

| Configuring the build directory with [1mCMake[0m version [1;36m3.28.3[0m
| [1mRunning CMake with:[0m -G Ninja -DCMAKE_INSTALL_PREFIX=/home/isc/tk2_ws/install/libcamera -DCMAKE_POSITION_INDEPENDENT_CODE=ON
| [1m  - build directory:         [0m /home/isc/tk2_ws/build/libcamera/subprojects/libyuv/__CMake_build
| [1m  - source directory:        [0m /home/isc/tk2_ws/src/libcamera/subprojects/libyuv
| [1m  - toolchain file:          [0m /home/isc/tk2_ws/build/libcamera/subprojects/libyuv/__CMake_build/CMakeMesonToolchainFile.cmake
| [1m  - preload file:            [0m /usr/lib/python3/dist-packages/mesonbuild/cmake/data/preload.cmake
| [1m  - trace args:              [0m --trace-expand --trace-format=json-v1 --no-warn-unused-cli --trace-redirect=cmake_trace.txt
| [1m  - disabled policy warnings:[0m [CMP0025, CMP0047, CMP0056, CMP0060, CMP0065, CMP0066, CMP0067, CMP0082, CMP0089, CMP0102]

| Put cmake in trace mode, but with variables expanded.
| Put cmake in trace mode and sets the trace output format.
| Not searching for unused variables given on the command line.
| Put cmake in trace mode and redirect trace output to a file instead of stderr.
| Trace will be written to cmake_trace.txt
| -- The C compiler identification is GNU 13.3.0
| -- The CXX compiler identification is GNU 13.3.0
| CMake Warning (dev) at /usr/share/cmake-3.28/Modules/CMakeFindBinUtils.cmake:224 (find_program):
| Policy CMP0126 is not set: set(CACHE) does not remove a normal variable of
| the same name.  Run "cmake --help-policy CMP0126" for policy details.  Use
| the cmake_policy command to set the policy and suppress this warning.

| For compatibility with older versions of CMake, normal variable
| "CMAKE_TAPI" will be removed from the current scope.
| Call Stack (most recent call first):
| /usr/share/cmake-3.28/Modules/CMakeDetermineCXXCompiler.cmake:202 (include)
| CMakeLists.txt:6 (project)
| This warning is for project developers.  Use -Wno-dev to suppress it.

| -- Detecting C compiler ABI info
| -- Detecting C compiler ABI info - done
| -- Check for working C compiler: /usr/bin/cc - skipped
| -- Detecting C compile features
| -- Detecting C compile features - done
| -- Detecting CXX compiler ABI info
| -- Detecting CXX compiler ABI info - done
| -- Check for working CXX compiler: /usr/bin/c++ - skipped
| -- Detecting CXX compile features
| -- Detecting CXX compile features - done
| -- Performing Test CAN_COMPILE_SME
| -- Performing Test CAN_COMPILE_SME - Failed
| -- Found JPEG: /usr/lib/aarch64-linux-gnu/libjpeg.so (found version "80")
| -- Configuring done (2.6s)
| -- Generating done (0.0s)
| -- Build files have been written to: /home/isc/tk2_ws/build/libcamera/subprojects/libyuv/__CMake_build

libyuv| CMake configuration: [1;32mSUCCEEDED[0m
libyuv| CMake project [1mYUV[0m has [1m8[0m build targets.
libyuv| Generated Meson AST: /home/isc/tk2_ws/build/libcamera/subprojects/libyuv/meson.build
libyuv| Project name: [1mYUV[0m
libyuv| Project version: [1mundefined[0m
libyuv| C compiler for the host machine: [1mcc[0m (gcc 13.3.0 "cc (Ubuntu 13.3.0-6ubuntu2~24.04.1) 13.3.0")
libyuv| C linker for the host machine: [1mcc[0m ld.bfd 2.42
libyuv| C++ compiler for the host machine: [1mc++[0m (gcc 13.3.0 "c++ (Ubuntu 13.3.0-6ubuntu2~24.04.1) 13.3.0")
libyuv| C++ linker for the host machine: [1mc++[0m ld.bfd 2.42
libyuv| [1;33mWARNING:[0m extract_all_objects called without setting recursive
libyuv| keyword argument. Meson currently defaults to
libyuv| non-recursive to maintain backward compatibility but
libyuv| the default will be changed in the future.

libyuv| [1;33mWARNING:[0m extract_all_objects called without setting recursive
libyuv| keyword argument. Meson currently defaults to
libyuv| non-recursive to maintain backward compatibility but
libyuv| the default will be changed in the future.

libyuv| [1;33mWARNING:[0m extract_all_objects called without setting recursive
libyuv| keyword argument. Meson currently defaults to
libyuv| non-recursive to maintain backward compatibility but
libyuv| the default will be changed in the future.

libyuv| [1;33mWARNING:[0m extract_all_objects called without setting recursive
libyuv| keyword argument. Meson currently defaults to
libyuv| non-recursive to maintain backward compatibility but
libyuv| the default will be changed in the future.

libyuv| [1;33mWARNING:[0m extract_all_objects called without setting recursive
libyuv| keyword argument. Meson currently defaults to
libyuv| non-recursive to maintain backward compatibility but
libyuv| the default will be changed in the future.

libyuv| [1;33mWARNING:[0m extract_all_objects called without setting recursive
libyuv| keyword argument. Meson currently defaults to
libyuv| non-recursive to maintain backward compatibility but
libyuv| the default will be changed in the future.

libyuv| Build targets in project: [1m36[0m
libyuv| Subproject [1mlibyuv[0m finished.

[1;33mWARNING:[0m Build target libyuv-static has no sources. This was never supposed to be allowed but did because of a bug, support will be removed in a future release of Meson
Library [1matomic[0m found: [1;32mYES[0m
Run-time dependency [1mthreads[0m found: [1;32mYES[0m
Run-time dependency [1mlibdw[0m found: [1;31mNO[0m (tried pkgconfig and cmake)
Run-time dependency [1mlibunwind[0m found: [1;31mNO[0m (tried pkgconfig and cmake)
Header "[1mexecinfo.h[0m" has symbol "[1mbacktrace[0m" : [1;32mYES[0m 
Library [1mrt[0m found: [1;32mYES[0m
Run-time dependency [1mlibpisp[0m found: [1;31mNO[0m (tried pkgconfig and cmake)
Looking for a fallback subproject for the dependency [1mlibpisp[0m
Cloning into 'libpisp'...
remote: Enumerating objects: 109, done.[K
remote: Counting objects:   0% (1/109)[K
remote: Counting objects:   1% (2/109)[K
remote: Counting objects:   2% (3/109)[K
remote: Counting objects:   3% (4/109)[K
remote: Counting objects:   4% (5/109)[K
remote: Counting objects:   5% (6/109)[K
remote: Counting objects:   6% (7/109)[K
remote: Counting objects:   7% (8/109)[K
remote: Counting objects:   8% (9/109)[K
remote: Counting objects:   9% (10/109)[K
remote: Counting objects:  10% (11/109)[K
remote: Counting objects:  11% (12/109)[K
remote: Counting objects:  12% (14/109)[K
remote: Counting objects:  13% (15/109)[K
remote: Counting objects:  14% (16/109)[K
remote: Counting objects:  15% (17/109)[K
remote: Counting objects:  16% (18/109)[K
remote: Counting objects:  17% (19/109)[K
remote: Counting objects:  18% (20/109)[K
remote: Counting objects:  19% (21/109)[K
remote: Counting objects:  20% (22/109)[K
remote: Counting objects:  21% (23/109)[K
remote: Counting objects:  22% (24/109)[K
remote: Counting objects:  23% (26/109)[K
remote: Counting objects:  24% (27/109)[K
remote: Counting objects:  25% (28/109)[K
remote: Counting objects:  26% (29/109)[K
remote: Counting objects:  27% (30/109)[K
remote: Counting objects:  28% (31/109)[K
remote: Counting objects:  29% (32/109)[K
remote: Counting objects:  30% (33/109)[K
remote: Counting objects:  31% (34/109)[K
remote: Counting objects:  32% (35/109)[K
remote: Counting objects:  33% (36/109)[K
remote: Counting objects:  34% (38/109)[K
remote: Counting objects:  35% (39/109)[K
remote: Counting objects:  36% (40/109)[K
remote: Counting objects:  37% (41/109)[K
remote: Counting objects:  38% (42/109)[K
remote: Counting objects:  39% (43/109)[K
remote: Counting objects:  40% (44/109)[K
remote: Counting objects:  41% (45/109)[K
remote: Counting objects:  42% (46/109)[K
remote: Counting objects:  43% (47/109)[K
remote: Counting objects:  44% (48/109)[K
remote: Counting objects:  45% (50/109)[K
remote: Counting objects:  46% (51/109)[K
remote: Counting objects:  47% (52/109)[K
remote: Counting objects:  48% (53/109)[K
remote: Counting objects:  49% (54/109)[K
remote: Counting objects:  50% (55/109)[K
remote: Counting objects:  51% (56/109)[K
remote: Counting objects:  52% (57/109)[K
remote: Counting objects:  53% (58/109)[K
remote: Counting objects:  54% (59/109)[K
remote: Counting objects:  55% (60/109)[K
remote: Counting objects:  56% (62/109)[K
remote: Counting objects:  57% (63/109)[K
remote: Counting objects:  58% (64/109)[K
remote: Counting objects:  59% (65/109)[K
remote: Counting objects:  60% (66/109)[K
remote: Counting objects:  61% (67/109)[K
remote: Counting objects:  62% (68/109)[K
remote: Counting objects:  63% (69/109)[K
remote: Counting objects:  64% (70/109)[K
remote: Counting objects:  65% (71/109)[K
remote: Counting objects:  66% (72/109)[K
remote: Counting objects:  67% (74/109)[K
remote: Counting objects:  68% (75/109)[K
remote: Counting objects:  69% (76/109)[K
remote: Counting objects:  70% (77/109)[K
remote: Counting objects:  71% (78/109)[K
remote: Counting objects:  72% (79/109)[K
remote: Counting objects:  73% (80/109)[K
remote: Counting objects:  74% (81/109)[K
remote: Counting objects:  75% (82/109)[K
remote: Counting objects:  76% (83/109)[K
remote: Counting objects:  77% (84/109)[K
remote: Counting objects:  78% (86/109)[K
remote: Counting objects:  79% (87/109)[K
remote: Counting objects:  80% (88/109)[K
remote: Counting objects:  81% (89/109)[K
remote: Counting objects:  82% (90/109)[K
remote: Counting objects:  83% (91/109)[K
remote: Counting objects:  84% (92/109)[K
remote: Counting objects:  85% (93/109)[K
remote: Counting objects:  86% (94/109)[K
remote: Counting objects:  87% (95/109)[K
remote: Counting objects:  88% (96/109)[K
remote: Counting objects:  89% (98/109)[K
remote: Counting objects:  90% (99/109)[K
remote: Counting objects:  91% (100/109)[K
remote: Counting objects:  92% (101/109)[K
remote: Counting objects:  93% (102/109)[K
remote: Counting objects:  94% (103/109)[K
remote: Counting objects:  95% (104/109)[K
remote: Counting objects:  96% (105/109)[K
remote: Counting objects:  97% (106/109)[K
remote: Counting objects:  98% (107/109)[K
remote: Counting objects:  99% (108/109)[K
remote: Counting objects: 100% (109/109)[K
remote: Counting objects: 100% (109/109), done.[K
remote: Compressing objects:   0% (1/102)[K
remote: Compressing objects:   1% (2/102)[K
remote: Compressing objects:   2% (3/102)[K
remote: Compressing objects:   3% (4/102)[K
remote: Compressing objects:   4% (5/102)[K
remote: Compressing objects:   5% (6/102)[K
remote: Compressing objects:   6% (7/102)[K
remote: Compressing objects:   7% (8/102)[K
remote: Compressing objects:   8% (9/102)[K
remote: Compressing objects:   9% (10/102)[K
remote: Compressing objects:  10% (11/102)[K
remote: Compressing objects:  11% (12/102)[K
remote: Compressing objects:  12% (13/102)[K
remote: Compressing objects:  13% (14/102)[K
remote: Compressing objects:  14% (15/102)[K
remote: Compressing objects:  15% (16/102)[K
remote: Compressing objects:  16% (17/102)[K
remote: Compressing objects:  17% (18/102)[K
remote: Compressing objects:  18% (19/102)[K
remote: Compressing objects:  19% (20/102)[K
remote: Compressing objects:  20% (21/102)[K
remote: Compressing objects:  21% (22/102)[K
remote: Compressing objects:  22% (23/102)[K
remote: Compressing objects:  23% (24/102)[K
remote: Compressing objects:  24% (25/102)[K
remote: Compressing objects:  25% (26/102)[K
remote: Compressing objects:  26% (27/102)[K
remote: Compressing objects:  27% (28/102)[K
remote: Compressing objects:  28% (29/102)[K
remote: Compressing objects:  29% (30/102)[K
remote: Compressing objects:  30% (31/102)[K
remote: Compressing objects:  31% (32/102)[K
remote: Compressing objects:  32% (33/102)[K
remote: Compressing objects:  33% (34/102)[K
remote: Compressing objects:  34% (35/102)[K
remote: Compressing objects:  35% (36/102)[K
remote: Compressing objects:  36% (37/102)[K
remote: Compressing objects:  37% (38/102)[K
remote: Compressing objects:  38% (39/102)[K
remote: Compressing objects:  39% (40/102)[K
remote: Compressing objects:  40% (41/102)[K
remote: Compressing objects:  41% (42/102)[K
remote: Compressing objects:  42% (43/102)[K
remote: Compressing objects:  43% (44/102)[K
remote: Compressing objects:  44% (45/102)[K
remote: Compressing objects:  45% (46/102)[K
remote: Compressing objects:  46% (47/102)[K
remote: Compressing objects:  47% (48/102)[K
remote: Compressing objects:  48% (49/102)[K
remote: Compressing objects:  49% (50/102)[K
remote: Compressing objects:  50% (51/102)[K
remote: Compressing objects:  51% (53/102)[K
remote: Compressing objects:  52% (54/102)[K
remote: Compressing objects:  53% (55/102)[K
remote: Compressing objects:  54% (56/102)[K
remote: Compressing objects:  55% (57/102)[K
remote: Compressing objects:  56% (58/102)[K
remote: Compressing objects:  57% (59/102)[K
remote: Compressing objects:  58% (60/102)[K
remote: Compressing objects:  59% (61/102)[K
remote: Compressing objects:  60% (62/102)[K
remote: Compressing objects:  61% (63/102)[K
remote: Compressing objects:  62% (64/102)[K
remote: Compressing objects:  63% (65/102)[K
remote: Compressing objects:  64% (66/102)[K
remote: Compressing objects:  65% (67/102)[K
remote: Compressing objects:  66% (68/102)[K
remote: Compressing objects:  67% (69/102)[K
remote: Compressing objects:  68% (70/102)[K
remote: Compressing objects:  69% (71/102)[K
remote: Compressing objects:  70% (72/102)[K
remote: Compressing objects:  71% (73/102)[K
remote: Compressing objects:  72% (74/102)[K
remote: Compressing objects:  73% (75/102)[K
remote: Compressing objects:  74% (76/102)[K
remote: Compressing objects:  75% (77/102)[K
remote: Compressing objects:  76% (78/102)[K
remote: Compressing objects:  77% (79/102)[K
remote: Compressing objects:  78% (80/102)[K
remote: Compressing objects:  79% (81/102)[K
remote: Compressing objects:  80% (82/102)[K
remote: Compressing objects:  81% (83/102)[K
remote: Compressing objects:  82% (84/102)[K
remote: Compressing objects:  83% (85/102)[K
remote: Compressing objects:  84% (86/102)[K
remote: Compressing objects:  85% (87/102)[K
remote: Compressing objects:  86% (88/102)[K
remote: Compressing objects:  87% (89/102)[K
remote: Compressing objects:  88% (90/102)[K
remote: Compressing objects:  89% (91/102)[K
remote: Compressing objects:  90% (92/102)[K
remote: Compressing objects:  91% (93/102)[K
remote: Compressing objects:  92% (94/102)[K
remote: Compressing objects:  93% (95/102)[K
remote: Compressing objects:  94% (96/102)[K
remote: Compressing objects:  95% (97/102)[K
remote: Compressing objects:  96% (98/102)[K
remote: Compressing objects:  97% (99/102)[K
remote: Compressing objects:  98% (100/102)[K
remote: Compressing objects:  99% (101/102)[K
remote: Compressing objects: 100% (102/102)[K
remote: Compressing objects: 100% (102/102), done.[K
Receiving objects:   0% (1/109)
Receiving objects:   1% (2/109)
Receiving objects:   2% (3/109)
Receiving objects:   3% (4/109)
Receiving objects:   4% (5/109)
Receiving objects:   5% (6/109)
Receiving objects:   6% (7/109)
Receiving objects:   7% (8/109)
Receiving objects:   8% (9/109)
Receiving objects:   9% (10/109)
Receiving objects:  10% (11/109)
Receiving objects:  11% (12/109)
Receiving objects:  12% (14/109)
Receiving objects:  13% (15/109)
Receiving objects:  14% (16/109)
Receiving objects:  15% (17/109)
Receiving objects:  16% (18/109)
Receiving objects:  17% (19/109)
Receiving objects:  18% (20/109)
Receiving objects:  19% (21/109)
Receiving objects:  20% (22/109)
Receiving objects:  21% (23/109)
Receiving objects:  22% (24/109)
Receiving objects:  23% (26/109)
Receiving objects:  24% (27/109)
Receiving objects:  25% (28/109)
Receiving objects:  26% (29/109)
Receiving objects:  27% (30/109)
Receiving objects:  28% (31/109)
Receiving objects:  29% (32/109)
Receiving objects:  30% (33/109)
Receiving objects:  31% (34/109)
Receiving objects:  32% (35/109)
Receiving objects:  33% (36/109)
Receiving objects:  34% (38/109)
Receiving objects:  35% (39/109)
Receiving objects:  36% (40/109)
Receiving objects:  37% (41/109)
Receiving objects:  38% (42/109)
Receiving objects:  39% (43/109)
Receiving objects:  40% (44/109)
Receiving objects:  41% (45/109)
Receiving objects:  42% (46/109)
Receiving objects:  43% (47/109)
Receiving objects:  44% (48/109)
Receiving objects:  45% (50/109)
Receiving objects:  46% (51/109)
Receiving objects:  47% (52/109)
Receiving objects:  48% (53/109)
Receiving objects:  49% (54/109)
Receiving objects:  50% (55/109)
Receiving objects:  51% (56/109)
Receiving objects:  52% (57/109)
Receiving objects:  53% (58/109)
Receiving objects:  54% (59/109)
Receiving objects:  55% (60/109)
Receiving objects:  56% (62/109)
Receiving objects:  57% (63/109)
Receiving objects:  58% (64/109)
Receiving objects:  59% (65/109)
Receiving objects:  60% (66/109)
Receiving objects:  61% (67/109)
Receiving objects:  62% (68/109)
Receiving objects:  63% (69/109)
Receiving objects:  64% (70/109)
Receiving objects:  65% (71/109)
Receiving objects:  66% (72/109)
Receiving objects:  67% (74/109)
Receiving objects:  68% (75/109)
Receiving objects:  69% (76/109)
Receiving objects:  70% (77/109)
Receiving objects:  71% (78/109)
Receiving objects:  72% (79/109)
Receiving objects:  73% (80/109)
Receiving objects:  74% (81/109)
Receiving objects:  75% (82/109)
Receiving objects:  76% (83/109)
Receiving objects:  77% (84/109)
remote: Total 109 (delta 5), reused 75 (delta 4), pack-reused 0 (from 0)[K
Receiving objects:  78% (86/109)
Receiving objects:  79% (87/109)
Receiving objects:  80% (88/109)
Receiving objects:  81% (89/109)
Receiving objects:  82% (90/109)
Receiving objects:  83% (91/109)
Receiving objects:  84% (92/109)
Receiving objects:  85% (93/109)
Receiving objects:  86% (94/109)
Receiving objects:  87% (95/109)
Receiving objects:  88% (96/109)
Receiving objects:  89% (98/109)
Receiving objects:  90% (99/109)
Receiving objects:  91% (100/109)
Receiving objects:  92% (101/109)
Receiving objects:  93% (102/109)
Receiving objects:  94% (103/109)
Receiving objects:  95% (104/109)
Receiving objects:  96% (105/109)
Receiving objects:  97% (106/109)
Receiving objects:  98% (107/109)
Receiving objects:  99% (108/109)
Receiving objects: 100% (109/109)
Receiving objects: 100% (109/109), 128.73 KiB | 1.38 MiB/s, done.
Resolving deltas:   0% (0/5)
Resolving deltas:  20% (1/5)
Resolving deltas:  40% (2/5)
Resolving deltas:  60% (3/5)
Resolving deltas:  80% (4/5)
Resolving deltas: 100% (5/5)
Resolving deltas: 100% (5/5), done.

Executing subproject [1mlibpisp[0m 

libpisp| Project name: [1mlibpisp[0m
libpisp| Project version: [1m1.5.0[0m
libpisp| C compiler for the host machine: [1mcc[0m (gcc 13.3.0 "cc (Ubuntu 13.3.0-6ubuntu2~24.04.1) 13.3.0")
libpisp| C linker for the host machine: [1mcc[0m ld.bfd 2.42
libpisp| C++ compiler for the host machine: [1mc++[0m (gcc 13.3.0 "c++ (Ubuntu 13.3.0-6ubuntu2~24.04.1) 13.3.0")
libpisp| C++ linker for the host machine: [1mc++[0m ld.bfd 2.42
libpisp| Configuring [1mpisp_build_config.h[0m using configuration
libpisp| Run-time dependency [1mnlohmann_json[0m found: [1;31mNO[0m (tried pkgconfig and cmake)
libpisp| Looking for a fallback subproject for the dependency [1mnlohmann_json[0m
libpisp| Using [1msubprojects/libpisp/subprojects/nlohmann_json.wrap[0m
libpisp| Downloading [1mnlohmann_json[0m source from [1mhttps://github.com/nlohmann/json/releases/download/v3.12.0/include.zip[0m
Download size: 309160
Downloading: ..........

Executing subproject [1mlibpisp:nlohmann_json[0m

nlohmann_json| Project name: [1mnlohmann_json[0m
nlohmann_json| Project version: [1m3.12.0[0m
nlohmann_json| C++ compiler for the host machine: [1mc++[0m (gcc 13.3.0 "c++ (Ubuntu 13.3.0-6ubuntu2~24.04.1) 13.3.0")
nlohmann_json| C++ linker for the host machine: [1mc++[0m ld.bfd 2.42
nlohmann_json| Build targets in project: [1m46[0m
nlohmann_json| Subproject [1mnlohmann_json[0m finished.

libpisp| Dependency [1mnlohmann_json[0m from subproject [1msubprojects/nlohmann_json-3.12.0[0m found: [1;32mYES[0m [36m3.12.0[0m
libpisp| Dependency [1mthreads[0m found: [1;32mYES[0m [36munknown[0m [1;34m(cached)[0m
libpisp| Library [1mdl[0m found: [1;32mYES[0m
libpisp| Run-time dependency [1mBoost[0m (found: log, log_setup, system, thread) found: [1;32mYES[0m [36m1.83.0[0m (/usr)
libpisp| Dependency [1mgstreamer-1.0[0m skipped: feature [1mgstreamer[0m disabled
libpisp| Dependency [1mgstreamer-base-1.0[0m skipped: feature [1mgstreamer[0m disabled
libpisp| Dependency [1mgstreamer-video-1.0[0m skipped: feature [1mgstreamer[0m disabled
libpisp| Dependency [1mgstreamer-allocators-1.0[0m skipped: feature [1mgstreamer[0m disabled
libpisp| Build targets in project: [1m48[0m
libpisp| Subproject [1mlibpisp[0m finished.

Dependency [1mlibpisp[0m from subproject [1msubprojects/libpisp[0m found: [1;32mYES[0m [36m1.5.0[0m
Run-time dependency [1megl[0m found: [1;32mYES[0m [36m1.5[0m
Run-time dependency [1mglesv2[0m found: [1;32mYES[0m [36m3.2[0m
Check usable header "[1mEGL/egl.h[0m" with dependency egl: [1;32mYES[0m 
Run-time dependency [1mdl[0m found: [1;32mYES[0m
Run-time dependency [1mlibudev[0m found: [1;32mYES[0m [36m255[0m
Run-time dependency [1myaml-0.1[0m found: [1;32mYES[0m [36m0.2.5[0m
Run-time dependency [1mgnutls[0m found: [1;31mNO[0m (tried pkgconfig and cmake)
Run-time dependency [1mlibcrypto[0m found: [1;32mYES[0m [36m3.0.13[0m
Header "[1muchar.h[0m" has symbol "[1mmbrtoc16[0m" skipped: feature [1mandroid[0m disabled
Run-time dependency [1mtensorflow-lite[0m found: [1;31mNO[0m (tried pkgconfig and cmake)
Run-time dependency [1mlibevent_pthreads[0m found: [1;32mYES[0m [36m2.1.12-stable[0m
Run-time dependency [1mlibtiff-4[0m found: [1;32mYES[0m [36m4.5.1[0m
Run-time dependency [1mGTest[0m found: [1;32mYES[0m [36m1.14.0[0m
Run-time dependency [1mlibdrm[0m found: [1;32mYES[0m [36m2.4.125[0m
Run-time dependency [1msdl2[0m found: [1;32mYES[0m [36m2.30.0[0m
Dependency [1mlibjpeg[0m found: [1;32mYES[0m [36m2.1.5[0m [1;34m(cached)[0m
Run-time dependency [1mqt6[0m (modules: Core, Gui, OpenGL, OpenGLWidgets, Widgets) found: [1;31mNO[0m (tried pkgconfig)
Run-time dependency [1mglib-2.0[0m found: [1;32mYES[0m [36m2.80.0[0m
Run-time dependency [1mgstreamer-video-1.0[0m found: [1;31mNO[0m (tried pkgconfig and cmake)
Run-time dependency [1mgstreamer-allocators-1.0[0m found: [1;31mNO[0m (tried pkgconfig and cmake)
Program python3 found: [1;32mYES[0m (/usr/bin/python3)
Run-time dependency [1mpybind11[0m found: [1;32mYES[0m [36m2.11.1[0m
Run-time dependency [1mpython[0m found: [1;32mYES[0m [36m3.12[0m
Configuring [1mlibcamerify[0m using configuration
Program [1mdoxygen[0m found: [1;31mNO[0m
Program [1mdot[0m found: [1;32mYES[0m (/usr/bin/dot)
Program [1msphinx-build-3 sphinx-build[0m found: [1;31mNO[0m
Configuring [1mconfig.h[0m using configuration

../../src/libcamera/meson.build:291:8: [1;31mERROR:[0m Problem encountered: Python module 'ply' not found

A full log can be found at [1m/home/isc/tk2_ws/build/libcamera/meson-logs/meson-log.txt[0m
