[0.059s] Invoking command in '/home/isc/tk2_ws/build/libcamera': /usr/bin/meson setup --libdir=lib --prefix=/home/isc/tk2_ws/install/libcamera --buildtype=release /home/isc/tk2_ws/build/libcamera /home/isc/tk2_ws/src/libcamera
[1.069s] [1mThe Meson build system[0m
[1.070s] Version: 1.3.2
[1.070s] Source dir: [1m/home/isc/tk2_ws/src/libcamera[0m
[1.071s] Build dir: [1m/home/isc/tk2_ws/build/libcamera[0m
[1.071s] Build type: [1mnative build[0m
[1.160s] Project name: [1mlibcamera[0m
[1.160s] Project version: [1m0.7.2[0m
[1.468s] C compiler for the host machine: [1mcc[0m (gcc 13.3.0 "cc (Ubuntu 13.3.0-6ubuntu2~24.04.1) 13.3.0")
[1.469s] C linker for the host machine: [1mcc[0m ld.bfd 2.42
[1.815s] C++ compiler for the host machine: [1mc++[0m (gcc 13.3.0 "c++ (Ubuntu 13.3.0-6ubuntu2~24.04.1) 13.3.0")
[1.815s] C++ linker for the host machine: [1mc++[0m ld.bfd 2.42
[2.431s] Host machine cpu family: [1maarch64[0m
[2.432s] Host machine cpu: [1maarch64[0m
[2.863s] Header "[1munistd.h[0m" has symbol "[1mclose_range[0m" : [1;32mYES[0m 
[2.972s] Header "[1mfcntl.h[0m" has symbol "[1mF_ADD_SEALS[0m" : [1;32mYES[0m 
[3.070s] Header "[1munistd.h[0m" has symbol "[1missetugid[0m" : [1;31mNO[0m 
[3.162s] Header "[1mlocale.h[0m" has symbol "[1mlocale_t[0m" : [1;32mYES[0m 
[3.255s] Header "[1msys/mman.h[0m" has symbol "[1mmemfd_create[0m" : [1;32mYES[0m 
[3.412s] Header "[1mstdlib.h[0m" has symbol "[1msecure_getenv[0m" : [1;32mYES[0m 
[3.668s] Header "[1mversion[0m" has symbol "[1m_LIBCPP_VERSION[0m" : [1;31mNO[0m 
[3.755s] Header "[1mversion[0m" has symbol "[1m__GLIBCXX__[0m" : [1;32mYES[0m 
[3.756s] [1mMessage:[0m Detected C++ standard library: libstdc++
[3.795s] Compiler for C supports arguments -Wno-c99-designator: [1;31mNO[0m 
[3.833s] Found pkg-config: [1;32mYES[0m [1m(/usr/bin/pkg-config)[0m [1;34m1.8.1[0m
[4.488s] Run-time dependency [1mlttng-ust[0m found: [1;32mYES[0m [36m2.13.7[0m
[4.530s] Program [1m./parser.py[0m found: [1;32mYES[0m (/home/isc/tk2_ws/src/libcamera/utils/codegen/ipc/./parser.py)
[4.531s] Program [1m./generate.py[0m found: [1;32mYES[0m (/home/isc/tk2_ws/src/libcamera/utils/codegen/ipc/./generate.py)
[4.531s] Program [1m./extract-docs.py[0m found: [1;32mYES[0m (/home/isc/tk2_ws/src/libcamera/utils/codegen/ipc/./extract-docs.py)
[4.800s] Configuring [1mversion.h[0m using configuration
[4.825s] Program [1mopenssl[0m found: [1;32mYES[0m (/usr/bin/openssl)
[5.039s] Found CMake: [1m/usr/bin/cmake[0m (3.28.3)
[7.698s] Run-time dependency [1mlibyuv[0m found: [1;31mNO[0m (tried pkgconfig and cmake)
[7.746s] Has header "[1mlibyuv.h[0m" : [1;31mNO[0m 
[7.783s] Run-time dependency [1mlibjpeg[0m found: [1;32mYES[0m [36m2.1.5[0m
[7.794s] Cloning into 'libyuv'...
[8.436s] remote: Sending approximately 20.35 MiB ...Counting objects: 1   [K
[8.438s] remote: Finding sources:   3% (1/32)   [K
[8.439s] remote: Finding sources:   6% (2/32)   [K
[8.440s] remote: Finding sources:   9% (3/32)   [K
[8.441s] remote: Finding sources:  13% (4/32)   [K
[8.442s] remote: Finding sources:  16% (5/32)   [K
[8.442s] remote: Finding sources:  19% (6/32)   [K
[8.443s] remote: Finding sources:  22% (7/32)   [K
[8.443s] remote: Finding sources:  25% (8/32)   [K
[8.444s] remote: Finding sources:  28% (9/32)   [K
[8.445s] remote: Finding sources:  31% (10/32)   [K
[8.445s] remote: Finding sources:  34% (11/32)   [K
[8.446s] remote: Finding sources:  38% (12/32)   [K
[8.446s] remote: Finding sources:  41% (13/32)   [K
[8.447s] remote: Finding sources:  44% (14/32)   [K
[8.447s] remote: Finding sources:  47% (15/32)   [K
[8.448s] remote: Finding sources:  50% (16/32)   [K
[8.448s] remote: Finding sources:  53% (17/32)   [K
[8.449s] remote: Finding sources:  56% (18/32)   [K
[8.449s] remote: Finding sources:  59% (19/32)   [K
[8.450s] remote: Finding sources:  63% (20/32)   [K
[8.450s] remote: Finding sources:  66% (21/32)   [K
[8.451s] remote: Finding sources:  69% (22/32)   [K
[8.451s] remote: Finding sources:  72% (23/32)   [K
[8.452s] remote: Finding sources:  75% (24/32)   [K
[8.452s] remote: Finding sources:  78% (25/32)   [K
[8.452s] remote: Finding sources:  81% (26/32)   [K
[8.453s] remote: Finding sources:  84% (27/32)   [K
[8.453s] remote: Finding sources:  88% (28/32)   [K
[8.454s] remote: Finding sources:  91% (29/32)   [K
[8.454s] remote: Finding sources:  94% (30/32)   [K
[8.454s] remote: Finding sources:  97% (31/32)   [K
[8.455s] remote: Finding sources: 100% (32/32)   [K
[8.455s] remote: Finding sources: 100% (32/32)[K
[8.562s] Receiving objects:   0% (1/25991)
[8.583s] Receiving objects:   1% (260/25991)
[8.598s] Receiving objects:   2% (520/25991)
[8.612s] Receiving objects:   3% (780/25991)
[8.623s] Receiving objects:   4% (1040/25991)
[8.632s] Receiving objects:   5% (1300/25991)
[8.640s] Receiving objects:   6% (1560/25991)
[8.649s] Receiving objects:   7% (1820/25991)
[8.658s] Receiving objects:   8% (2080/25991)
[8.666s] Receiving objects:   9% (2340/25991)
[8.674s] Receiving objects:  10% (2600/25991)
[8.680s] Receiving objects:  11% (2860/25991)
[8.684s] Receiving objects:  12% (3119/25991)
[8.690s] Receiving objects:  13% (3379/25991)
[8.693s] Receiving objects:  14% (3639/25991)
[8.698s] Receiving objects:  15% (3899/25991)
[8.704s] Receiving objects:  16% (4159/25991)
[8.712s] Receiving objects:  17% (4419/25991)
[8.724s] Receiving objects:  18% (4679/25991)
[8.731s] Receiving objects:  19% (4939/25991)
[8.742s] Receiving objects:  20% (5199/25991)
[8.749s] Receiving objects:  21% (5459/25991)
[8.758s] Receiving objects:  22% (5719/25991)
[8.770s] Receiving objects:  23% (5978/25991)
[8.782s] Receiving objects:  24% (6238/25991)
[8.786s] Receiving objects:  25% (6498/25991)
[8.788s] Receiving objects:  26% (6758/25991)
[8.789s] Receiving objects:  27% (7018/25991)
[8.790s] Receiving objects:  28% (7278/25991)
[8.793s] Receiving objects:  29% (7538/25991)
[8.794s] Receiving objects:  30% (7798/25991)
[8.795s] Receiving objects:  31% (8058/25991)
[8.797s] Receiving objects:  32% (8318/25991)
[8.798s] Receiving objects:  33% (8578/25991)
[8.799s] Receiving objects:  34% (8837/25991)
[8.800s] Receiving objects:  35% (9097/25991)
[8.803s] Receiving objects:  36% (9357/25991)
[8.806s] Receiving objects:  37% (9617/25991)
[8.806s] Receiving objects:  38% (9877/25991)
[8.809s] Receiving objects:  39% (10137/25991)
[8.810s] Receiving objects:  40% (10397/25991)
[8.811s] Receiving objects:  41% (10657/25991)
[8.812s] Receiving objects:  42% (10917/25991)
[8.815s] Receiving objects:  43% (11177/25991)
[8.816s] Receiving objects:  44% (11437/25991)
[8.817s] Receiving objects:  45% (11696/25991)
[8.820s] Receiving objects:  46% (11956/25991)
[8.822s] Receiving objects:  47% (12216/25991)
[8.823s] Receiving objects:  48% (12476/25991)
[8.825s] Receiving objects:  49% (12736/25991)
[8.848s] Receiving objects:  50% (12996/25991)
[8.933s] Receiving objects:  51% (13256/25991)
[8.967s] Receiving objects:  52% (13516/25991)
[9.046s] Receiving objects:  53% (13776/25991)
[9.210s] Receiving objects:  54% (14036/25991), 4.13 MiB | 8.12 MiB/s
[9.450s] Receiving objects:  55% (14296/25991), 4.13 MiB | 8.12 MiB/s
[9.623s] Receiving objects:  56% (14555/25991), 4.13 MiB | 8.12 MiB/s
[9.749s] Receiving objects:  57% (14815/25991), 6.88 MiB | 6.82 MiB/s
[10.043s] Receiving objects:  58% (15075/25991), 6.88 MiB | 6.82 MiB/s
[10.136s] Receiving objects:  59% (15335/25991), 9.13 MiB | 6.05 MiB/s
[10.221s] Receiving objects:  60% (15595/25991), 9.13 MiB | 6.05 MiB/s
[10.295s] Receiving objects:  61% (15855/25991), 9.13 MiB | 6.05 MiB/s
[10.442s] Receiving objects:  62% (16115/25991), 9.13 MiB | 6.05 MiB/s
[10.448s] Receiving objects:  63% (16375/25991), 9.13 MiB | 6.05 MiB/s
[10.696s] Receiving objects:  63% (16392/25991), 9.13 MiB | 6.05 MiB/s
[10.859s] Receiving objects:  64% (16635/25991), 13.12 MiB | 6.17 MiB/s
[10.948s] Receiving objects:  65% (16895/25991), 13.12 MiB | 6.17 MiB/s
[11.165s] Receiving objects:  66% (17155/25991), 13.12 MiB | 6.17 MiB/s
[11.225s] Receiving objects:  67% (17414/25991), 16.75 MiB | 6.29 MiB/s
[11.302s] Receiving objects:  68% (17674/25991), 16.75 MiB | 6.29 MiB/s
[11.329s] Receiving objects:  69% (17934/25991), 16.75 MiB | 6.29 MiB/s
[11.336s] Receiving objects:  70% (18194/25991), 16.75 MiB | 6.29 MiB/s
[11.340s] Receiving objects:  71% (18454/25991), 16.75 MiB | 6.29 MiB/s
[11.341s] Receiving objects:  72% (18714/25991), 16.75 MiB | 6.29 MiB/s
[11.342s] Receiving objects:  73% (18974/25991), 16.75 MiB | 6.29 MiB/s
[11.344s] Receiving objects:  74% (19234/25991), 16.75 MiB | 6.29 MiB/s
[11.347s] Receiving objects:  75% (19494/25991), 16.75 MiB | 6.29 MiB/s
[11.354s] Receiving objects:  76% (19754/25991), 16.75 MiB | 6.29 MiB/s
[11.357s] Receiving objects:  77% (20014/25991), 16.75 MiB | 6.29 MiB/s
[11.359s] Receiving objects:  78% (20273/25991), 16.75 MiB | 6.29 MiB/s
[11.360s] Receiving objects:  79% (20533/25991), 16.75 MiB | 6.29 MiB/s
[11.363s] Receiving objects:  80% (20793/25991), 16.75 MiB | 6.29 MiB/s
[11.365s] Receiving objects:  81% (21053/25991), 16.75 MiB | 6.29 MiB/s
[11.367s] Receiving objects:  82% (21313/25991), 16.75 MiB | 6.29 MiB/s
[11.368s] Receiving objects:  83% (21573/25991), 16.75 MiB | 6.29 MiB/s
[11.371s] Receiving objects:  84% (21833/25991), 16.75 MiB | 6.29 MiB/s
[11.372s] Receiving objects:  85% (22093/25991), 16.75 MiB | 6.29 MiB/s
[11.376s] Receiving objects:  86% (22353/25991), 16.75 MiB | 6.29 MiB/s
[11.378s] Receiving objects:  87% (22613/25991), 16.75 MiB | 6.29 MiB/s
[11.379s] Receiving objects:  88% (22873/25991), 16.75 MiB | 6.29 MiB/s
[11.380s] Receiving objects:  89% (23132/25991), 16.75 MiB | 6.29 MiB/s
[11.382s] Receiving objects:  90% (23392/25991), 16.75 MiB | 6.29 MiB/s
[11.384s] Receiving objects:  91% (23652/25991), 16.75 MiB | 6.29 MiB/s
[11.386s] Receiving objects:  92% (23912/25991), 16.75 MiB | 6.29 MiB/s
[11.388s] Receiving objects:  93% (24172/25991), 16.75 MiB | 6.29 MiB/s
[11.389s] Receiving objects:  94% (24432/25991), 16.75 MiB | 6.29 MiB/s
[11.391s] Receiving objects:  95% (24692/25991), 16.75 MiB | 6.29 MiB/s
[11.395s] Receiving objects:  96% (24952/25991), 16.75 MiB | 6.29 MiB/s
[11.398s] Receiving objects:  97% (25212/25991), 16.75 MiB | 6.29 MiB/s
[11.401s] Receiving objects:  98% (25472/25991), 16.75 MiB | 6.29 MiB/s
[11.405s] Receiving objects:  99% (25732/25991), 16.75 MiB | 6.29 MiB/s
[11.406s] remote: Total 25991 (delta 19786), reused 25976 (delta 19786)[K
[11.410s] Receiving objects: 100% (25991/25991), 16.75 MiB | 6.29 MiB/s
[11.411s] Receiving objects: 100% (25991/25991), 20.01 MiB | 6.76 MiB/s, done.
[11.421s] Resolving deltas:   0% (0/19786)
[11.428s] Resolving deltas:   1% (198/19786)
[11.432s] Resolving deltas:   2% (396/19786)
[11.437s] Resolving deltas:   3% (594/19786)
[11.442s] Resolving deltas:   4% (792/19786)
[11.450s] Resolving deltas:   5% (990/19786)
[11.457s] Resolving deltas:   6% (1188/19786)
[11.463s] Resolving deltas:   7% (1386/19786)
[11.469s] Resolving deltas:   8% (1583/19786)
[11.475s] Resolving deltas:   9% (1781/19786)
[11.479s] Resolving deltas:  10% (1979/19786)
[11.482s] Resolving deltas:  11% (2177/19786)
[11.485s] Resolving deltas:  12% (2375/19786)
[11.487s] Resolving deltas:  13% (2573/19786)
[11.493s] Resolving deltas:  14% (2771/19786)
[11.496s] Resolving deltas:  15% (2968/19786)
[11.499s] Resolving deltas:  16% (3166/19786)
[11.502s] Resolving deltas:  17% (3364/19786)
[11.505s] Resolving deltas:  18% (3562/19786)
[11.508s] Resolving deltas:  19% (3761/19786)
[11.511s] Resolving deltas:  20% (3958/19786)
[11.515s] Resolving deltas:  21% (4156/19786)
[11.518s] Resolving deltas:  22% (4353/19786)
[11.520s] Resolving deltas:  23% (4551/19786)
[11.523s] Resolving deltas:  24% (4750/19786)
[11.525s] Resolving deltas:  25% (4947/19786)
[11.528s] Resolving deltas:  26% (5145/19786)
[11.531s] Resolving deltas:  27% (5343/19786)
[11.533s] Resolving deltas:  28% (5541/19786)
[11.535s] Resolving deltas:  29% (5738/19786)
[11.538s] Resolving deltas:  30% (5936/19786)
[11.541s] Resolving deltas:  31% (6135/19786)
[11.544s] Resolving deltas:  32% (6332/19786)
[11.547s] Resolving deltas:  33% (6530/19786)
[11.550s] Resolving deltas:  34% (6728/19786)
[11.553s] Resolving deltas:  35% (6926/19786)
[11.555s] Resolving deltas:  36% (7123/19786)
[11.558s] Resolving deltas:  37% (7322/19786)
[11.560s] Resolving deltas:  38% (7519/19786)
[11.563s] Resolving deltas:  39% (7717/19786)
[11.566s] Resolving deltas:  40% (7916/19786)
[11.569s] Resolving deltas:  41% (8113/19786)
[11.577s] Resolving deltas:  42% (8311/19786)
[11.616s] Resolving deltas:  43% (8508/19786)
[11.621s] Resolving deltas:  44% (8706/19786)
[11.629s] Resolving deltas:  45% (8904/19786)
[11.634s] Resolving deltas:  46% (9102/19786)
[11.637s] Resolving deltas:  47% (9300/19786)
[11.640s] Resolving deltas:  48% (9498/19786)
[11.641s] Resolving deltas:  49% (9696/19786)
[11.642s] Resolving deltas:  50% (9893/19786)
[11.645s] Resolving deltas:  51% (10091/19786)
[11.690s] Resolving deltas:  52% (10289/19786)
[11.752s] Resolving deltas:  53% (10487/19786)
[11.799s] Resolving deltas:  54% (10685/19786)
[11.854s] Resolving deltas:  55% (10883/19786)
[11.873s] Resolving deltas:  56% (11081/19786)
[11.976s] Resolving deltas:  57% (11279/19786)
[12.070s] Resolving deltas:  58% (11476/19786)
[12.185s] Resolving deltas:  59% (11674/19786)
[12.246s] Resolving deltas:  60% (11872/19786)
[12.266s] Resolving deltas:  61% (12070/19786)
[12.326s] Resolving deltas:  62% (12268/19786)
[12.414s] Resolving deltas:  63% (12466/19786)
[12.445s] Resolving deltas:  63% (12600/19786)
[12.533s] Resolving deltas:  64% (12664/19786)
[12.573s] Resolving deltas:  65% (12861/19786)
[12.575s] Resolving deltas:  66% (13059/19786)
[12.577s] Resolving deltas:  67% (13258/19786)
[12.579s] Resolving deltas:  68% (13455/19786)
[12.581s] Resolving deltas:  69% (13653/19786)
[12.583s] Resolving deltas:  70% (13851/19786)
[12.585s] Resolving deltas:  71% (14049/19786)
[12.629s] Resolving deltas:  72% (14246/19786)
[12.743s] Resolving deltas:  73% (14444/19786)
[12.836s] Resolving deltas:  74% (14642/19786)
[12.860s] Resolving deltas:  75% (14840/19786)
[12.950s] Resolving deltas:  76% (15038/19786)
[12.996s] Resolving deltas:  77% (15236/19786)
[13.060s] Resolving deltas:  78% (15434/19786)
[13.113s] Resolving deltas:  79% (15631/19786)
[13.177s] Resolving deltas:  80% (15829/19786)
[13.217s] Resolving deltas:  81% (16027/19786)
[13.240s] Resolving deltas:  82% (16225/19786)
[13.278s] Resolving deltas:  83% (16423/19786)
[13.305s] Resolving deltas:  84% (16621/19786)
[13.333s] Resolving deltas:  85% (16819/19786)
[13.371s] Resolving deltas:  86% (17016/19786)
[13.409s] Resolving deltas:  87% (17214/19786)
[13.414s] Resolving deltas:  88% (17412/19786)
[13.435s] Resolving deltas:  88% (17437/19786)
[13.463s] Resolving deltas:  89% (17610/19786)
[13.474s] Resolving deltas:  90% (17808/19786)
[13.538s] Resolving deltas:  91% (18006/19786)
[13.594s] Resolving deltas:  92% (18204/19786)
[13.636s] Resolving deltas:  93% (18401/19786)
[13.671s] Resolving deltas:  94% (18599/19786)
[13.693s] Resolving deltas:  95% (18797/19786)
[13.734s] Resolving deltas:  96% (18995/19786)
[13.837s] Resolving deltas:  97% (19193/19786)
[13.876s] Resolving deltas:  98% (19391/19786)
[13.908s] Resolving deltas:  99% (19589/19786)
[13.909s] Resolving deltas: 100% (19786/19786)
[13.909s] Resolving deltas: 100% (19786/19786), done.
[14.898s] HEAD is now at 500f4565 For for ARM32 build when built with __SOFTFP__
[14.900s] Applying diff file "libyuv/0004-CMakeLists.txt-Do-not-enable-NEON-for-armel-armhf.patch"
[14.914s] 
[14.914s] Executing subproject [1mlibyuv[0m method [1mcmake[0m 
[14.915s] 
[14.957s] libyuv| Found CMake: [1m/usr/bin/cmake[0m (3.28.3)
[14.962s] 
[14.962s] | Configuring the build directory with [1mCMake[0m version [1;36m3.28.3[0m
[14.963s] | [1mRunning CMake with:[0m -G Ninja -DCMAKE_INSTALL_PREFIX=/home/isc/tk2_ws/install/libcamera -DCMAKE_POSITION_INDEPENDENT_CODE=ON
[14.963s] | [1m  - build directory:         [0m /home/isc/tk2_ws/build/libcamera/subprojects/libyuv/__CMake_build
[14.964s] | [1m  - source directory:        [0m /home/isc/tk2_ws/src/libcamera/subprojects/libyuv
[14.964s] | [1m  - toolchain file:          [0m /home/isc/tk2_ws/build/libcamera/subprojects/libyuv/__CMake_build/CMakeMesonToolchainFile.cmake
[14.964s] | [1m  - preload file:            [0m /usr/lib/python3/dist-packages/mesonbuild/cmake/data/preload.cmake
[14.965s] | [1m  - trace args:              [0m --trace-expand --trace-format=json-v1 --no-warn-unused-cli --trace-redirect=cmake_trace.txt
[14.965s] | [1m  - disabled policy warnings:[0m [CMP0025, CMP0047, CMP0056, CMP0060, CMP0065, CMP0066, CMP0067, CMP0082, CMP0089, CMP0102]
[14.966s] 
[15.332s] | Put cmake in trace mode, but with variables expanded.
[15.332s] | Put cmake in trace mode and sets the trace output format.
[15.333s] | Not searching for unused variables given on the command line.
[15.333s] | Put cmake in trace mode and redirect trace output to a file instead of stderr.
[15.334s] | Trace will be written to cmake_trace.txt
[15.334s] | -- The C compiler identification is GNU 13.3.0
[15.680s] | -- The CXX compiler identification is GNU 13.3.0
[15.701s] | CMake Warning (dev) at /usr/share/cmake-3.28/Modules/CMakeFindBinUtils.cmake:224 (find_program):
[15.701s] | Policy CMP0126 is not set: set(CACHE) does not remove a normal variable of
[15.702s] | the same name.  Run "cmake --help-policy CMP0126" for policy details.  Use
[15.703s] | the cmake_policy command to set the policy and suppress this warning.
[15.703s] 
[15.704s] | For compatibility with older versions of CMake, normal variable
[15.705s] | "CMAKE_TAPI" will be removed from the current scope.
[15.705s] | Call Stack (most recent call first):
[15.705s] | /usr/share/cmake-3.28/Modules/CMakeDetermineCXXCompiler.cmake:202 (include)
[15.706s] | CMakeLists.txt:6 (project)
[15.706s] | This warning is for project developers.  Use -Wno-dev to suppress it.
[15.707s] 
[15.814s] | -- Detecting C compiler ABI info
[16.177s] | -- Detecting C compiler ABI info - done
[16.295s] | -- Check for working C compiler: /usr/bin/cc - skipped
[16.297s] | -- Detecting C compile features
[16.301s] | -- Detecting C compile features - done
[16.382s] | -- Detecting CXX compiler ABI info
[16.789s] | -- Detecting CXX compiler ABI info - done
[16.911s] | -- Check for working CXX compiler: /usr/bin/c++ - skipped
[16.912s] | -- Detecting CXX compile features
[16.918s] | -- Detecting CXX compile features - done
[16.935s] | -- Performing Test CAN_COMPILE_SME
[17.105s] | -- Performing Test CAN_COMPILE_SME - Failed
[17.480s] | -- Found JPEG: /usr/lib/aarch64-linux-gnu/libjpeg.so (found version "80")
[17.607s] | -- Configuring done (2.6s)
[17.665s] | -- Generating done (0.0s)
[17.714s] | -- Build files have been written to: /home/isc/tk2_ws/build/libcamera/subprojects/libyuv/__CMake_build
[17.730s] 
[17.730s] libyuv| CMake configuration: [1;32mSUCCEEDED[0m
[18.411s] libyuv| CMake project [1mYUV[0m has [1m8[0m build targets.
[18.431s] libyuv| Generated Meson AST: /home/isc/tk2_ws/build/libcamera/subprojects/libyuv/meson.build
[18.434s] libyuv| Project name: [1mYUV[0m
[18.434s] libyuv| Project version: [1mundefined[0m
[18.435s] libyuv| C compiler for the host machine: [1mcc[0m (gcc 13.3.0 "cc (Ubuntu 13.3.0-6ubuntu2~24.04.1) 13.3.0")
[18.435s] libyuv| C linker for the host machine: [1mcc[0m ld.bfd 2.42
[18.436s] libyuv| C++ compiler for the host machine: [1mc++[0m (gcc 13.3.0 "c++ (Ubuntu 13.3.0-6ubuntu2~24.04.1) 13.3.0")
[18.436s] libyuv| C++ linker for the host machine: [1mc++[0m ld.bfd 2.42
[18.497s] libyuv| [1;33mWARNING:[0m extract_all_objects called without setting recursive
[18.498s] libyuv| keyword argument. Meson currently defaults to
[18.498s] libyuv| non-recursive to maintain backward compatibility but
[18.499s] libyuv| the default will be changed in the future.
[18.499s] 
[18.500s] libyuv| [1;33mWARNING:[0m extract_all_objects called without setting recursive
[18.500s] libyuv| keyword argument. Meson currently defaults to
[18.501s] libyuv| non-recursive to maintain backward compatibility but
[18.501s] libyuv| the default will be changed in the future.
[18.502s] 
[18.502s] libyuv| [1;33mWARNING:[0m extract_all_objects called without setting recursive
[18.503s] libyuv| keyword argument. Meson currently defaults to
[18.503s] libyuv| non-recursive to maintain backward compatibility but
[18.503s] libyuv| the default will be changed in the future.
[18.504s] 
[18.513s] libyuv| [1;33mWARNING:[0m extract_all_objects called without setting recursive
[18.514s] libyuv| keyword argument. Meson currently defaults to
[18.514s] libyuv| non-recursive to maintain backward compatibility but
[18.515s] libyuv| the default will be changed in the future.
[18.515s] 
[18.516s] libyuv| [1;33mWARNING:[0m extract_all_objects called without setting recursive
[18.516s] libyuv| keyword argument. Meson currently defaults to
[18.517s] libyuv| non-recursive to maintain backward compatibility but
[18.517s] libyuv| the default will be changed in the future.
[18.518s] 
[18.518s] libyuv| [1;33mWARNING:[0m extract_all_objects called without setting recursive
[18.518s] libyuv| keyword argument. Meson currently defaults to
[18.519s] libyuv| non-recursive to maintain backward compatibility but
[18.519s] libyuv| the default will be changed in the future.
[18.520s] 
[18.535s] libyuv| Build targets in project: [1m36[0m
[18.535s] libyuv| Subproject [1mlibyuv[0m finished.
[18.536s] 
[18.539s] [1;33mWARNING:[0m Build target libyuv-static has no sources. This was never supposed to be allowed but did because of a bug, support will be removed in a future release of Meson
[18.768s] Library [1matomic[0m found: [1;32mYES[0m
[18.774s] Run-time dependency [1mthreads[0m found: [1;32mYES[0m
[18.846s] Run-time dependency [1mlibdw[0m found: [1;31mNO[0m (tried pkgconfig and cmake)
[18.896s] Run-time dependency [1mlibunwind[0m found: [1;31mNO[0m (tried pkgconfig and cmake)
[18.985s] Header "[1mexecinfo.h[0m" has symbol "[1mbacktrace[0m" : [1;32mYES[0m 
[19.213s] Library [1mrt[0m found: [1;32mYES[0m
[19.262s] Run-time dependency [1mlibpisp[0m found: [1;31mNO[0m (tried pkgconfig and cmake)
[19.262s] Looking for a fallback subproject for the dependency [1mlibpisp[0m
[19.270s] Cloning into 'libpisp'...
[20.022s] remote: Enumerating objects: 109, done.[K
[20.024s] remote: Counting objects:   0% (1/109)[K
[20.025s] remote: Counting objects:   1% (2/109)[K
[20.026s] remote: Counting objects:   2% (3/109)[K
[20.026s] remote: Counting objects:   3% (4/109)[K
[20.027s] remote: Counting objects:   4% (5/109)[K
[20.027s] remote: Counting objects:   5% (6/109)[K
[20.028s] remote: Counting objects:   6% (7/109)[K
[20.028s] remote: Counting objects:   7% (8/109)[K
[20.029s] remote: Counting objects:   8% (9/109)[K
[20.029s] remote: Counting objects:   9% (10/109)[K
[20.030s] remote: Counting objects:  10% (11/109)[K
[20.030s] remote: Counting objects:  11% (12/109)[K
[20.031s] remote: Counting objects:  12% (14/109)[K
[20.031s] remote: Counting objects:  13% (15/109)[K
[20.031s] remote: Counting objects:  14% (16/109)[K
[20.032s] remote: Counting objects:  15% (17/109)[K
[20.032s] remote: Counting objects:  16% (18/109)[K
[20.032s] remote: Counting objects:  17% (19/109)[K
[20.033s] remote: Counting objects:  18% (20/109)[K
[20.033s] remote: Counting objects:  19% (21/109)[K
[20.033s] remote: Counting objects:  20% (22/109)[K
[20.034s] remote: Counting objects:  21% (23/109)[K
[20.034s] remote: Counting objects:  22% (24/109)[K
[20.034s] remote: Counting objects:  23% (26/109)[K
[20.035s] remote: Counting objects:  24% (27/109)[K
[20.035s] remote: Counting objects:  25% (28/109)[K
[20.035s] remote: Counting objects:  26% (29/109)[K
[20.036s] remote: Counting objects:  27% (30/109)[K
[20.036s] remote: Counting objects:  28% (31/109)[K
[20.036s] remote: Counting objects:  29% (32/109)[K
[20.037s] remote: Counting objects:  30% (33/109)[K
[20.037s] remote: Counting objects:  31% (34/109)[K
[20.037s] remote: Counting objects:  32% (35/109)[K
[20.038s] remote: Counting objects:  33% (36/109)[K
[20.038s] remote: Counting objects:  34% (38/109)[K
[20.038s] remote: Counting objects:  35% (39/109)[K
[20.039s] remote: Counting objects:  36% (40/109)[K
[20.039s] remote: Counting objects:  37% (41/109)[K
[20.039s] remote: Counting objects:  38% (42/109)[K
[20.040s] remote: Counting objects:  39% (43/109)[K
[20.040s] remote: Counting objects:  40% (44/109)[K
[20.041s] remote: Counting objects:  41% (45/109)[K
[20.041s] remote: Counting objects:  42% (46/109)[K
[20.041s] remote: Counting objects:  43% (47/109)[K
[20.042s] remote: Counting objects:  44% (48/109)[K
[20.042s] remote: Counting objects:  45% (50/109)[K
[20.042s] remote: Counting objects:  46% (51/109)[K
[20.043s] remote: Counting objects:  47% (52/109)[K
[20.043s] remote: Counting objects:  48% (53/109)[K
[20.043s] remote: Counting objects:  49% (54/109)[K
[20.044s] remote: Counting objects:  50% (55/109)[K
[20.044s] remote: Counting objects:  51% (56/109)[K
[20.044s] remote: Counting objects:  52% (57/109)[K
[20.045s] remote: Counting objects:  53% (58/109)[K
[20.045s] remote: Counting objects:  54% (59/109)[K
[20.045s] remote: Counting objects:  55% (60/109)[K
[20.046s] remote: Counting objects:  56% (62/109)[K
[20.046s] remote: Counting objects:  57% (63/109)[K
[20.046s] remote: Counting objects:  58% (64/109)[K
[20.047s] remote: Counting objects:  59% (65/109)[K
[20.047s] remote: Counting objects:  60% (66/109)[K
[20.048s] remote: Counting objects:  61% (67/109)[K
[20.048s] remote: Counting objects:  62% (68/109)[K
[20.048s] remote: Counting objects:  63% (69/109)[K
[20.049s] remote: Counting objects:  64% (70/109)[K
[20.049s] remote: Counting objects:  65% (71/109)[K
[20.049s] remote: Counting objects:  66% (72/109)[K
[20.050s] remote: Counting objects:  67% (74/109)[K
[20.050s] remote: Counting objects:  68% (75/109)[K
[20.051s] remote: Counting objects:  69% (76/109)[K
[20.051s] remote: Counting objects:  70% (77/109)[K
[20.052s] remote: Counting objects:  71% (78/109)[K
[20.053s] remote: Counting objects:  72% (79/109)[K
[20.054s] remote: Counting objects:  73% (80/109)[K
[20.054s] remote: Counting objects:  74% (81/109)[K
[20.055s] remote: Counting objects:  75% (82/109)[K
[20.056s] remote: Counting objects:  76% (83/109)[K
[20.056s] remote: Counting objects:  77% (84/109)[K
[20.056s] remote: Counting objects:  78% (86/109)[K
[20.057s] remote: Counting objects:  79% (87/109)[K
[20.057s] remote: Counting objects:  80% (88/109)[K
[20.057s] remote: Counting objects:  81% (89/109)[K
[20.058s] remote: Counting objects:  82% (90/109)[K
[20.058s] remote: Counting objects:  83% (91/109)[K
[20.058s] remote: Counting objects:  84% (92/109)[K
[20.059s] remote: Counting objects:  85% (93/109)[K
[20.059s] remote: Counting objects:  86% (94/109)[K
[20.059s] remote: Counting objects:  87% (95/109)[K
[20.060s] remote: Counting objects:  88% (96/109)[K
[20.060s] remote: Counting objects:  89% (98/109)[K
[20.061s] remote: Counting objects:  90% (99/109)[K
[20.061s] remote: Counting objects:  91% (100/109)[K
[20.061s] remote: Counting objects:  92% (101/109)[K
[20.062s] remote: Counting objects:  93% (102/109)[K
[20.062s] remote: Counting objects:  94% (103/109)[K
[20.062s] remote: Counting objects:  95% (104/109)[K
[20.063s] remote: Counting objects:  96% (105/109)[K
[20.063s] remote: Counting objects:  97% (106/109)[K
[20.063s] remote: Counting objects:  98% (107/109)[K
[20.064s] remote: Counting objects:  99% (108/109)[K
[20.064s] remote: Counting objects: 100% (109/109)[K
[20.064s] remote: Counting objects: 100% (109/109), done.[K
[20.065s] remote: Compressing objects:   0% (1/102)[K
[20.065s] remote: Compressing objects:   1% (2/102)[K
[20.065s] remote: Compressing objects:   2% (3/102)[K
[20.066s] remote: Compressing objects:   3% (4/102)[K
[20.066s] remote: Compressing objects:   4% (5/102)[K
[20.066s] remote: Compressing objects:   5% (6/102)[K
[20.067s] remote: Compressing objects:   6% (7/102)[K
[20.067s] remote: Compressing objects:   7% (8/102)[K
[20.067s] remote: Compressing objects:   8% (9/102)[K
[20.067s] remote: Compressing objects:   9% (10/102)[K
[20.068s] remote: Compressing objects:  10% (11/102)[K
[20.068s] remote: Compressing objects:  11% (12/102)[K
[20.069s] remote: Compressing objects:  12% (13/102)[K
[20.069s] remote: Compressing objects:  13% (14/102)[K
[20.069s] remote: Compressing objects:  14% (15/102)[K
[20.070s] remote: Compressing objects:  15% (16/102)[K
[20.070s] remote: Compressing objects:  16% (17/102)[K
[20.070s] remote: Compressing objects:  17% (18/102)[K
[20.071s] remote: Compressing objects:  18% (19/102)[K
[20.071s] remote: Compressing objects:  19% (20/102)[K
[20.071s] remote: Compressing objects:  20% (21/102)[K
[20.072s] remote: Compressing objects:  21% (22/102)[K
[20.072s] remote: Compressing objects:  22% (23/102)[K
[20.072s] remote: Compressing objects:  23% (24/102)[K
[20.072s] remote: Compressing objects:  24% (25/102)[K
[20.073s] remote: Compressing objects:  25% (26/102)[K
[20.073s] remote: Compressing objects:  26% (27/102)[K
[20.073s] remote: Compressing objects:  27% (28/102)[K
[20.074s] remote: Compressing objects:  28% (29/102)[K
[20.074s] remote: Compressing objects:  29% (30/102)[K
[20.074s] remote: Compressing objects:  30% (31/102)[K
[20.075s] remote: Compressing objects:  31% (32/102)[K
[20.075s] remote: Compressing objects:  32% (33/102)[K
[20.076s] remote: Compressing objects:  33% (34/102)[K
[20.076s] remote: Compressing objects:  34% (35/102)[K
[20.076s] remote: Compressing objects:  35% (36/102)[K
[20.077s] remote: Compressing objects:  36% (37/102)[K
[20.077s] remote: Compressing objects:  37% (38/102)[K
[20.077s] remote: Compressing objects:  38% (39/102)[K
[20.078s] remote: Compressing objects:  39% (40/102)[K
[20.078s] remote: Compressing objects:  40% (41/102)[K
[20.078s] remote: Compressing objects:  41% (42/102)[K
[20.078s] remote: Compressing objects:  42% (43/102)[K
[20.079s] remote: Compressing objects:  43% (44/102)[K
[20.079s] remote: Compressing objects:  44% (45/102)[K
[20.079s] remote: Compressing objects:  45% (46/102)[K
[20.080s] remote: Compressing objects:  46% (47/102)[K
[20.080s] remote: Compressing objects:  47% (48/102)[K
[20.080s] remote: Compressing objects:  48% (49/102)[K
[20.081s] remote: Compressing objects:  49% (50/102)[K
[20.081s] remote: Compressing objects:  50% (51/102)[K
[20.081s] remote: Compressing objects:  51% (53/102)[K
[20.082s] remote: Compressing objects:  52% (54/102)[K
[20.082s] remote: Compressing objects:  53% (55/102)[K
[20.082s] remote: Compressing objects:  54% (56/102)[K
[20.083s] remote: Compressing objects:  55% (57/102)[K
[20.083s] remote: Compressing objects:  56% (58/102)[K
[20.083s] remote: Compressing objects:  57% (59/102)[K
[20.084s] remote: Compressing objects:  58% (60/102)[K
[20.084s] remote: Compressing objects:  59% (61/102)[K
[20.084s] remote: Compressing objects:  60% (62/102)[K
[20.085s] remote: Compressing objects:  61% (63/102)[K
[20.085s] remote: Compressing objects:  62% (64/102)[K
[20.086s] remote: Compressing objects:  63% (65/102)[K
[20.086s] remote: Compressing objects:  64% (66/102)[K
[20.086s] remote: Compressing objects:  65% (67/102)[K
[20.087s] remote: Compressing objects:  66% (68/102)[K
[20.087s] remote: Compressing objects:  67% (69/102)[K
[20.087s] remote: Compressing objects:  68% (70/102)[K
[20.088s] remote: Compressing objects:  69% (71/102)[K
[20.088s] remote: Compressing objects:  70% (72/102)[K
[20.088s] remote: Compressing objects:  71% (73/102)[K
[20.089s] remote: Compressing objects:  72% (74/102)[K
[20.089s] remote: Compressing objects:  73% (75/102)[K
[20.089s] remote: Compressing objects:  74% (76/102)[K
[20.090s] remote: Compressing objects:  75% (77/102)[K
[20.090s] remote: Compressing objects:  76% (78/102)[K
[20.090s] remote: Compressing objects:  77% (79/102)[K
[20.091s] remote: Compressing objects:  78% (80/102)[K
[20.091s] remote: Compressing objects:  79% (81/102)[K
[20.092s] remote: Compressing objects:  80% (82/102)[K
[20.092s] remote: Compressing objects:  81% (83/102)[K
[20.093s] remote: Compressing objects:  82% (84/102)[K
[20.093s] remote: Compressing objects:  83% (85/102)[K
[20.094s] remote: Compressing objects:  84% (86/102)[K
[20.095s] remote: Compressing objects:  85% (87/102)[K
[20.095s] remote: Compressing objects:  86% (88/102)[K
[20.096s] remote: Compressing objects:  87% (89/102)[K
[20.097s] remote: Compressing objects:  88% (90/102)[K
[20.097s] remote: Compressing objects:  89% (91/102)[K
[20.098s] remote: Compressing objects:  90% (92/102)[K
[20.098s] remote: Compressing objects:  91% (93/102)[K
[20.099s] remote: Compressing objects:  92% (94/102)[K
[20.100s] remote: Compressing objects:  93% (95/102)[K
[20.100s] remote: Compressing objects:  94% (96/102)[K
[20.101s] remote: Compressing objects:  95% (97/102)[K
[20.101s] remote: Compressing objects:  96% (98/102)[K
[20.101s] remote: Compressing objects:  97% (99/102)[K
[20.102s] remote: Compressing objects:  98% (100/102)[K
[20.102s] remote: Compressing objects:  99% (101/102)[K
[20.102s] remote: Compressing objects: 100% (102/102)[K
[20.103s] remote: Compressing objects: 100% (102/102), done.[K
[20.103s] Receiving objects:   0% (1/109)
[20.104s] Receiving objects:   1% (2/109)
[20.104s] Receiving objects:   2% (3/109)
[20.104s] Receiving objects:   3% (4/109)
[20.105s] Receiving objects:   4% (5/109)
[20.105s] Receiving objects:   5% (6/109)
[20.105s] Receiving objects:   6% (7/109)
[20.106s] Receiving objects:   7% (8/109)
[20.106s] Receiving objects:   8% (9/109)
[20.106s] Receiving objects:   9% (10/109)
[20.107s] Receiving objects:  10% (11/109)
[20.107s] Receiving objects:  11% (12/109)
[20.107s] Receiving objects:  12% (14/109)
[20.108s] Receiving objects:  13% (15/109)
[20.108s] Receiving objects:  14% (16/109)
[20.108s] Receiving objects:  15% (17/109)
[20.109s] Receiving objects:  16% (18/109)
[20.109s] Receiving objects:  17% (19/109)
[20.109s] Receiving objects:  18% (20/109)
[20.110s] Receiving objects:  19% (21/109)
[20.110s] Receiving objects:  20% (22/109)
[20.110s] Receiving objects:  21% (23/109)
[20.111s] Receiving objects:  22% (24/109)
[20.111s] Receiving objects:  23% (26/109)
[20.111s] Receiving objects:  24% (27/109)
[20.112s] Receiving objects:  25% (28/109)
[20.112s] Receiving objects:  26% (29/109)
[20.112s] Receiving objects:  27% (30/109)
[20.113s] Receiving objects:  28% (31/109)
[20.113s] Receiving objects:  29% (32/109)
[20.113s] Receiving objects:  30% (33/109)
[20.114s] Receiving objects:  31% (34/109)
[20.114s] Receiving objects:  32% (35/109)
[20.114s] Receiving objects:  33% (36/109)
[20.115s] Receiving objects:  34% (38/109)
[20.115s] Receiving objects:  35% (39/109)
[20.115s] Receiving objects:  36% (40/109)
[20.116s] Receiving objects:  37% (41/109)
[20.116s] Receiving objects:  38% (42/109)
[20.116s] Receiving objects:  39% (43/109)
[20.117s] Receiving objects:  40% (44/109)
[20.117s] Receiving objects:  41% (45/109)
[20.117s] Receiving objects:  42% (46/109)
[20.118s] Receiving objects:  43% (47/109)
[20.118s] Receiving objects:  44% (48/109)
[20.119s] Receiving objects:  45% (50/109)
[20.119s] Receiving objects:  46% (51/109)
[20.119s] Receiving objects:  47% (52/109)
[20.120s] Receiving objects:  48% (53/109)
[20.120s] Receiving objects:  49% (54/109)
[20.120s] Receiving objects:  50% (55/109)
[20.121s] Receiving objects:  51% (56/109)
[20.121s] Receiving objects:  52% (57/109)
[20.133s] Receiving objects:  53% (58/109)
[20.139s] Receiving objects:  54% (59/109)
[20.141s] Receiving objects:  55% (60/109)
[20.142s] Receiving objects:  56% (62/109)
[20.143s] Receiving objects:  57% (63/109)
[20.143s] Receiving objects:  58% (64/109)
[20.144s] Receiving objects:  59% (65/109)
[20.145s] Receiving objects:  60% (66/109)
[20.145s] Receiving objects:  61% (67/109)
[20.146s] Receiving objects:  62% (68/109)
[20.146s] Receiving objects:  63% (69/109)
[20.147s] Receiving objects:  64% (70/109)
[20.147s] Receiving objects:  65% (71/109)
[20.147s] Receiving objects:  66% (72/109)
[20.148s] Receiving objects:  67% (74/109)
[20.148s] Receiving objects:  68% (75/109)
[20.148s] Receiving objects:  69% (76/109)
[20.156s] Receiving objects:  70% (77/109)
[20.156s] Receiving objects:  71% (78/109)
[20.156s] Receiving objects:  72% (79/109)
[20.157s] Receiving objects:  73% (80/109)
[20.157s] Receiving objects:  74% (81/109)
[20.158s] Receiving objects:  75% (82/109)
[20.158s] Receiving objects:  76% (83/109)
[20.160s] Receiving objects:  77% (84/109)
[20.160s] remote: Total 109 (delta 5), reused 75 (delta 4), pack-reused 0 (from 0)[K
[20.161s] Receiving objects:  78% (86/109)
[20.161s] Receiving objects:  79% (87/109)
[20.162s] Receiving objects:  80% (88/109)
[20.162s] Receiving objects:  81% (89/109)
[20.163s] Receiving objects:  82% (90/109)
[20.164s] Receiving objects:  83% (91/109)
[20.164s] Receiving objects:  84% (92/109)
[20.165s] Receiving objects:  85% (93/109)
[20.166s] Receiving objects:  86% (94/109)
[20.166s] Receiving objects:  87% (95/109)
[20.167s] Receiving objects:  88% (96/109)
[20.168s] Receiving objects:  89% (98/109)
[20.168s] Receiving objects:  90% (99/109)
[20.169s] Receiving objects:  91% (100/109)
[20.170s] Receiving objects:  92% (101/109)
[20.170s] Receiving objects:  93% (102/109)
[20.171s] Receiving objects:  94% (103/109)
[20.172s] Receiving objects:  95% (104/109)
[20.172s] Receiving objects:  96% (105/109)
[20.173s] Receiving objects:  97% (106/109)
[20.173s] Receiving objects:  98% (107/109)
[20.174s] Receiving objects:  99% (108/109)
[20.174s] Receiving objects: 100% (109/109)
[20.175s] Receiving objects: 100% (109/109), 128.73 KiB | 1.38 MiB/s, done.
[20.175s] Resolving deltas:   0% (0/5)
[20.175s] Resolving deltas:  20% (1/5)
[20.176s] Resolving deltas:  40% (2/5)
[20.176s] Resolving deltas:  60% (3/5)
[20.177s] Resolving deltas:  80% (4/5)
[20.177s] Resolving deltas: 100% (5/5)
[20.177s] Resolving deltas: 100% (5/5), done.
[20.215s] 
[20.216s] Executing subproject [1mlibpisp[0m 
[20.216s] 
[20.230s] libpisp| Project name: [1mlibpisp[0m
[20.231s] libpisp| Project version: [1m1.5.0[0m
[20.232s] libpisp| C compiler for the host machine: [1mcc[0m (gcc 13.3.0 "cc (Ubuntu 13.3.0-6ubuntu2~24.04.1) 13.3.0")
[20.232s] libpisp| C linker for the host machine: [1mcc[0m ld.bfd 2.42
[20.233s] libpisp| C++ compiler for the host machine: [1mc++[0m (gcc 13.3.0 "c++ (Ubuntu 13.3.0-6ubuntu2~24.04.1) 13.3.0")
[20.233s] libpisp| C++ linker for the host machine: [1mc++[0m ld.bfd 2.42
[20.282s] libpisp| Configuring [1mpisp_build_config.h[0m using configuration
[20.350s] libpisp| Run-time dependency [1mnlohmann_json[0m found: [1;31mNO[0m (tried pkgconfig and cmake)
[20.351s] libpisp| Looking for a fallback subproject for the dependency [1mnlohmann_json[0m
[20.351s] libpisp| Using [1msubprojects/libpisp/subprojects/nlohmann_json.wrap[0m
[20.352s] libpisp| Downloading [1mnlohmann_json[0m source from [1mhttps://github.com/nlohmann/json/releases/download/v3.12.0/include.zip[0m
[23.016s] Download size: 309160
[23.067s] Downloading: ..........
[23.117s] 
[23.118s] Executing subproject [1mlibpisp:nlohmann_json[0m
[23.118s] 
[23.124s] nlohmann_json| Project name: [1mnlohmann_json[0m
[23.125s] nlohmann_json| Project version: [1m3.12.0[0m
[23.126s] nlohmann_json| C++ compiler for the host machine: [1mc++[0m (gcc 13.3.0 "c++ (Ubuntu 13.3.0-6ubuntu2~24.04.1) 13.3.0")
[23.126s] nlohmann_json| C++ linker for the host machine: [1mc++[0m ld.bfd 2.42
[23.131s] nlohmann_json| Build targets in project: [1m46[0m
[23.132s] nlohmann_json| Subproject [1mnlohmann_json[0m finished.
[23.133s] 
[23.134s] libpisp| Dependency [1mnlohmann_json[0m from subproject [1msubprojects/nlohmann_json-3.12.0[0m found: [1;32mYES[0m [36m3.12.0[0m
[23.134s] libpisp| Dependency [1mthreads[0m found: [1;32mYES[0m [36munknown[0m [1;34m(cached)[0m
[23.302s] libpisp| Library [1mdl[0m found: [1;32mYES[0m
[23.607s] libpisp| Run-time dependency [1mBoost[0m (found: log, log_setup, system, thread) found: [1;32mYES[0m [36m1.83.0[0m (/usr)
[23.643s] libpisp| Dependency [1mgstreamer-1.0[0m skipped: feature [1mgstreamer[0m disabled
[23.644s] libpisp| Dependency [1mgstreamer-base-1.0[0m skipped: feature [1mgstreamer[0m disabled
[23.645s] libpisp| Dependency [1mgstreamer-video-1.0[0m skipped: feature [1mgstreamer[0m disabled
[23.646s] libpisp| Dependency [1mgstreamer-allocators-1.0[0m skipped: feature [1mgstreamer[0m disabled
[23.647s] libpisp| Build targets in project: [1m48[0m
[23.648s] libpisp| Subproject [1mlibpisp[0m finished.
[23.648s] 
[23.649s] Dependency [1mlibpisp[0m from subproject [1msubprojects/libpisp[0m found: [1;32mYES[0m [36m1.5.0[0m
[23.744s] Run-time dependency [1megl[0m found: [1;32mYES[0m [36m1.5[0m
[23.776s] Run-time dependency [1mglesv2[0m found: [1;32mYES[0m [36m3.2[0m
[23.860s] Check usable header "[1mEGL/egl.h[0m" with dependency egl: [1;32mYES[0m 
[24.100s] Run-time dependency [1mdl[0m found: [1;32mYES[0m
[24.132s] Run-time dependency [1mlibudev[0m found: [1;32mYES[0m [36m255[0m
[24.160s] Run-time dependency [1myaml-0.1[0m found: [1;32mYES[0m [36m0.2.5[0m
[24.741s] Run-time dependency [1mgnutls[0m found: [1;31mNO[0m (tried pkgconfig and cmake)
[24.773s] Run-time dependency [1mlibcrypto[0m found: [1;32mYES[0m [36m3.0.13[0m
[24.846s] Header "[1muchar.h[0m" has symbol "[1mmbrtoc16[0m" skipped: feature [1mandroid[0m disabled
[25.061s] Run-time dependency [1mtensorflow-lite[0m found: [1;31mNO[0m (tried pkgconfig and cmake)
[25.312s] Run-time dependency [1mlibevent_pthreads[0m found: [1;32mYES[0m [36m2.1.12-stable[0m
[25.348s] Run-time dependency [1mlibtiff-4[0m found: [1;32mYES[0m [36m4.5.1[0m
[25.408s] Run-time dependency [1mGTest[0m found: [1;32mYES[0m [36m1.14.0[0m
[25.467s] Run-time dependency [1mlibdrm[0m found: [1;32mYES[0m [36m2.4.125[0m
[25.501s] Run-time dependency [1msdl2[0m found: [1;32mYES[0m [36m2.30.0[0m
[25.503s] Dependency [1mlibjpeg[0m found: [1;32mYES[0m [36m2.1.5[0m [1;34m(cached)[0m
[25.571s] Run-time dependency [1mqt6[0m (modules: Core, Gui, OpenGL, OpenGLWidgets, Widgets) found: [1;31mNO[0m (tried pkgconfig)
[25.624s] Run-time dependency [1mglib-2.0[0m found: [1;32mYES[0m [36m2.80.0[0m
[25.671s] Run-time dependency [1mgstreamer-video-1.0[0m found: [1;31mNO[0m (tried pkgconfig and cmake)
[25.716s] Run-time dependency [1mgstreamer-allocators-1.0[0m found: [1;31mNO[0m (tried pkgconfig and cmake)
[25.854s] Program python3 found: [1;32mYES[0m (/usr/bin/python3)
[25.885s] Run-time dependency [1mpybind11[0m found: [1;32mYES[0m [36m2.11.1[0m
[25.943s] Run-time dependency [1mpython[0m found: [1;32mYES[0m [36m3.12[0m
[25.992s] Configuring [1mlibcamerify[0m using configuration
[26.025s] Program [1mdoxygen[0m found: [1;31mNO[0m
[26.028s] Program [1mdot[0m found: [1;32mYES[0m (/usr/bin/dot)
[26.030s] Program [1msphinx-build-3 sphinx-build[0m found: [1;31mNO[0m
[26.077s] Configuring [1mconfig.h[0m using configuration
[27.341s] 
[27.343s] ../../src/libcamera/meson.build:291:8: [1;31mERROR:[0m Problem encountered: Python module 'ply' not found
[27.344s] 
[27.345s] A full log can be found at [1m/home/isc/tk2_ws/build/libcamera/meson-logs/meson-log.txt[0m
[27.666s] Invoked command in '/home/isc/tk2_ws/build/libcamera' returned '1': /usr/bin/meson setup --libdir=lib --prefix=/home/isc/tk2_ws/install/libcamera --buildtype=release /home/isc/tk2_ws/build/libcamera /home/isc/tk2_ws/src/libcamera
