[0.092s] Invoking command in '/home/isc/tk2_ws/build/rplidar_ros': CMAKE_PREFIX_PATH=${CMAKE_PREFIX_PATH}:/opt/ros/jazzy /usr/bin/cmake --build /home/isc/tk2_ws/build/rplidar_ros -- -j4 -l4
[0.483s] [  5%] Built target rplidar_client
[0.499s] [ 52%] Built target rplidar_composition
[0.521s] [100%] Built target rplidar_node
[0.599s] Invoked command in '/home/isc/tk2_ws/build/rplidar_ros' returned '0': CMAKE_PREFIX_PATH=${CMAKE_PREFIX_PATH}:/opt/ros/jazzy /usr/bin/cmake --build /home/isc/tk2_ws/build/rplidar_ros -- -j4 -l4
[0.662s] Invoking command in '/home/isc/tk2_ws/build/rplidar_ros': CMAKE_PREFIX_PATH=${CMAKE_PREFIX_PATH}:/opt/ros/jazzy /usr/bin/cmake --install /home/isc/tk2_ws/build/rplidar_ros
[0.717s] -- Install configuration: ""
[0.720s] -- Execute custom install script
[0.723s] -- Up-to-date symlink: /home/isc/tk2_ws/install/rplidar_ros/share/rplidar_ros/launch/rplidar_a1_launch.py
[0.724s] -- Up-to-date symlink: /home/isc/tk2_ws/install/rplidar_ros/share/rplidar_ros/launch/rplidar_a2m12_launch.py
[0.725s] -- Up-to-date symlink: /home/isc/tk2_ws/install/rplidar_ros/share/rplidar_ros/launch/rplidar_a2m7_launch.py
[0.727s] -- Up-to-date symlink: /home/isc/tk2_ws/install/rplidar_ros/share/rplidar_ros/launch/rplidar_a2m8_launch.py
[0.727s] -- Up-to-date symlink: /home/isc/tk2_ws/install/rplidar_ros/share/rplidar_ros/launch/rplidar_a3_launch.py
[0.728s] -- Up-to-date symlink: /home/isc/tk2_ws/install/rplidar_ros/share/rplidar_ros/launch/rplidar_c1_launch.py
[0.729s] -- Up-to-date symlink: /home/isc/tk2_ws/install/rplidar_ros/share/rplidar_ros/launch/rplidar_s1_launch.py
[0.730s] -- Up-to-date symlink: /home/isc/tk2_ws/install/rplidar_ros/share/rplidar_ros/launch/rplidar_s1_tcp_launch.py
[0.731s] -- Up-to-date symlink: /home/isc/tk2_ws/install/rplidar_ros/share/rplidar_ros/launch/rplidar_s2_launch.py
[0.732s] -- Up-to-date symlink: /home/isc/tk2_ws/install/rplidar_ros/share/rplidar_ros/launch/rplidar_s2e_launch.py
[0.733s] -- Up-to-date symlink: /home/isc/tk2_ws/install/rplidar_ros/share/rplidar_ros/launch/rplidar_s3_launch.py
[0.734s] -- Up-to-date symlink: /home/isc/tk2_ws/install/rplidar_ros/share/rplidar_ros/launch/rplidar_t1_launch.py
[0.736s] -- Up-to-date symlink: /home/isc/tk2_ws/install/rplidar_ros/share/rplidar_ros/launch/view_rplidar_a1_launch.py
[0.737s] -- Up-to-date symlink: /home/isc/tk2_ws/install/rplidar_ros/share/rplidar_ros/launch/view_rplidar_a2m12_launch.py
[0.737s] -- Up-to-date symlink: /home/isc/tk2_ws/install/rplidar_ros/share/rplidar_ros/launch/view_rplidar_a2m7_launch.py
[0.738s] -- Up-to-date symlink: /home/isc/tk2_ws/install/rplidar_ros/share/rplidar_ros/launch/view_rplidar_a2m8_launch.py
[0.739s] -- Up-to-date symlink: /home/isc/tk2_ws/install/rplidar_ros/share/rplidar_ros/launch/view_rplidar_a3_launch.py
[0.740s] -- Up-to-date symlink: /home/isc/tk2_ws/install/rplidar_ros/share/rplidar_ros/launch/view_rplidar_c1_launch.py
[0.742s] -- Up-to-date symlink: /home/isc/tk2_ws/install/rplidar_ros/share/rplidar_ros/launch/view_rplidar_s1_launch.py
[0.743s] -- Up-to-date symlink: /home/isc/tk2_ws/install/rplidar_ros/share/rplidar_ros/launch/view_rplidar_s1_tcp_launch.py
[0.744s] -- Up-to-date symlink: /home/isc/tk2_ws/install/rplidar_ros/share/rplidar_ros/launch/view_rplidar_s2_launch.py
[0.745s] -- Up-to-date symlink: /home/isc/tk2_ws/install/rplidar_ros/share/rplidar_ros/launch/view_rplidar_s2e_launch.py
[0.746s] -- Up-to-date symlink: /home/isc/tk2_ws/install/rplidar_ros/share/rplidar_ros/launch/view_rplidar_s3_launch.py
[0.747s] -- Up-to-date symlink: /home/isc/tk2_ws/install/rplidar_ros/share/rplidar_ros/launch/view_rplidar_t1_launch.py
[0.747s] -- Up-to-date symlink: /home/isc/tk2_ws/install/rplidar_ros/share/rplidar_ros/rviz/rplidar_ros.rviz
[0.748s] -- Up-to-date symlink: /home/isc/tk2_ws/install/rplidar_ros/lib/rplidar_ros/rplidar_node
[0.750s] -- Up-to-date symlink: /home/isc/tk2_ws/install/rplidar_ros/lib/rplidar_ros/rplidar_composition
[0.751s] -- Up-to-date symlink: /home/isc/tk2_ws/install/rplidar_ros/lib/rplidar_ros/rplidar_client
[0.752s] -- Up-to-date symlink: /home/isc/tk2_ws/install/rplidar_ros/share/ament_index/resource_index/package_run_dependencies/rplidar_ros
[0.754s] -- Up-to-date symlink: /home/isc/tk2_ws/install/rplidar_ros/share/ament_index/resource_index/parent_prefix_path/rplidar_ros
[0.755s] -- Up-to-date symlink: /home/isc/tk2_ws/install/rplidar_ros/share/rplidar_ros/environment/ament_prefix_path.sh
[0.756s] -- Up-to-date symlink: /home/isc/tk2_ws/install/rplidar_ros/share/rplidar_ros/environment/ament_prefix_path.dsv
[0.758s] -- Up-to-date symlink: /home/isc/tk2_ws/install/rplidar_ros/share/rplidar_ros/environment/path.sh
[0.759s] -- Up-to-date symlink: /home/isc/tk2_ws/install/rplidar_ros/share/rplidar_ros/environment/path.dsv
[0.760s] -- Up-to-date symlink: /home/isc/tk2_ws/install/rplidar_ros/share/rplidar_ros/local_setup.bash
[0.761s] -- Up-to-date symlink: /home/isc/tk2_ws/install/rplidar_ros/share/rplidar_ros/local_setup.sh
[0.762s] -- Up-to-date symlink: /home/isc/tk2_ws/install/rplidar_ros/share/rplidar_ros/local_setup.zsh
[0.764s] -- Up-to-date symlink: /home/isc/tk2_ws/install/rplidar_ros/share/rplidar_ros/local_setup.dsv
[0.765s] -- Symlinking: /home/isc/tk2_ws/install/rplidar_ros/share/rplidar_ros/package.dsv
[0.825s] -- Up-to-date symlink: /home/isc/tk2_ws/install/rplidar_ros/share/ament_index/resource_index/packages/rplidar_ros
[0.827s] -- Up-to-date symlink: /home/isc/tk2_ws/install/rplidar_ros/share/rplidar_ros/cmake/ament_cmake_export_dependencies-extras.cmake
[0.828s] -- Up-to-date symlink: /home/isc/tk2_ws/install/rplidar_ros/share/rplidar_ros/cmake/ament_cmake_export_include_directories-extras.cmake
[0.830s] -- Up-to-date symlink: /home/isc/tk2_ws/install/rplidar_ros/share/rplidar_ros/cmake/rplidar_rosConfig.cmake
[0.831s] -- Up-to-date symlink: /home/isc/tk2_ws/install/rplidar_ros/share/rplidar_ros/cmake/rplidar_rosConfig-version.cmake
[0.832s] -- Up-to-date symlink: /home/isc/tk2_ws/install/rplidar_ros/share/rplidar_ros/package.xml
[0.852s] Invoked command in '/home/isc/tk2_ws/build/rplidar_ros' returned '0': CMAKE_PREFIX_PATH=${CMAKE_PREFIX_PATH}:/opt/ros/jazzy /usr/bin/cmake --install /home/isc/tk2_ws/build/rplidar_ros
