[0.446s] DEBUG:colcon:Command line arguments: ['/usr/bin/colcon', 'build', '--symlink-install']
[0.446s] DEBUG:colcon:Parsed command line arguments: Namespace(log_base=None, log_level=None, verb_name='build', build_base='build', install_base='install', merge_install=False, symlink_install=True, test_result_base=None, continue_on_error=False, executor='parallel', parallel_workers=4, event_handlers=None, ignore_user_meta=False, metas=['./colcon.meta'], base_paths=['.'], packages_ignore=None, packages_ignore_regex=None, paths=None, packages_up_to=None, packages_up_to_regex=None, packages_above=None, packages_above_and_dependencies=None, packages_above_depth=None, packages_select_by_dep=None, packages_skip_by_dep=None, packages_skip_up_to=None, packages_select_build_failed=False, packages_skip_build_finished=False, packages_select_test_failures=False, packages_skip_test_passed=False, packages_select=None, packages_skip=None, packages_select_regex=None, packages_skip_regex=None, packages_start=None, packages_end=None, allow_overriding=[], cmake_args=None, cmake_target=None, cmake_target_skip_unavailable=False, cmake_clean_cache=False, cmake_clean_first=False, cmake_force_configure=False, ament_cmake_args=None, catkin_cmake_args=None, catkin_skip_building_tests=False, mixin_files=None, mixin=None, verb_parser=<colcon_mixin.mixin.mixin_argument.MixinArgumentDecorator object at 0xffffae31e7e0>, verb_extension=<colcon_core.verb.build.BuildVerb object at 0xffffae4cf1a0>, main=<bound method BuildVerb.main of <colcon_core.verb.build.BuildVerb object at 0xffffae4cf1a0>>, mixin_verb=('build',))
[0.612s] Level 1:colcon.colcon_core.package_discovery:discover_packages(colcon_meta) check parameters
[0.612s] Level 1:colcon.colcon_core.package_discovery:discover_packages(recursive) check parameters
[0.612s] Level 1:colcon.colcon_core.package_discovery:discover_packages(ignore) check parameters
[0.612s] Level 1:colcon.colcon_core.package_discovery:discover_packages(path) check parameters
[0.613s] Level 1:colcon.colcon_core.package_discovery:discover_packages(colcon_meta) discover
[0.613s] Level 1:colcon.colcon_core.package_discovery:discover_packages(recursive) discover
[0.613s] INFO:colcon.colcon_core.package_discovery:Crawling recursively for packages in '/home/isc/tk2_ws'
[0.613s] Level 1:colcon.colcon_core.package_identification:_identify(.) by extensions ['ignore', 'ignore_ament_install']
[0.614s] Level 1:colcon.colcon_core.package_identification:_identify(.) by extension 'ignore'
[0.614s] Level 1:colcon.colcon_core.package_identification:_identify(.) by extension 'ignore_ament_install'
[0.614s] Level 1:colcon.colcon_core.package_identification:_identify(.) by extensions ['colcon_pkg']
[0.614s] Level 1:colcon.colcon_core.package_identification:_identify(.) by extension 'colcon_pkg'
[0.615s] Level 1:colcon.colcon_core.package_identification:_identify(.) by extensions ['colcon_meta']
[0.615s] Level 1:colcon.colcon_core.package_identification:_identify(.) by extension 'colcon_meta'
[0.615s] Level 1:colcon.colcon_core.package_identification:_identify(.) by extensions ['ros']
[0.615s] Level 1:colcon.colcon_core.package_identification:_identify(.) by extension 'ros'
[0.717s] Level 1:colcon.colcon_core.package_identification:_identify(.) by extensions ['cmake', 'python']
[0.718s] Level 1:colcon.colcon_core.package_identification:_identify(.) by extension 'cmake'
[0.718s] Level 1:colcon.colcon_core.package_identification:_identify(.) by extension 'python'
[0.718s] Level 1:colcon.colcon_core.package_identification:_identify(.) by extensions ['python_setup_py']
[0.718s] Level 1:colcon.colcon_core.package_identification:_identify(.) by extension 'python_setup_py'
[0.719s] Level 1:colcon.colcon_core.package_identification:_identify(build) by extensions ['ignore', 'ignore_ament_install']
[0.719s] Level 1:colcon.colcon_core.package_identification:_identify(build) by extension 'ignore'
[0.719s] Level 1:colcon.colcon_core.package_identification:_identify(build) ignored
[0.720s] Level 1:colcon.colcon_core.package_identification:_identify(install) by extensions ['ignore', 'ignore_ament_install']
[0.720s] Level 1:colcon.colcon_core.package_identification:_identify(install) by extension 'ignore'
[0.720s] Level 1:colcon.colcon_core.package_identification:_identify(install) ignored
[0.721s] Level 1:colcon.colcon_core.package_identification:_identify(log) by extensions ['ignore', 'ignore_ament_install']
[0.721s] Level 1:colcon.colcon_core.package_identification:_identify(log) by extension 'ignore'
[0.721s] Level 1:colcon.colcon_core.package_identification:_identify(log) ignored
[0.721s] Level 1:colcon.colcon_core.package_identification:_identify(src) by extensions ['ignore', 'ignore_ament_install']
[0.722s] Level 1:colcon.colcon_core.package_identification:_identify(src) by extension 'ignore'
[0.722s] Level 1:colcon.colcon_core.package_identification:_identify(src) by extension 'ignore_ament_install'
[0.722s] Level 1:colcon.colcon_core.package_identification:_identify(src) by extensions ['colcon_pkg']
[0.722s] Level 1:colcon.colcon_core.package_identification:_identify(src) by extension 'colcon_pkg'
[0.722s] Level 1:colcon.colcon_core.package_identification:_identify(src) by extensions ['colcon_meta']
[0.722s] Level 1:colcon.colcon_core.package_identification:_identify(src) by extension 'colcon_meta'
[0.723s] Level 1:colcon.colcon_core.package_identification:_identify(src) by extensions ['ros']
[0.723s] Level 1:colcon.colcon_core.package_identification:_identify(src) by extension 'ros'
[0.723s] Level 1:colcon.colcon_core.package_identification:_identify(src) by extensions ['cmake', 'python']
[0.723s] Level 1:colcon.colcon_core.package_identification:_identify(src) by extension 'cmake'
[0.723s] Level 1:colcon.colcon_core.package_identification:_identify(src) by extension 'python'
[0.723s] Level 1:colcon.colcon_core.package_identification:_identify(src) by extensions ['python_setup_py']
[0.724s] Level 1:colcon.colcon_core.package_identification:_identify(src) by extension 'python_setup_py'
[0.724s] Level 1:colcon.colcon_core.package_identification:_identify(src/rplidar_ros) by extensions ['ignore', 'ignore_ament_install']
[0.724s] Level 1:colcon.colcon_core.package_identification:_identify(src/rplidar_ros) by extension 'ignore'
[0.725s] Level 1:colcon.colcon_core.package_identification:_identify(src/rplidar_ros) by extension 'ignore_ament_install'
[0.725s] Level 1:colcon.colcon_core.package_identification:_identify(src/rplidar_ros) by extensions ['colcon_pkg']
[0.725s] Level 1:colcon.colcon_core.package_identification:_identify(src/rplidar_ros) by extension 'colcon_pkg'
[0.725s] Level 1:colcon.colcon_core.package_identification:_identify(src/rplidar_ros) by extensions ['colcon_meta']
[0.725s] Level 1:colcon.colcon_core.package_identification:_identify(src/rplidar_ros) by extension 'colcon_meta'
[0.725s] Level 1:colcon.colcon_core.package_identification:_identify(src/rplidar_ros) by extensions ['ros']
[0.725s] Level 1:colcon.colcon_core.package_identification:_identify(src/rplidar_ros) by extension 'ros'
[0.734s] DEBUG:colcon.colcon_core.package_identification:Package 'src/rplidar_ros' with type 'ros.ament_cmake' and name 'rplidar_ros'
[0.734s] Level 1:colcon.colcon_core.package_discovery:discover_packages(recursive) using defaults
[0.734s] Level 1:colcon.colcon_core.package_discovery:discover_packages(ignore) discover
[0.734s] Level 1:colcon.colcon_core.package_discovery:discover_packages(ignore) using defaults
[0.734s] Level 1:colcon.colcon_core.package_discovery:discover_packages(path) discover
[0.734s] Level 1:colcon.colcon_core.package_discovery:discover_packages(path) using defaults
[0.802s] Level 1:colcon.colcon_core.package_discovery:discover_packages(prefix_path) check parameters
[0.802s] Level 1:colcon.colcon_core.package_discovery:discover_packages(prefix_path) discover
[0.817s] DEBUG:colcon.colcon_installed_package_information.package_discovery:Found 287 installed packages in /opt/ros/jazzy
[0.825s] Level 1:colcon.colcon_core.package_discovery:discover_packages(prefix_path) using defaults
[1.015s] Level 5:colcon.colcon_core.verb:set package 'rplidar_ros' build argument 'cmake_args' from command line to 'None'
[1.015s] Level 5:colcon.colcon_core.verb:set package 'rplidar_ros' build argument 'cmake_target' from command line to 'None'
[1.016s] Level 5:colcon.colcon_core.verb:set package 'rplidar_ros' build argument 'cmake_target_skip_unavailable' from command line to 'False'
[1.016s] Level 5:colcon.colcon_core.verb:set package 'rplidar_ros' build argument 'cmake_clean_cache' from command line to 'False'
[1.016s] Level 5:colcon.colcon_core.verb:set package 'rplidar_ros' build argument 'cmake_clean_first' from command line to 'False'
[1.016s] Level 5:colcon.colcon_core.verb:set package 'rplidar_ros' build argument 'cmake_force_configure' from command line to 'False'
[1.016s] Level 5:colcon.colcon_core.verb:set package 'rplidar_ros' build argument 'ament_cmake_args' from command line to 'None'
[1.016s] Level 5:colcon.colcon_core.verb:set package 'rplidar_ros' build argument 'catkin_cmake_args' from command line to 'None'
[1.016s] Level 5:colcon.colcon_core.verb:set package 'rplidar_ros' build argument 'catkin_skip_building_tests' from command line to 'False'
[1.016s] DEBUG:colcon.colcon_core.verb:Building package 'rplidar_ros' with the following arguments: {'ament_cmake_args': None, 'build_base': '/home/isc/tk2_ws/build/rplidar_ros', 'catkin_cmake_args': None, 'catkin_skip_building_tests': False, 'cmake_args': None, 'cmake_clean_cache': False, 'cmake_clean_first': False, 'cmake_force_configure': False, 'cmake_target': None, 'cmake_target_skip_unavailable': False, 'install_base': '/home/isc/tk2_ws/install/rplidar_ros', 'merge_install': False, 'path': '/home/isc/tk2_ws/src/rplidar_ros', 'symlink_install': True, 'test_result_base': None}
[1.017s] INFO:colcon.colcon_core.executor:Executing jobs using 'parallel' executor
[1.020s] DEBUG:colcon.colcon_parallel_executor.executor.parallel:run_until_complete
[1.020s] INFO:colcon.colcon_ros.task.ament_cmake.build:Building ROS package in '/home/isc/tk2_ws/src/rplidar_ros' with build type 'ament_cmake'
[1.021s] INFO:colcon.colcon_cmake.task.cmake.build:Building CMake package in '/home/isc/tk2_ws/src/rplidar_ros'
[1.029s] INFO:colcon.colcon_core.plugin_system:Skipping extension 'colcon_core.shell.bat': Not used on non-Windows systems
[1.029s] INFO:colcon.colcon_core.shell:Skip shell extension 'powershell' for command environment: Not usable outside of PowerShell
[1.030s] DEBUG:colcon.colcon_core.shell:Skip shell extension 'dsv' for command environment
[1.067s] DEBUG:colcon.colcon_core.event_handler.log_command:Invoking command in '/home/isc/tk2_ws/build/rplidar_ros': CMAKE_PREFIX_PATH=${CMAKE_PREFIX_PATH}:/opt/ros/jazzy /usr/bin/cmake /home/isc/tk2_ws/src/rplidar_ros -DAMENT_CMAKE_SYMLINK_INSTALL=1 -DCMAKE_INSTALL_PREFIX=/home/isc/tk2_ws/install/rplidar_ros
[7.229s] DEBUG:colcon.colcon_core.event_handler.log_command:Invoked command in '/home/isc/tk2_ws/build/rplidar_ros' returned '0': CMAKE_PREFIX_PATH=${CMAKE_PREFIX_PATH}:/opt/ros/jazzy /usr/bin/cmake /home/isc/tk2_ws/src/rplidar_ros -DAMENT_CMAKE_SYMLINK_INSTALL=1 -DCMAKE_INSTALL_PREFIX=/home/isc/tk2_ws/install/rplidar_ros
[7.235s] DEBUG:colcon.colcon_core.event_handler.log_command:Invoking command in '/home/isc/tk2_ws/build/rplidar_ros': CMAKE_PREFIX_PATH=${CMAKE_PREFIX_PATH}:/opt/ros/jazzy /usr/bin/cmake --build /home/isc/tk2_ws/build/rplidar_ros -- -j4 -l4
[67.993s] DEBUG:colcon.colcon_core.event_handler.log_command:Invoked command in '/home/isc/tk2_ws/build/rplidar_ros' returned '0': CMAKE_PREFIX_PATH=${CMAKE_PREFIX_PATH}:/opt/ros/jazzy /usr/bin/cmake --build /home/isc/tk2_ws/build/rplidar_ros -- -j4 -l4
[68.041s] DEBUG:colcon.colcon_core.event_handler.log_command:Invoking command in '/home/isc/tk2_ws/build/rplidar_ros': CMAKE_PREFIX_PATH=${CMAKE_PREFIX_PATH}:/opt/ros/jazzy /usr/bin/cmake --install /home/isc/tk2_ws/build/rplidar_ros
[70.132s] Level 1:colcon.colcon_core.environment:create_environment_scripts_only(rplidar_ros)
[70.134s] DEBUG:colcon.colcon_core.event_handler.log_command:Invoked command in '/home/isc/tk2_ws/build/rplidar_ros' returned '0': CMAKE_PREFIX_PATH=${CMAKE_PREFIX_PATH}:/opt/ros/jazzy /usr/bin/cmake --install /home/isc/tk2_ws/build/rplidar_ros
[70.145s] Level 1:colcon.colcon_core.environment:checking '/home/isc/tk2_ws/install/rplidar_ros' for CMake module files
[70.148s] Level 1:colcon.colcon_core.environment:checking '/home/isc/tk2_ws/install/rplidar_ros' for CMake config files
[70.152s] Level 1:colcon.colcon_core.shell:create_environment_hook('rplidar_ros', 'cmake_prefix_path')
[70.153s] INFO:colcon.colcon_core.shell:Creating environment hook '/home/isc/tk2_ws/install/rplidar_ros/share/rplidar_ros/hook/cmake_prefix_path.ps1'
[70.155s] INFO:colcon.colcon_core.shell:Creating environment descriptor '/home/isc/tk2_ws/install/rplidar_ros/share/rplidar_ros/hook/cmake_prefix_path.dsv'
[70.156s] INFO:colcon.colcon_core.shell:Creating environment hook '/home/isc/tk2_ws/install/rplidar_ros/share/rplidar_ros/hook/cmake_prefix_path.sh'
[70.159s] Level 1:colcon.colcon_core.environment:checking '/home/isc/tk2_ws/install/rplidar_ros/lib'
[70.160s] Level 1:colcon.colcon_core.environment:checking '/home/isc/tk2_ws/install/rplidar_ros/bin'
[70.161s] Level 1:colcon.colcon_core.environment:checking '/home/isc/tk2_ws/install/rplidar_ros/lib/pkgconfig/rplidar_ros.pc'
[70.161s] Level 1:colcon.colcon_core.environment:checking '/home/isc/tk2_ws/install/rplidar_ros/lib/python3.12/site-packages'
[70.163s] Level 1:colcon.colcon_core.environment:checking '/home/isc/tk2_ws/install/rplidar_ros/bin'
[70.164s] INFO:colcon.colcon_core.shell:Creating package script '/home/isc/tk2_ws/install/rplidar_ros/share/rplidar_ros/package.ps1'
[70.167s] INFO:colcon.colcon_core.shell:Creating package descriptor '/home/isc/tk2_ws/install/rplidar_ros/share/rplidar_ros/package.dsv'
[70.169s] INFO:colcon.colcon_core.shell:Creating package script '/home/isc/tk2_ws/install/rplidar_ros/share/rplidar_ros/package.sh'
[70.171s] INFO:colcon.colcon_core.shell:Creating package script '/home/isc/tk2_ws/install/rplidar_ros/share/rplidar_ros/package.bash'
[70.174s] INFO:colcon.colcon_core.shell:Creating package script '/home/isc/tk2_ws/install/rplidar_ros/share/rplidar_ros/package.zsh'
[70.176s] Level 1:colcon.colcon_core.environment:create_file_with_runtime_dependencies(/home/isc/tk2_ws/install/rplidar_ros/share/colcon-core/packages/rplidar_ros)
[70.178s] Level 1:colcon.colcon_core.environment:create_environment_scripts_only(rplidar_ros)
[70.179s] Level 1:colcon.colcon_core.environment:checking '/home/isc/tk2_ws/install/rplidar_ros' for CMake module files
[70.182s] Level 1:colcon.colcon_core.environment:checking '/home/isc/tk2_ws/install/rplidar_ros' for CMake config files
[70.185s] Level 1:colcon.colcon_core.shell:create_environment_hook('rplidar_ros', 'cmake_prefix_path')
[70.186s] INFO:colcon.colcon_core.shell:Creating environment hook '/home/isc/tk2_ws/install/rplidar_ros/share/rplidar_ros/hook/cmake_prefix_path.ps1'
[70.188s] INFO:colcon.colcon_core.shell:Creating environment descriptor '/home/isc/tk2_ws/install/rplidar_ros/share/rplidar_ros/hook/cmake_prefix_path.dsv'
[70.191s] INFO:colcon.colcon_core.shell:Creating environment hook '/home/isc/tk2_ws/install/rplidar_ros/share/rplidar_ros/hook/cmake_prefix_path.sh'
[70.193s] Level 1:colcon.colcon_core.environment:checking '/home/isc/tk2_ws/install/rplidar_ros/lib'
[70.194s] Level 1:colcon.colcon_core.environment:checking '/home/isc/tk2_ws/install/rplidar_ros/bin'
[70.194s] Level 1:colcon.colcon_core.environment:checking '/home/isc/tk2_ws/install/rplidar_ros/lib/pkgconfig/rplidar_ros.pc'
[70.195s] Level 1:colcon.colcon_core.environment:checking '/home/isc/tk2_ws/install/rplidar_ros/lib/python3.12/site-packages'
[70.196s] Level 1:colcon.colcon_core.environment:checking '/home/isc/tk2_ws/install/rplidar_ros/bin'
[70.197s] INFO:colcon.colcon_core.shell:Creating package script '/home/isc/tk2_ws/install/rplidar_ros/share/rplidar_ros/package.ps1'
[70.200s] INFO:colcon.colcon_core.shell:Creating package descriptor '/home/isc/tk2_ws/install/rplidar_ros/share/rplidar_ros/package.dsv'
[70.202s] INFO:colcon.colcon_core.shell:Creating package script '/home/isc/tk2_ws/install/rplidar_ros/share/rplidar_ros/package.sh'
[70.204s] INFO:colcon.colcon_core.shell:Creating package script '/home/isc/tk2_ws/install/rplidar_ros/share/rplidar_ros/package.bash'
[70.207s] INFO:colcon.colcon_core.shell:Creating package script '/home/isc/tk2_ws/install/rplidar_ros/share/rplidar_ros/package.zsh'
[70.209s] Level 1:colcon.colcon_core.environment:create_file_with_runtime_dependencies(/home/isc/tk2_ws/install/rplidar_ros/share/colcon-core/packages/rplidar_ros)
[70.210s] DEBUG:colcon.colcon_parallel_executor.executor.parallel:closing loop
[70.214s] DEBUG:colcon.colcon_parallel_executor.executor.parallel:loop closed
[70.214s] DEBUG:colcon.colcon_parallel_executor.executor.parallel:run_until_complete finished with '0'
[70.214s] DEBUG:colcon.colcon_core.event_reactor:joining thread
[70.220s] DEBUG:colcon.colcon_core.event_reactor:joined thread
[70.221s] INFO:colcon.colcon_core.shell:Creating prefix script '/home/isc/tk2_ws/install/local_setup.ps1'
[70.224s] INFO:colcon.colcon_core.shell:Creating prefix util module '/home/isc/tk2_ws/install/_local_setup_util_ps1.py'
[70.228s] INFO:colcon.colcon_core.shell:Creating prefix chain script '/home/isc/tk2_ws/install/setup.ps1'
[70.232s] INFO:colcon.colcon_core.shell:Creating prefix script '/home/isc/tk2_ws/install/local_setup.sh'
[70.234s] INFO:colcon.colcon_core.shell:Creating prefix util module '/home/isc/tk2_ws/install/_local_setup_util_sh.py'
[70.236s] INFO:colcon.colcon_core.shell:Creating prefix chain script '/home/isc/tk2_ws/install/setup.sh'
[70.239s] INFO:colcon.colcon_core.shell:Creating prefix script '/home/isc/tk2_ws/install/local_setup.bash'
[70.241s] INFO:colcon.colcon_core.shell:Creating prefix chain script '/home/isc/tk2_ws/install/setup.bash'
[70.244s] INFO:colcon.colcon_core.shell:Creating prefix script '/home/isc/tk2_ws/install/local_setup.zsh'
[70.246s] INFO:colcon.colcon_core.shell:Creating prefix chain script '/home/isc/tk2_ws/install/setup.zsh'
