[0.062s] Invoking command in '/home/isc/tk2_ws/build/camera_ros': CMAKE_PREFIX_PATH=${CMAKE_PREFIX_PATH}:/opt/ros/jazzy /usr/bin/cmake /home/isc/tk2_ws/src/camera_ros -DCMAKE_INSTALL_PREFIX=/home/isc/tk2_ws/install/camera_ros
[0.378s] -- The C compiler identification is GNU 13.3.0
[0.682s] -- The CXX compiler identification is GNU 13.3.0
[0.766s] -- Detecting C compiler ABI info
[1.227s] -- Detecting C compiler ABI info - done
[1.262s] -- Check for working C compiler: /usr/bin/cc - skipped
[1.262s] -- Detecting C compile features
[1.264s] -- Detecting C compile features - done
[1.310s] -- Detecting CXX compiler ABI info
[1.813s] -- Detecting CXX compiler ABI info - done
[1.849s] -- Check for working CXX compiler: /usr/bin/c++ - skipped
[1.850s] -- Detecting CXX compile features
[1.852s] -- Detecting CXX compile features - done
[1.881s] -- Found ament_cmake: 2.5.6 (/opt/ros/jazzy/share/ament_cmake/cmake)
[2.605s] -- Found Python3: /usr/bin/python3 (found version "3.12.3") found components: Interpreter 
[3.256s] -- Found PkgConfig: /usr/bin/pkg-config (found version "1.8.1") 
[3.282s] -- Found rclcpp: 28.1.21 (/opt/ros/jazzy/share/rclcpp/cmake)
[3.608s] -- Found rosidl_generator_c: 4.6.9 (/opt/ros/jazzy/share/rosidl_generator_c/cmake)
[3.709s] -- Found rosidl_generator_cpp: 4.6.9 (/opt/ros/jazzy/share/rosidl_generator_cpp/cmake)
[3.819s] -- Using all available rosidl_typesupport_c: rosidl_typesupport_fastrtps_c;rosidl_typesupport_introspection_c
[3.938s] -- Using all available rosidl_typesupport_cpp: rosidl_typesupport_fastrtps_cpp;rosidl_typesupport_introspection_cpp
[4.378s] -- Found rmw_implementation_cmake: 7.3.3 (/opt/ros/jazzy/share/rmw_implementation_cmake/cmake)
[4.415s] -- Found rmw_fastrtps_cpp: 8.4.4 (/opt/ros/jazzy/share/rmw_fastrtps_cpp/cmake)
[4.884s] -- Found OpenSSL: /usr/lib/aarch64-linux-gnu/libcrypto.so (found version "3.0.13")  
[4.977s] -- Found FastRTPS: /opt/ros/jazzy/include (Required is at least version "2.13") 
[5.070s] -- Using RMW implementation 'rmw_fastrtps_cpp' as default
[5.455s] -- Found rclcpp_components: 28.1.21 (/opt/ros/jazzy/share/rclcpp_components/cmake)
[5.693s] -- Found sensor_msgs: 5.3.8 (/opt/ros/jazzy/share/sensor_msgs/cmake)
[5.952s] -- Found diagnostic_msgs: 5.3.8 (/opt/ros/jazzy/share/diagnostic_msgs/cmake)
[6.056s] -- Found camera_info_manager: 5.1.8 (/opt/ros/jazzy/share/camera_info_manager/cmake)
[6.112s] -- Setting yaml-cpp_DIR to: '/opt/ros/jazzy/share/yaml_cpp_vendor/cmake/../../../opt/yaml_cpp_vendor/share/cmake/yaml-cpp'
[6.341s] -- Found cv_bridge: 4.1.0 (/opt/ros/jazzy/share/cv_bridge/cmake)
[6.408s] -- Checking for module 'libcamera>=0.1'
[6.456s] --   Package 'libcamera', required by 'virtual:world', not found
[6.457s] [31mCMake Error at /usr/share/cmake-3.28/Modules/FindPkgConfig.cmake:619 (message):
[6.457s]   The following required packages were not found:
[6.457s] 
[6.458s]    - libcamera>=0.1
[6.458s] 
[6.459s] Call Stack (most recent call first):
[6.459s]   /usr/share/cmake-3.28/Modules/FindPkgConfig.cmake:841 (_pkg_check_modules_internal)
[6.460s]   CMakeLists.txt:26 (pkg_check_modules)
[6.460s] 
[6.460s] [0m
[6.461s] -- Configuring incomplete, errors occurred!
[6.502s] Invoked command in '/home/isc/tk2_ws/build/camera_ros' returned '1': CMAKE_PREFIX_PATH=${CMAKE_PREFIX_PATH}:/opt/ros/jazzy /usr/bin/cmake /home/isc/tk2_ws/src/camera_ros -DCMAKE_INSTALL_PREFIX=/home/isc/tk2_ws/install/camera_ros
