[0.064s] Invoking command in '/home/isc/tk2_ws/build/camera_node': CMAKE_PREFIX_PATH=${CMAKE_PREFIX_PATH}:/opt/ros/jazzy /usr/bin/cmake /home/isc/tk2_ws/src/ros2-camera-node -DCMAKE_INSTALL_PREFIX=/home/isc/tk2_ws/install/camera_node
[0.129s] -- Found ament_cmake: 2.5.6 (/opt/ros/jazzy/share/ament_cmake/cmake)
[0.736s] -- Found rclcpp: 28.1.21 (/opt/ros/jazzy/share/rclcpp/cmake)
[0.902s] -- Found rosidl_generator_c: 4.6.9 (/opt/ros/jazzy/share/rosidl_generator_c/cmake)
[0.942s] -- Found rosidl_generator_cpp: 4.6.9 (/opt/ros/jazzy/share/rosidl_generator_cpp/cmake)
[0.990s] -- Using all available rosidl_typesupport_c: rosidl_typesupport_fastrtps_c;rosidl_typesupport_introspection_c
[1.046s] -- Using all available rosidl_typesupport_cpp: rosidl_typesupport_fastrtps_cpp;rosidl_typesupport_introspection_cpp
[1.284s] -- Found rmw_implementation_cmake: 7.3.3 (/opt/ros/jazzy/share/rmw_implementation_cmake/cmake)
[1.290s] -- Found rmw_fastrtps_cpp: 8.4.4 (/opt/ros/jazzy/share/rmw_fastrtps_cpp/cmake)
[1.567s] -- Using RMW implementation 'rmw_fastrtps_cpp' as default
[1.812s] -- Found rclcpp_components: 28.1.21 (/opt/ros/jazzy/share/rclcpp_components/cmake)
[1.908s] -- Found rosidl_default_generators: 1.6.1 (/opt/ros/jazzy/share/rosidl_default_generators/cmake)
[1.958s] -- Found rosidl_adapter: 4.6.9 (/opt/ros/jazzy/share/rosidl_adapter/cmake)
[1.965s] -- Found sensor_msgs: 5.3.8 (/opt/ros/jazzy/share/sensor_msgs/cmake)
[2.306s] [0mgrabthecam not found - building it[0m
[4.463s] -- RapidJSON found. Headers: /usr/include
[5.620s] -- Found ament_cmake_ros: 0.12.1 (/opt/ros/jazzy/share/ament_cmake_ros/cmake)
[6.320s] -- Using all available rosidl_typesupport_c: rosidl_typesupport_fastrtps_c;rosidl_typesupport_introspection_c
[6.592s] -- Using all available rosidl_typesupport_cpp: rosidl_typesupport_fastrtps_cpp;rosidl_typesupport_introspection_cpp
[6.597s] -- Found python_cmake_module: 0.11.1 (/opt/ros/jazzy/share/python_cmake_module/cmake)
[7.798s] -- Found Python3: /usr/bin/python3 (found version "3.12.3") found components: Interpreter Development NumPy Development.Module Development.Embed 
[7.981s] -- Found Python3: /usr/bin/python3 (found version "3.12.3") found components: Interpreter 
[8.148s] [31mCMake Error at CMakeLists.txt:98 (find_package):
[8.148s]   By not providing "Findament_cmake_clang_format.cmake" in CMAKE_MODULE_PATH
[8.149s]   this project has asked CMake to find a package configuration file provided
[8.149s]   by "ament_cmake_clang_format", but CMake did not find one.
[8.150s] 
[8.150s]   Could not find a package configuration file provided by
[8.150s]   "ament_cmake_clang_format" with any of the following names:
[8.151s] 
[8.151s]     ament_cmake_clang_formatConfig.cmake
[8.151s]     ament_cmake_clang_format-config.cmake
[8.152s] 
[8.152s]   Add the installation prefix of "ament_cmake_clang_format" to
[8.153s]   CMAKE_PREFIX_PATH or set "ament_cmake_clang_format_DIR" to a directory
[8.153s]   containing one of the above files.  If "ament_cmake_clang_format" provides
[8.153s]   a separate development package or SDK, be sure it has been installed.
[8.154s] 
[8.154s] [0m
[8.154s] -- Configuring incomplete, errors occurred!
[8.200s] Invoked command in '/home/isc/tk2_ws/build/camera_node' returned '1': CMAKE_PREFIX_PATH=${CMAKE_PREFIX_PATH}:/opt/ros/jazzy /usr/bin/cmake /home/isc/tk2_ws/src/ros2-camera-node -DCMAKE_INSTALL_PREFIX=/home/isc/tk2_ws/install/camera_node
