-- Found ament_cmake: 2.5.6 (/opt/ros/jazzy/share/ament_cmake/cmake)
-- Found geometry_msgs: 5.3.8 (/opt/ros/jazzy/share/geometry_msgs/cmake)
-- Found rosidl_generator_c: 4.6.9 (/opt/ros/jazzy/share/rosidl_generator_c/cmake)
-- Found rosidl_generator_cpp: 4.6.9 (/opt/ros/jazzy/share/rosidl_generator_cpp/cmake)
-- Using all available rosidl_typesupport_c: rosidl_typesupport_fastrtps_c;rosidl_typesupport_introspection_c
-- Using all available rosidl_typesupport_cpp: rosidl_typesupport_fastrtps_cpp;rosidl_typesupport_introspection_cpp
-- Found rclcpp: 28.1.21 (/opt/ros/jazzy/share/rclcpp/cmake)
-- Found rmw_implementation_cmake: 7.3.3 (/opt/ros/jazzy/share/rmw_implementation_cmake/cmake)
-- Found rmw_fastrtps_cpp: 8.4.4 (/opt/ros/jazzy/share/rmw_fastrtps_cpp/cmake)
-- Using RMW implementation 'rmw_fastrtps_cpp' as default
-- Found tf2: 0.36.21 (/opt/ros/jazzy/share/tf2/cmake)
-- Found tf2_ros: 0.36.21 (/opt/ros/jazzy/share/tf2_ros/cmake)
-- Found ament_lint_auto: 0.17.5 (/opt/ros/jazzy/share/ament_lint_auto/cmake)
-- Added test 'cppcheck' to perform static code analysis on C / C++ code
-- Configured cppcheck include dirs: 
-- Configured cppcheck exclude dirs and/or files: 
-- Added test 'lint_cmake' to check CMake code style
-- Added test 'uncrustify' to check C / C++ code style
-- Configured uncrustify additional arguments: 
-- Added test 'xmllint' to check XML markup files
-- Configuring done (3.2s)
-- Generating done (0.0s)
-- Build files have been written to: /home/isc/tk2_ws/build/tf2_transforms
[ 50%] [32mBuilding CXX object CMakeFiles/tf2_transforms.dir/src/tinykart_static_tf2.cpp.o[0m
[100%] [32m[1mLinking CXX executable tf2_transforms[0m
[100%] Built target tf2_transforms
-- Install configuration: ""
-- Installing: /home/isc/tk2_ws/install/tf2_transforms/lib/tf2_transforms/tf2_transforms
-- Set non-toolchain portion of runtime path of "/home/isc/tk2_ws/install/tf2_transforms/lib/tf2_transforms/tf2_transforms" to ""
-- Up-to-date: /home/isc/tk2_ws/install/tf2_transforms/share/ament_index/resource_index/package_run_dependencies/tf2_transforms
-- Installing: /home/isc/tk2_ws/install/tf2_transforms/share/ament_index/resource_index/parent_prefix_path/tf2_transforms
-- Up-to-date: /home/isc/tk2_ws/install/tf2_transforms/share/tf2_transforms/environment/ament_prefix_path.sh
-- Up-to-date: /home/isc/tk2_ws/install/tf2_transforms/share/tf2_transforms/environment/ament_prefix_path.dsv
-- Up-to-date: /home/isc/tk2_ws/install/tf2_transforms/share/tf2_transforms/environment/path.sh
-- Up-to-date: /home/isc/tk2_ws/install/tf2_transforms/share/tf2_transforms/environment/path.dsv
-- Up-to-date: /home/isc/tk2_ws/install/tf2_transforms/share/tf2_transforms/local_setup.bash
-- Up-to-date: /home/isc/tk2_ws/install/tf2_transforms/share/tf2_transforms/local_setup.sh
-- Up-to-date: /home/isc/tk2_ws/install/tf2_transforms/share/tf2_transforms/local_setup.zsh
-- Up-to-date: /home/isc/tk2_ws/install/tf2_transforms/share/tf2_transforms/local_setup.dsv
-- Installing: /home/isc/tk2_ws/install/tf2_transforms/share/tf2_transforms/package.dsv
-- Up-to-date: /home/isc/tk2_ws/install/tf2_transforms/share/ament_index/resource_index/packages/tf2_transforms
-- Up-to-date: /home/isc/tk2_ws/install/tf2_transforms/share/tf2_transforms/cmake/tf2_transformsConfig.cmake
-- Up-to-date: /home/isc/tk2_ws/install/tf2_transforms/share/tf2_transforms/cmake/tf2_transformsConfig-version.cmake
-- Up-to-date: /home/isc/tk2_ws/install/tf2_transforms/share/tf2_transforms/package.xml
